Connecting to host 10.0.0.1, port 5316
[  5] local 10.0.0.4 port 47178 connected to 10.0.0.1 port 5316
[ ID] Interval           Transfer     Bitrate         Retr  Cwnd
[  5]   0.00-1.00   sec  6.12 MBytes  51.3 Mbits/sec    0    413 KBytes       
[  5]   1.00-2.00   sec  7.62 MBytes  64.0 Mbits/sec    0    708 KBytes       
[  5]   2.00-3.00   sec  5.38 MBytes  45.1 Mbits/sec    0   1003 KBytes       
[  5]   3.00-4.00   sec  5.50 MBytes  46.1 Mbits/sec    0   1.27 MBytes       
[  5]   4.00-5.00   sec  5.38 MBytes  45.1 Mbits/sec    0   1.34 MBytes       
[  5]   5.00-6.00   sec  5.38 MBytes  45.1 Mbits/sec    0    994 KBytes       
[  5]   6.00-7.00   sec  6.88 MBytes  57.7 Mbits/sec    0    609 KBytes       
[  5]   7.00-8.00   sec  5.38 MBytes  45.1 Mbits/sec    0    655 KBytes       
[  5]   8.00-9.00   sec  5.38 MBytes  45.1 Mbits/sec    0    684 KBytes       
[  5]   9.00-10.00  sec  5.50 MBytes  46.1 Mbits/sec    0    503 KBytes       
[  5]  10.00-11.00  sec  6.75 MBytes  56.6 Mbits/sec    0    266 KBytes       
[  5]  11.00-12.00  sec  4.12 MBytes  34.6 Mbits/sec    0    211 KBytes       
[  5]  12.00-13.00  sec  4.00 MBytes  33.6 Mbits/sec    0    158 KBytes       
[  5]  13.00-14.00  sec  4.12 MBytes  34.6 Mbits/sec    0    177 KBytes       
[  5]  14.00-15.00  sec  4.00 MBytes  33.6 Mbits/sec    0   99.0 KBytes       
[  5]  15.00-16.00  sec  1.38 MBytes  11.5 Mbits/sec    0   84.8 KBytes       
[  5]  16.00-17.00  sec  1.38 MBytes  11.5 Mbits/sec    0    102 KBytes       
[  5]  17.00-18.00  sec  2.75 MBytes  23.1 Mbits/sec    0   89.1 KBytes       
[  5]  18.00-19.00  sec  1.25 MBytes  10.5 Mbits/sec    0    103 KBytes       
[  5]  19.00-20.00  sec  2.75 MBytes  23.1 Mbits/sec    0    122 KBytes       
[  5]  20.00-21.00  sec  2.75 MBytes  23.1 Mbits/sec    0   99.0 KBytes       
[  5]  21.00-22.00  sec  2.62 MBytes  22.0 Mbits/sec    0    120 KBytes       
[  5]  22.00-23.00  sec  2.75 MBytes  23.1 Mbits/sec    0    132 KBytes       
[  5]  23.00-24.00  sec  4.12 MBytes  34.6 Mbits/sec    0    148 KBytes       
[  5]  24.00-25.00  sec  2.62 MBytes  22.0 Mbits/sec    0    165 KBytes       
[  5]  25.00-26.00  sec  4.12 MBytes  34.6 Mbits/sec    0    184 KBytes       
[  5]  26.00-27.00  sec  4.00 MBytes  33.6 Mbits/sec    0    201 KBytes       
[  5]  27.00-28.00  sec  5.50 MBytes  46.1 Mbits/sec    0    218 KBytes       
[  5]  28.00-29.00  sec  4.00 MBytes  33.6 Mbits/sec    0    236 KBytes       
[  5]  29.00-30.00  sec  5.50 MBytes  46.1 Mbits/sec    0    253 KBytes       
- - - - - - - - - - - - - - - - - - - - - - - - -
[ ID] Interval           Transfer     Bitrate         Retr
[  5]   0.00-30.00  sec   129 MBytes  36.1 Mbits/sec    0             sender
[  5]   0.00-30.04  sec   126 MBytes  35.3 Mbits/sec                  receiver

iperf Done.
