Connecting to host 10.0.0.1, port 5468
[  5] local 10.0.0.4 port 45174 connected to 10.0.0.1 port 5468
[ ID] Interval           Transfer     Bitrate         Retr  Cwnd
[  5]   0.00-1.00   sec  7.62 MBytes  63.9 Mbits/sec    0    571 KBytes       
[  5]   1.00-2.00   sec  5.25 MBytes  44.0 Mbits/sec    0    865 KBytes       
[  5]   2.00-3.00   sec  6.75 MBytes  56.6 Mbits/sec    0   1.13 MBytes       
[  5]   3.00-4.00   sec  5.38 MBytes  45.1 Mbits/sec    0   1.42 MBytes       
[  5]   4.00-5.00   sec  5.50 MBytes  46.1 Mbits/sec    0   1.10 MBytes       
[  5]   5.00-6.00   sec  5.38 MBytes  45.1 Mbits/sec    0    588 KBytes       
[  5]   6.00-7.00   sec  6.75 MBytes  56.6 Mbits/sec    0    636 KBytes       
[  5]   7.00-8.00   sec  5.50 MBytes  46.1 Mbits/sec    0    331 KBytes       
[  5]   8.00-9.00   sec  4.00 MBytes  33.5 Mbits/sec    0    184 KBytes       
[  5]   9.00-10.00  sec  4.12 MBytes  34.6 Mbits/sec    0    198 KBytes       
[  5]  10.00-11.00  sec  5.38 MBytes  45.1 Mbits/sec    0    148 KBytes       
[  5]  11.00-12.00  sec  2.75 MBytes  23.1 Mbits/sec    0    182 KBytes       
[  5]  12.00-13.00  sec  5.38 MBytes  45.1 Mbits/sec    0    201 KBytes       
[  5]  13.00-14.00  sec  4.12 MBytes  34.6 Mbits/sec    0    151 KBytes       
[  5]  14.00-15.00  sec  2.75 MBytes  23.1 Mbits/sec    0    167 KBytes       
[  5]  15.00-16.00  sec  4.00 MBytes  33.6 Mbits/sec    0    182 KBytes       
[  5]  16.00-17.00  sec  5.50 MBytes  46.1 Mbits/sec    0    201 KBytes       
[  5]  17.00-18.00  sec  4.00 MBytes  33.6 Mbits/sec    0    218 KBytes       
[  5]  18.00-19.00  sec  5.38 MBytes  45.1 Mbits/sec    0    235 KBytes       
[  5]  19.00-20.00  sec  5.50 MBytes  46.1 Mbits/sec    0    253 KBytes       
[  5]  20.00-21.00  sec  5.38 MBytes  45.1 Mbits/sec    0    270 KBytes       
[  5]  21.00-22.00  sec  5.50 MBytes  46.1 Mbits/sec    0    286 KBytes       
[  5]  22.00-23.00  sec  5.38 MBytes  45.1 Mbits/sec    0    223 KBytes       
[  5]  23.00-24.00  sec  5.38 MBytes  45.1 Mbits/sec    0    259 KBytes       
[  5]  24.00-25.00  sec  5.50 MBytes  46.1 Mbits/sec    0    280 KBytes       
[  5]  25.00-26.00  sec  5.38 MBytes  45.1 Mbits/sec    0    290 KBytes       
[  5]  26.00-27.00  sec  6.75 MBytes  56.6 Mbits/sec    0    294 KBytes       
[  5]  27.00-28.00  sec  5.50 MBytes  46.1 Mbits/sec    0    294 KBytes       
[  5]  28.00-29.00  sec  5.38 MBytes  45.1 Mbits/sec    0    305 KBytes       
[  5]  29.00-30.00  sec  5.50 MBytes  46.1 Mbits/sec    0    320 KBytes       
- - - - - - - - - - - - - - - - - - - - - - - - -
[ ID] Interval           Transfer     Bitrate         Retr
[  5]   0.00-30.00  sec   157 MBytes  43.8 Mbits/sec    0             sender
[  5]   0.00-30.04  sec   154 MBytes  43.0 Mbits/sec                  receiver

iperf Done.
