Connecting to host 10.0.0.1, port 5434
[  5] local 10.0.0.4 port 55088 connected to 10.0.0.1 port 5434
[ ID] Interval           Transfer     Bitrate         Retr  Cwnd
[  5]   0.00-1.00   sec  6.12 MBytes  51.4 Mbits/sec    0    416 KBytes       
[  5]   1.00-2.00   sec  7.75 MBytes  65.0 Mbits/sec    0    710 KBytes       
[  5]   2.00-3.00   sec  5.38 MBytes  45.1 Mbits/sec    0   1005 KBytes       
[  5]   3.00-4.00   sec  5.50 MBytes  46.1 Mbits/sec    0   1.27 MBytes       
[  5]   4.00-5.00   sec  5.38 MBytes  45.1 Mbits/sec    0   1.02 MBytes       
[  5]   5.00-6.00   sec  5.50 MBytes  46.1 Mbits/sec    0    781 KBytes       
[  5]   6.00-7.00   sec  6.75 MBytes  56.7 Mbits/sec    0    831 KBytes       
[  5]   7.00-8.00   sec  5.38 MBytes  45.1 Mbits/sec    0    823 KBytes       
[  5]   8.00-9.00   sec  5.50 MBytes  46.1 Mbits/sec    0    277 KBytes       
[  5]   9.00-10.00  sec  4.00 MBytes  33.6 Mbits/sec    0    175 KBytes       
[  5]  10.00-11.00  sec  4.12 MBytes  34.6 Mbits/sec    0    189 KBytes       
[  5]  11.00-12.00  sec  4.00 MBytes  33.6 Mbits/sec    0    148 KBytes       
[  5]  12.00-13.00  sec  2.75 MBytes  23.1 Mbits/sec    0    164 KBytes       
[  5]  13.00-14.00  sec  4.00 MBytes  33.6 Mbits/sec    0    130 KBytes       
[  5]  14.00-15.00  sec  4.12 MBytes  34.6 Mbits/sec    0    157 KBytes       
[  5]  15.00-16.00  sec  2.75 MBytes  23.1 Mbits/sec    0    126 KBytes       
[  5]  16.00-17.00  sec  2.62 MBytes  22.0 Mbits/sec    0    143 KBytes       
[  5]  17.00-18.00  sec  2.75 MBytes  23.1 Mbits/sec    0    123 KBytes       
[  5]  18.00-19.00  sec  2.75 MBytes  23.1 Mbits/sec    0   96.2 KBytes       
[  5]  19.00-20.00  sec  2.62 MBytes  22.0 Mbits/sec    0    112 KBytes       
[  5]  20.00-21.00  sec  2.75 MBytes  23.1 Mbits/sec    0    129 KBytes       
[  5]  21.00-22.00  sec  2.75 MBytes  23.1 Mbits/sec    0    147 KBytes       
[  5]  22.00-23.00  sec  2.62 MBytes  22.0 Mbits/sec    0    165 KBytes       
[  5]  23.00-24.00  sec  4.12 MBytes  34.6 Mbits/sec    0    182 KBytes       
[  5]  24.00-25.00  sec  5.38 MBytes  45.1 Mbits/sec    0    199 KBytes       
[  5]  25.00-26.00  sec  4.12 MBytes  34.6 Mbits/sec    0    218 KBytes       
[  5]  26.00-27.00  sec  5.38 MBytes  45.1 Mbits/sec    0    235 KBytes       
[  5]  27.00-28.00  sec  5.50 MBytes  46.1 Mbits/sec    0    252 KBytes       
[  5]  28.00-29.00  sec  5.38 MBytes  45.1 Mbits/sec    0    294 KBytes       
[  5]  29.00-30.00  sec  5.38 MBytes  45.1 Mbits/sec    0    385 KBytes       
- - - - - - - - - - - - - - - - - - - - - - - - -
[ ID] Interval           Transfer     Bitrate         Retr
[  5]   0.00-30.00  sec   133 MBytes  37.2 Mbits/sec    0             sender
[  5]   0.00-30.04  sec   130 MBytes  36.4 Mbits/sec                  receiver

iperf Done.
