Connecting to host 10.0.0.1, port 5396
[  5] local 10.0.0.4 port 48490 connected to 10.0.0.1 port 5396
[ ID] Interval           Transfer     Bitrate         Retr  Cwnd
[  5]   0.00-1.00   sec  7.38 MBytes  61.8 Mbits/sec    0    594 KBytes       
[  5]   1.00-2.00   sec  6.75 MBytes  56.6 Mbits/sec    0    888 KBytes       
[  5]   2.00-3.00   sec  5.38 MBytes  45.1 Mbits/sec    0   1.15 MBytes       
[  5]   3.00-4.00   sec  5.38 MBytes  45.1 Mbits/sec    0   1.29 MBytes       
[  5]   4.00-5.00   sec  5.50 MBytes  46.1 Mbits/sec    0    522 KBytes       
[  5]   5.00-6.00   sec  5.38 MBytes  45.1 Mbits/sec    0    561 KBytes       
[  5]   6.00-7.00   sec  6.75 MBytes  56.6 Mbits/sec    0    585 KBytes       
[  5]   7.00-8.00   sec  5.50 MBytes  46.1 Mbits/sec    0    305 KBytes       
[  5]   8.00-9.00   sec  5.38 MBytes  45.1 Mbits/sec    0    338 KBytes       
[  5]   9.00-10.00  sec  5.50 MBytes  46.1 Mbits/sec    0    359 KBytes       
[  5]  10.00-11.00  sec  5.38 MBytes  45.1 Mbits/sec    0    368 KBytes       
[  5]  11.00-12.00  sec  6.75 MBytes  56.6 Mbits/sec    0    370 KBytes       
[  5]  12.00-13.00  sec  5.50 MBytes  46.1 Mbits/sec    0    370 KBytes       
[  5]  13.00-14.00  sec  5.38 MBytes  45.1 Mbits/sec    0    379 KBytes       
[  5]  14.00-15.00  sec  5.38 MBytes  45.1 Mbits/sec    0    390 KBytes       
[  5]  15.00-16.00  sec  6.88 MBytes  57.7 Mbits/sec    0    349 KBytes       
[  5]  16.00-17.00  sec  5.38 MBytes  45.1 Mbits/sec    0    329 KBytes       
[  5]  17.00-18.00  sec  5.38 MBytes  45.1 Mbits/sec    0    257 KBytes       
[  5]  18.00-19.00  sec  5.50 MBytes  46.1 Mbits/sec    0    189 KBytes       
[  5]  19.00-20.00  sec  2.62 MBytes  22.0 Mbits/sec    0    105 KBytes       
[  5]  20.00-21.00  sec  2.75 MBytes  23.1 Mbits/sec    0    122 KBytes       
[  5]  21.00-22.00  sec  2.75 MBytes  23.1 Mbits/sec    0    139 KBytes       
[  5]  22.00-23.00  sec  4.00 MBytes  33.6 Mbits/sec    0    157 KBytes       
[  5]  23.00-24.00  sec  4.12 MBytes  34.6 Mbits/sec    0    174 KBytes       
[  5]  24.00-25.00  sec  4.00 MBytes  33.6 Mbits/sec    0    191 KBytes       
[  5]  25.00-26.00  sec  4.12 MBytes  34.6 Mbits/sec    0    209 KBytes       
[  5]  26.00-27.00  sec  5.38 MBytes  45.1 Mbits/sec    0    226 KBytes       
[  5]  27.00-28.00  sec  4.12 MBytes  34.6 Mbits/sec    0    245 KBytes       
[  5]  28.00-29.00  sec  6.75 MBytes  56.6 Mbits/sec    0    260 KBytes       
[  5]  29.00-30.00  sec  5.38 MBytes  45.1 Mbits/sec    0    288 KBytes       
- - - - - - - - - - - - - - - - - - - - - - - - -
[ ID] Interval           Transfer     Bitrate         Retr
[  5]   0.00-30.00  sec   156 MBytes  43.7 Mbits/sec    0             sender
[  5]   0.00-30.04  sec   153 MBytes  42.8 Mbits/sec                  receiver

iperf Done.
