Connecting to host 10.0.0.1, port 5392
[  5] local 10.0.0.4 port 41198 connected to 10.0.0.1 port 5392
[ ID] Interval           Transfer     Bitrate         Retr  Cwnd
[  5]   0.00-1.00   sec  7.62 MBytes  63.9 Mbits/sec    0    559 KBytes       
[  5]   1.00-2.00   sec  6.50 MBytes  54.5 Mbits/sec    0    853 KBytes       
[  5]   2.00-3.00   sec  5.38 MBytes  45.1 Mbits/sec    0   1.12 MBytes       
[  5]   3.00-4.00   sec  5.50 MBytes  46.1 Mbits/sec    0    602 KBytes       
[  5]   4.00-5.00   sec  5.38 MBytes  45.1 Mbits/sec    0    650 KBytes       
[  5]   5.00-6.00   sec  5.38 MBytes  45.1 Mbits/sec    0    683 KBytes       
[  5]   6.00-7.00   sec  6.88 MBytes  57.7 Mbits/sec    0    510 KBytes       
[  5]   7.00-8.00   sec  5.38 MBytes  45.1 Mbits/sec    0    380 KBytes       
[  5]   8.00-9.00   sec  5.38 MBytes  45.1 Mbits/sec    0    420 KBytes       
[  5]   9.00-10.00  sec  5.50 MBytes  46.1 Mbits/sec    0    428 KBytes       
[  5]  10.00-11.00  sec  5.38 MBytes  45.1 Mbits/sec    0    339 KBytes       
[  5]  11.00-12.00  sec  6.75 MBytes  56.6 Mbits/sec    0    257 KBytes       
[  5]  12.00-13.00  sec  5.50 MBytes  46.1 Mbits/sec    0    283 KBytes       
[  5]  13.00-14.00  sec  5.38 MBytes  45.1 Mbits/sec    0    212 KBytes       
[  5]  14.00-15.00  sec  5.50 MBytes  46.1 Mbits/sec    0    233 KBytes       
[  5]  15.00-16.00  sec  4.00 MBytes  33.6 Mbits/sec    0    243 KBytes       
[  5]  16.00-17.00  sec  5.50 MBytes  46.1 Mbits/sec    0    194 KBytes       
[  5]  17.00-18.00  sec  4.00 MBytes  33.6 Mbits/sec    0    223 KBytes       
[  5]  18.00-19.00  sec  5.38 MBytes  45.1 Mbits/sec    0    240 KBytes       
[  5]  19.00-20.00  sec  5.50 MBytes  46.1 Mbits/sec    0    247 KBytes       
[  5]  20.00-21.00  sec  5.38 MBytes  45.1 Mbits/sec    0    250 KBytes       
[  5]  21.00-22.00  sec  6.75 MBytes  56.6 Mbits/sec    0    267 KBytes       
[  5]  22.00-23.00  sec  5.50 MBytes  46.1 Mbits/sec    0    284 KBytes       
[  5]  23.00-24.00  sec  5.38 MBytes  45.1 Mbits/sec    0    300 KBytes       
[  5]  24.00-25.00  sec  5.50 MBytes  46.1 Mbits/sec    0    314 KBytes       
[  5]  25.00-26.00  sec  5.38 MBytes  45.1 Mbits/sec    0    328 KBytes       
[  5]  26.00-27.00  sec  6.75 MBytes  56.6 Mbits/sec    0    341 KBytes       
[  5]  27.00-28.00  sec  5.50 MBytes  46.1 Mbits/sec    0    395 KBytes       
[  5]  28.00-29.00  sec  5.38 MBytes  45.1 Mbits/sec    0    474 KBytes       
[  5]  29.00-30.00  sec  5.38 MBytes  45.1 Mbits/sec    0    578 KBytes       
- - - - - - - - - - - - - - - - - - - - - - - - -
[ ID] Interval           Transfer     Bitrate         Retr
[  5]   0.00-30.00  sec   169 MBytes  47.1 Mbits/sec    0             sender
[  5]   0.00-30.04  sec   166 MBytes  46.3 Mbits/sec                  receiver

iperf Done.
