Connecting to host 10.0.0.1, port 5480
[  5] local 10.0.0.4 port 45264 connected to 10.0.0.1 port 5480
[ ID] Interval           Transfer     Bitrate         Retr  Cwnd
[  5]   0.00-1.00   sec   640 KBytes  5.24 Mbits/sec    0   69.3 KBytes       
[  5]   1.00-2.00   sec  0.00 Bytes  0.00 bits/sec    0   76.4 KBytes       
[  5]   2.00-3.00   sec   128 KBytes  1.05 Mbits/sec    0   84.8 KBytes       
[  5]   3.00-4.00   sec   384 KBytes  3.15 Mbits/sec    0   93.3 KBytes       
[  5]   4.00-5.00   sec   256 KBytes  2.10 Mbits/sec    0    115 KBytes       
[  5]   5.00-6.00   sec   512 KBytes  4.19 Mbits/sec    0   94.7 KBytes       
[  5]   6.00-7.00   sec   512 KBytes  4.19 Mbits/sec    0   49.5 KBytes       
[  5]   7.00-8.00   sec   512 KBytes  4.20 Mbits/sec    0   33.9 KBytes       
[  5]   8.00-9.00   sec   768 KBytes  6.29 Mbits/sec    0   22.6 KBytes       
[  5]   9.00-10.00  sec   512 KBytes  4.20 Mbits/sec    0   29.7 KBytes       
[  5]  10.00-11.00  sec   512 KBytes  4.19 Mbits/sec    0   31.1 KBytes       
[  5]  11.00-12.00  sec   768 KBytes  6.29 Mbits/sec    0   24.0 KBytes       
[  5]  12.00-13.00  sec   512 KBytes  4.19 Mbits/sec    0   12.7 KBytes       
[  5]  13.00-14.00  sec   512 KBytes  4.19 Mbits/sec    0   15.6 KBytes       
[  5]  14.00-15.00  sec   768 KBytes  6.29 Mbits/sec    0   35.4 KBytes       
[  5]  15.00-16.00  sec   512 KBytes  4.20 Mbits/sec    0   35.4 KBytes       
[  5]  16.00-17.00  sec   768 KBytes  6.29 Mbits/sec    0   18.4 KBytes       
[  5]  17.00-18.00  sec   256 KBytes  2.10 Mbits/sec    0   15.6 KBytes       
[  5]  18.00-19.00  sec   512 KBytes  4.19 Mbits/sec    0   19.8 KBytes       
[  5]  19.00-20.00  sec   384 KBytes  3.15 Mbits/sec    0   26.9 KBytes       
[  5]  20.00-21.00  sec   768 KBytes  6.29 Mbits/sec    0   25.5 KBytes       
[  5]  21.00-22.00  sec   512 KBytes  4.19 Mbits/sec    0   39.6 KBytes       
[  5]  22.00-23.00  sec   512 KBytes  4.19 Mbits/sec    0   36.8 KBytes       
[  5]  23.00-24.00  sec   512 KBytes  4.20 Mbits/sec    0   26.9 KBytes       
[  5]  24.00-25.00  sec   512 KBytes  4.19 Mbits/sec    0   21.2 KBytes       
[  5]  25.00-26.00  sec   512 KBytes  4.20 Mbits/sec    0   17.0 KBytes       
[  5]  26.00-27.00  sec   768 KBytes  6.29 Mbits/sec    0   18.4 KBytes       
[  5]  27.00-28.00  sec   512 KBytes  4.20 Mbits/sec    0   28.3 KBytes       
[  5]  28.00-29.00  sec   512 KBytes  4.19 Mbits/sec    0   26.9 KBytes       
[  5]  29.00-30.00  sec   256 KBytes  2.10 Mbits/sec    0   36.8 KBytes       
- - - - - - - - - - - - - - - - - - - - - - - - -
[ ID] Interval           Transfer     Bitrate         Retr
[  5]   0.00-30.00  sec  14.8 MBytes  4.12 Mbits/sec    0             sender
[  5]   0.00-30.03  sec  14.2 MBytes  3.98 Mbits/sec                  receiver

iperf Done.
