Connecting to host 10.0.0.1, port 5306
[  5] local 10.0.0.4 port 42712 connected to 10.0.0.1 port 5306
[ ID] Interval           Transfer     Bitrate         Retr  Cwnd
[  5]   0.00-1.00   sec  2.38 MBytes  19.9 Mbits/sec    0    263 KBytes       
[  5]   1.00-2.00   sec  4.00 MBytes  33.6 Mbits/sec    0    438 KBytes       
[  5]   2.00-3.00   sec  3.88 MBytes  32.5 Mbits/sec    0    611 KBytes       
[  5]   3.00-4.00   sec  3.88 MBytes  32.5 Mbits/sec    0    494 KBytes       
[  5]   4.00-5.00   sec  2.50 MBytes  21.0 Mbits/sec    0    554 KBytes       
[  5]   5.00-6.00   sec  2.62 MBytes  22.0 Mbits/sec    0    601 KBytes       
[  5]   6.00-7.00   sec  2.62 MBytes  22.0 Mbits/sec    0    444 KBytes       
[  5]   7.00-8.00   sec  3.88 MBytes  32.5 Mbits/sec    0    233 KBytes       
[  5]   8.00-9.00   sec  2.62 MBytes  22.0 Mbits/sec    0    257 KBytes       
[  5]   9.00-10.00  sec  3.88 MBytes  32.5 Mbits/sec    0    269 KBytes       
[  5]  10.00-11.00  sec  3.88 MBytes  32.5 Mbits/sec    0    206 KBytes       
[  5]  11.00-12.00  sec  3.88 MBytes  32.5 Mbits/sec    0    163 KBytes       
[  5]  12.00-13.00  sec  2.50 MBytes  21.0 Mbits/sec    0   86.3 KBytes       
[  5]  13.00-14.00  sec  2.62 MBytes  22.0 Mbits/sec    0    102 KBytes       
[  5]  14.00-15.00  sec  2.62 MBytes  22.0 Mbits/sec    0    119 KBytes       
[  5]  15.00-16.00  sec  2.62 MBytes  22.0 Mbits/sec    0    137 KBytes       
[  5]  16.00-17.00  sec  3.88 MBytes  32.5 Mbits/sec    0    156 KBytes       
[  5]  17.00-18.00  sec  2.50 MBytes  21.0 Mbits/sec    0    130 KBytes       
[  5]  18.00-19.00  sec  3.88 MBytes  32.5 Mbits/sec    0    150 KBytes       
[  5]  19.00-20.00  sec  2.62 MBytes  22.0 Mbits/sec    0    116 KBytes       
[  5]  20.00-21.00  sec  2.62 MBytes  22.0 Mbits/sec    0    132 KBytes       
[  5]  21.00-22.00  sec  3.88 MBytes  32.5 Mbits/sec    0    148 KBytes       
[  5]  22.00-23.00  sec  2.62 MBytes  22.0 Mbits/sec    0    164 KBytes       
[  5]  23.00-24.00  sec  2.50 MBytes  21.0 Mbits/sec    0    177 KBytes       
[  5]  24.00-25.00  sec  2.62 MBytes  22.0 Mbits/sec    0    189 KBytes       
[  5]  25.00-26.00  sec  2.62 MBytes  22.0 Mbits/sec    0    199 KBytes       
[  5]  26.00-27.00  sec  2.50 MBytes  21.0 Mbits/sec    0    209 KBytes       
[  5]  27.00-28.00  sec  2.62 MBytes  22.0 Mbits/sec    0    218 KBytes       
[  5]  28.00-29.00  sec  2.62 MBytes  22.0 Mbits/sec    0    242 KBytes       
[  5]  29.00-30.00  sec  2.62 MBytes  22.0 Mbits/sec    0    308 KBytes       
- - - - - - - - - - - - - - - - - - - - - - - - -
[ ID] Interval           Transfer     Bitrate         Retr
[  5]   0.00-30.00  sec  90.5 MBytes  25.3 Mbits/sec    0             sender
[  5]   0.00-30.04  sec  87.1 MBytes  24.3 Mbits/sec                  receiver

iperf Done.
