Connecting to host 10.0.0.1, port 5448
[  5] local 10.0.0.4 port 34592 connected to 10.0.0.1 port 5448
[ ID] Interval           Transfer     Bitrate         Retr  Cwnd
[  5]   0.00-1.00   sec  3.38 MBytes  28.3 Mbits/sec    0    305 KBytes       
[  5]   1.00-2.00   sec  3.75 MBytes  31.5 Mbits/sec    0    462 KBytes       
[  5]   2.00-3.00   sec  4.12 MBytes  34.6 Mbits/sec    0    618 KBytes       
[  5]   3.00-4.00   sec  2.62 MBytes  22.0 Mbits/sec    0    758 KBytes       
[  5]   4.00-5.00   sec  2.75 MBytes  23.1 Mbits/sec    0    894 KBytes       
[  5]   5.00-6.00   sec  2.75 MBytes  23.1 Mbits/sec    0    682 KBytes       
[  5]   6.00-7.00   sec  4.00 MBytes  33.6 Mbits/sec    0    455 KBytes       
[  5]   7.00-8.00   sec  4.12 MBytes  34.6 Mbits/sec    0    191 KBytes       
[  5]   8.00-9.00   sec  4.00 MBytes  33.6 Mbits/sec    0    147 KBytes       
[  5]   9.00-10.00  sec  2.75 MBytes  23.1 Mbits/sec    0   83.4 KBytes       
[  5]  10.00-11.00  sec  1.38 MBytes  11.5 Mbits/sec    0   99.0 KBytes       
[  5]  11.00-12.00  sec  2.62 MBytes  22.0 Mbits/sec    0    116 KBytes       
[  5]  12.00-13.00  sec  2.75 MBytes  23.1 Mbits/sec    0   99.0 KBytes       
[  5]  13.00-14.00  sec  2.75 MBytes  23.1 Mbits/sec    0   79.2 KBytes       
[  5]  14.00-15.00  sec  1.38 MBytes  11.5 Mbits/sec    0   67.9 KBytes       
[  5]  15.00-16.00  sec  1.38 MBytes  11.5 Mbits/sec    0   84.8 KBytes       
[  5]  16.00-17.00  sec  2.62 MBytes  22.0 Mbits/sec    0    103 KBytes       
[  5]  17.00-18.00  sec  2.75 MBytes  23.1 Mbits/sec    0    120 KBytes       
[  5]  18.00-19.00  sec  2.75 MBytes  23.1 Mbits/sec    0    139 KBytes       
[  5]  19.00-20.00  sec  2.62 MBytes  22.0 Mbits/sec    0    156 KBytes       
[  5]  20.00-21.00  sec  4.12 MBytes  34.6 Mbits/sec    0    173 KBytes       
[  5]  21.00-22.00  sec  4.00 MBytes  33.6 Mbits/sec    0    188 KBytes       
[  5]  22.00-23.00  sec  2.75 MBytes  23.1 Mbits/sec    0    199 KBytes       
[  5]  23.00-24.00  sec  4.12 MBytes  34.6 Mbits/sec    0    173 KBytes       
[  5]  24.00-25.00  sec  2.62 MBytes  22.0 Mbits/sec    0    192 KBytes       
[  5]  25.00-26.00  sec  4.12 MBytes  34.6 Mbits/sec    0    147 KBytes       
[  5]  26.00-27.00  sec  2.75 MBytes  23.1 Mbits/sec    0    161 KBytes       
[  5]  27.00-28.00  sec  2.62 MBytes  22.0 Mbits/sec    0    126 KBytes       
[  5]  28.00-29.00  sec  2.75 MBytes  23.1 Mbits/sec    0    139 KBytes       
[  5]  29.00-30.00  sec  2.75 MBytes  23.1 Mbits/sec    0    153 KBytes       
- - - - - - - - - - - - - - - - - - - - - - - - -
[ ID] Interval           Transfer     Bitrate         Retr
[  5]   0.00-30.00  sec  89.9 MBytes  25.1 Mbits/sec    0             sender
[  5]   0.00-30.04  sec  86.4 MBytes  24.1 Mbits/sec                  receiver

iperf Done.
