Connecting to host 10.0.0.1, port 5302
[  5] local 10.0.0.4 port 57132 connected to 10.0.0.1 port 5302
[ ID] Interval           Transfer     Bitrate         Retr  Cwnd
[  5]   0.00-1.00   sec  3.88 MBytes  32.5 Mbits/sec    0    310 KBytes       
[  5]   1.00-2.00   sec  4.62 MBytes  38.8 Mbits/sec    0    489 KBytes       
[  5]   2.00-3.00   sec  3.38 MBytes  28.3 Mbits/sec    0    481 KBytes       
[  5]   3.00-4.00   sec  3.62 MBytes  30.4 Mbits/sec    0    506 KBytes       
[  5]   4.00-5.00   sec  2.50 MBytes  21.0 Mbits/sec    0    559 KBytes       
[  5]   5.00-6.00   sec  2.50 MBytes  21.0 Mbits/sec    0    416 KBytes       
[  5]   6.00-7.00   sec  2.38 MBytes  19.9 Mbits/sec    0    314 KBytes       
[  5]   7.00-8.00   sec  3.75 MBytes  31.4 Mbits/sec    0    342 KBytes       
[  5]   8.00-9.00   sec  2.50 MBytes  21.0 Mbits/sec    0    184 KBytes       
[  5]   9.00-10.00  sec  3.62 MBytes  30.4 Mbits/sec    0    147 KBytes       
[  5]  10.00-11.00  sec  2.50 MBytes  21.0 Mbits/sec    0    117 KBytes       
[  5]  11.00-12.00  sec  2.50 MBytes  21.0 Mbits/sec    0    133 KBytes       
[  5]  12.00-13.00  sec  3.62 MBytes  30.4 Mbits/sec    0    150 KBytes       
[  5]  13.00-14.00  sec  3.75 MBytes  31.5 Mbits/sec    0    168 KBytes       
[  5]  14.00-15.00  sec  3.75 MBytes  31.5 Mbits/sec    0    184 KBytes       
[  5]  15.00-16.00  sec  2.38 MBytes  19.9 Mbits/sec    0    154 KBytes       
[  5]  16.00-17.00  sec  3.75 MBytes  31.5 Mbits/sec    0    174 KBytes       
[  5]  17.00-18.00  sec  2.50 MBytes  21.0 Mbits/sec    0    137 KBytes       
[  5]  18.00-19.00  sec  2.38 MBytes  19.9 Mbits/sec    0    148 KBytes       
[  5]  19.00-20.00  sec  2.50 MBytes  21.0 Mbits/sec    0    161 KBytes       
[  5]  20.00-21.00  sec  2.50 MBytes  21.0 Mbits/sec    0    129 KBytes       
[  5]  21.00-22.00  sec  2.38 MBytes  19.9 Mbits/sec    0    153 KBytes       
[  5]  22.00-23.00  sec  2.50 MBytes  21.0 Mbits/sec    0    164 KBytes       
[  5]  23.00-24.00  sec  1.25 MBytes  10.5 Mbits/sec    0    168 KBytes       
[  5]  24.00-25.00  sec  2.50 MBytes  21.0 Mbits/sec    0    168 KBytes       
[  5]  25.00-26.00  sec  1.25 MBytes  10.5 Mbits/sec    0    170 KBytes       
[  5]  26.00-27.00  sec  2.38 MBytes  19.9 Mbits/sec    0    180 KBytes       
[  5]  27.00-28.00  sec  2.50 MBytes  21.0 Mbits/sec    0    188 KBytes       
[  5]  28.00-29.00  sec  1.25 MBytes  10.5 Mbits/sec    0    201 KBytes       
[  5]  29.00-30.00  sec  2.50 MBytes  21.0 Mbits/sec    0    233 KBytes       
- - - - - - - - - - - - - - - - - - - - - - - - -
[ ID] Interval           Transfer     Bitrate         Retr
[  5]   0.00-30.00  sec  83.4 MBytes  23.3 Mbits/sec    0             sender
[  5]   0.00-30.04  sec  81.0 MBytes  22.6 Mbits/sec                  receiver

iperf Done.
