Connecting to host 10.0.0.1, port 5474
[  5] local 10.0.0.4 port 52758 connected to 10.0.0.1 port 5474
[ ID] Interval           Transfer     Bitrate         Retr  Cwnd
[  5]   0.00-1.00   sec  4.00 MBytes  33.5 Mbits/sec    0    325 KBytes       
[  5]   1.00-2.00   sec  5.00 MBytes  41.9 Mbits/sec    0    508 KBytes       
[  5]   2.00-3.00   sec  3.50 MBytes  29.4 Mbits/sec    0    684 KBytes       
[  5]   3.00-4.00   sec  2.75 MBytes  23.1 Mbits/sec    0    362 KBytes       
[  5]   4.00-5.00   sec  2.75 MBytes  23.1 Mbits/sec    0    277 KBytes       
[  5]   5.00-6.00   sec  2.62 MBytes  22.0 Mbits/sec    0    301 KBytes       
[  5]   6.00-7.00   sec  2.75 MBytes  23.1 Mbits/sec    0    314 KBytes       
[  5]   7.00-8.00   sec  2.75 MBytes  23.1 Mbits/sec    0    320 KBytes       
[  5]   8.00-9.00   sec  2.62 MBytes  22.0 Mbits/sec    0    320 KBytes       
[  5]   9.00-10.00  sec  2.75 MBytes  23.1 Mbits/sec    0    247 KBytes       
[  5]  10.00-11.00  sec  2.75 MBytes  23.1 Mbits/sec    0    228 KBytes       
[  5]  11.00-12.00  sec  2.62 MBytes  22.0 Mbits/sec    0    156 KBytes       
[  5]  12.00-13.00  sec  2.75 MBytes  23.1 Mbits/sec    0    124 KBytes       
[  5]  13.00-14.00  sec  2.75 MBytes  23.1 Mbits/sec    0   99.0 KBytes       
[  5]  14.00-15.00  sec  2.75 MBytes  23.1 Mbits/sec    0   84.8 KBytes       
[  5]  15.00-16.00  sec  1.25 MBytes  10.5 Mbits/sec    0   72.1 KBytes       
[  5]  16.00-17.00  sec  2.75 MBytes  23.1 Mbits/sec    0   90.5 KBytes       
[  5]  17.00-18.00  sec  1.38 MBytes  11.5 Mbits/sec    0    107 KBytes       
[  5]  18.00-19.00  sec  2.75 MBytes  23.1 Mbits/sec    0    124 KBytes       
[  5]  19.00-20.00  sec  2.62 MBytes  22.0 Mbits/sec    0    140 KBytes       
[  5]  20.00-21.00  sec  2.75 MBytes  23.1 Mbits/sec    0    153 KBytes       
[  5]  21.00-22.00  sec  1.38 MBytes  11.5 Mbits/sec    0    163 KBytes       
[  5]  22.00-23.00  sec  2.75 MBytes  23.1 Mbits/sec    0    173 KBytes       
[  5]  23.00-24.00  sec  1.25 MBytes  10.5 Mbits/sec    0    181 KBytes       
[  5]  24.00-25.00  sec  1.38 MBytes  11.5 Mbits/sec    0    240 KBytes       
[  5]  25.00-26.00  sec  1.38 MBytes  11.5 Mbits/sec    0    324 KBytes       
[  5]  26.00-27.00  sec  2.75 MBytes  23.1 Mbits/sec    0    436 KBytes       
[  5]  27.00-28.00  sec  2.62 MBytes  22.0 Mbits/sec    0    209 KBytes       
[  5]  28.00-29.00  sec  2.75 MBytes  23.1 Mbits/sec    0   91.9 KBytes       
[  5]  29.00-30.00  sec  1.38 MBytes  11.5 Mbits/sec    0   76.4 KBytes       
- - - - - - - - - - - - - - - - - - - - - - - - -
[ ID] Interval           Transfer     Bitrate         Retr
[  5]   0.00-30.00  sec  76.2 MBytes  21.3 Mbits/sec    0             sender
[  5]   0.00-30.04  sec  73.6 MBytes  20.6 Mbits/sec                  receiver

iperf Done.
