Connecting to host 10.0.0.1, port 5343
[  5] local 10.0.0.4 port 37676 connected to 10.0.0.1 port 5343
[ ID] Interval           Transfer     Bitrate         Retr  Cwnd
[  5]   0.00-1.00   sec  3.88 MBytes  32.5 Mbits/sec    0    112 KBytes       
[  5]   1.00-2.00   sec  2.50 MBytes  21.0 Mbits/sec    0    109 KBytes       
[  5]   2.00-3.00   sec  2.50 MBytes  21.0 Mbits/sec    0    123 KBytes       
[  5]   3.00-4.00   sec  3.25 MBytes  27.3 Mbits/sec    0    137 KBytes       
[  5]   4.00-5.00   sec  2.62 MBytes  22.0 Mbits/sec    0    127 KBytes       
[  5]   5.00-6.00   sec  3.12 MBytes  26.2 Mbits/sec    0    115 KBytes       
[  5]   6.00-7.00   sec  2.00 MBytes  16.8 Mbits/sec    0   97.6 KBytes       
[  5]   7.00-8.00   sec  2.50 MBytes  21.0 Mbits/sec    0   79.2 KBytes       
[  5]   8.00-9.00   sec  1.25 MBytes  10.5 Mbits/sec    0   67.9 KBytes       
[  5]   9.00-10.00  sec  1.88 MBytes  15.7 Mbits/sec    0   69.3 KBytes       
[  5]  10.00-11.00  sec  1.25 MBytes  10.5 Mbits/sec    0   72.1 KBytes       
[  5]  11.00-12.00  sec  1.88 MBytes  15.7 Mbits/sec    0   73.5 KBytes       
[  5]  12.00-13.00  sec  1.88 MBytes  15.7 Mbits/sec    0   76.4 KBytes       
[  5]  13.00-14.00  sec  1.25 MBytes  10.5 Mbits/sec    0   73.5 KBytes       
[  5]  14.00-15.00  sec  1.88 MBytes  15.7 Mbits/sec    0   77.8 KBytes       
[  5]  15.00-16.00  sec  1.88 MBytes  15.7 Mbits/sec    0   89.1 KBytes       
[  5]  16.00-17.00  sec  1.88 MBytes  15.7 Mbits/sec    0   91.9 KBytes       
[  5]  17.00-18.00  sec  2.50 MBytes  21.0 Mbits/sec    0   99.0 KBytes       
[  5]  18.00-19.00  sec  1.88 MBytes  15.7 Mbits/sec    0   96.2 KBytes       
[  5]  19.00-20.00  sec  2.50 MBytes  21.0 Mbits/sec    0    100 KBytes       
[  5]  20.00-21.00  sec  2.50 MBytes  21.0 Mbits/sec    0    110 KBytes       
[  5]  21.00-22.00  sec  2.62 MBytes  22.0 Mbits/sec    0    124 KBytes       
[  5]  22.00-23.00  sec  2.50 MBytes  21.0 Mbits/sec    0    132 KBytes       
[  5]  23.00-24.00  sec  3.25 MBytes  27.3 Mbits/sec    0    139 KBytes       
[  5]  24.00-25.00  sec  3.12 MBytes  26.2 Mbits/sec    0    148 KBytes       
[  5]  25.00-26.00  sec  3.75 MBytes  31.5 Mbits/sec    0    151 KBytes       
[  5]  26.00-27.00  sec  3.12 MBytes  26.2 Mbits/sec    0    154 KBytes       
[  5]  27.00-28.00  sec  3.88 MBytes  32.5 Mbits/sec    0    154 KBytes       
[  5]  28.00-29.00  sec  3.25 MBytes  27.3 Mbits/sec    0    153 KBytes       
[  5]  29.00-30.00  sec  3.75 MBytes  31.4 Mbits/sec    0    154 KBytes       
- - - - - - - - - - - - - - - - - - - - - - - - -
[ ID] Interval           Transfer     Bitrate         Retr
[  5]   0.00-30.00  sec  76.0 MBytes  21.3 Mbits/sec    0             sender
[  5]   0.00-30.04  sec  74.6 MBytes  20.8 Mbits/sec                  receiver

iperf Done.
