Connecting to host 10.0.0.1, port 5424
[  5] local 10.0.0.4 port 43178 connected to 10.0.0.1 port 5424
[ ID] Interval           Transfer     Bitrate         Retr  Cwnd
[  5]   0.00-1.00   sec  4.00 MBytes  33.5 Mbits/sec    0    311 KBytes       
[  5]   1.00-2.00   sec  4.00 MBytes  33.5 Mbits/sec    0    478 KBytes       
[  5]   2.00-3.00   sec  3.38 MBytes  28.3 Mbits/sec    0    638 KBytes       
[  5]   3.00-4.00   sec  2.62 MBytes  22.0 Mbits/sec    0    785 KBytes       
[  5]   4.00-5.00   sec  2.75 MBytes  23.1 Mbits/sec    0    604 KBytes       
[  5]   5.00-6.00   sec  2.62 MBytes  22.0 Mbits/sec    0    451 KBytes       
[  5]   6.00-7.00   sec  4.12 MBytes  34.6 Mbits/sec    0    335 KBytes       
[  5]   7.00-8.00   sec  2.75 MBytes  23.1 Mbits/sec    0    184 KBytes       
[  5]   8.00-9.00   sec  4.00 MBytes  33.6 Mbits/sec    0    146 KBytes       
[  5]   9.00-10.00  sec  2.75 MBytes  23.1 Mbits/sec    0    160 KBytes       
[  5]  10.00-11.00  sec  4.00 MBytes  33.6 Mbits/sec    0    127 KBytes       
[  5]  11.00-12.00  sec  2.75 MBytes  23.1 Mbits/sec    0    153 KBytes       
[  5]  12.00-13.00  sec  4.12 MBytes  34.6 Mbits/sec    0    167 KBytes       
[  5]  13.00-14.00  sec  2.62 MBytes  22.0 Mbits/sec    0   93.3 KBytes       
[  5]  14.00-15.00  sec  2.75 MBytes  23.1 Mbits/sec    0    110 KBytes       
[  5]  15.00-16.00  sec  1.38 MBytes  11.5 Mbits/sec    0    127 KBytes       
[  5]  16.00-17.00  sec  4.00 MBytes  33.6 Mbits/sec    0    146 KBytes       
[  5]  17.00-18.00  sec  2.75 MBytes  23.1 Mbits/sec    0    115 KBytes       
[  5]  18.00-19.00  sec  2.75 MBytes  23.1 Mbits/sec    0    140 KBytes       
[  5]  19.00-20.00  sec  2.62 MBytes  22.0 Mbits/sec    0    153 KBytes       
[  5]  20.00-21.00  sec  2.75 MBytes  23.1 Mbits/sec    0    160 KBytes       
[  5]  21.00-22.00  sec  2.75 MBytes  23.1 Mbits/sec    0    168 KBytes       
[  5]  22.00-23.00  sec  2.75 MBytes  23.1 Mbits/sec    0    180 KBytes       
[  5]  23.00-24.00  sec  1.25 MBytes  10.5 Mbits/sec    0    188 KBytes       
[  5]  24.00-25.00  sec  2.75 MBytes  23.1 Mbits/sec    0    198 KBytes       
[  5]  25.00-26.00  sec  2.75 MBytes  23.1 Mbits/sec    0    206 KBytes       
[  5]  26.00-27.00  sec  1.38 MBytes  11.5 Mbits/sec    0    170 KBytes       
[  5]  27.00-28.00  sec  2.62 MBytes  22.0 Mbits/sec    0    191 KBytes       
[  5]  28.00-29.00  sec  2.75 MBytes  23.1 Mbits/sec    0    204 KBytes       
[  5]  29.00-30.00  sec  2.75 MBytes  23.1 Mbits/sec    0    158 KBytes       
- - - - - - - - - - - - - - - - - - - - - - - - -
[ ID] Interval           Transfer     Bitrate         Retr
[  5]   0.00-30.00  sec  87.2 MBytes  24.4 Mbits/sec    0             sender
[  5]   0.00-30.04  sec  83.5 MBytes  23.3 Mbits/sec                  receiver

iperf Done.
