Connecting to host 10.0.0.1, port 5356
[  5] local 10.0.0.4 port 37962 connected to 10.0.0.1 port 5356
[ ID] Interval           Transfer     Bitrate         Retr  Cwnd
[  5]   0.00-1.00   sec  2.12 MBytes  17.8 Mbits/sec    0    178 KBytes       
[  5]   1.00-2.00   sec  2.88 MBytes  24.1 Mbits/sec    0    293 KBytes       
[  5]   2.00-3.00   sec  2.88 MBytes  24.1 Mbits/sec    0    411 KBytes       
[  5]   3.00-4.00   sec  2.62 MBytes  22.0 Mbits/sec    0    337 KBytes       
[  5]   4.00-5.00   sec  1.88 MBytes  15.7 Mbits/sec    0    389 KBytes       
[  5]   5.00-6.00   sec  1.88 MBytes  15.7 Mbits/sec    0    426 KBytes       
[  5]   6.00-7.00   sec  1.88 MBytes  15.7 Mbits/sec    0    322 KBytes       
[  5]   7.00-8.00   sec  2.75 MBytes  23.1 Mbits/sec    0    345 KBytes       
[  5]   8.00-9.00   sec  3.75 MBytes  31.5 Mbits/sec    0    335 KBytes       
[  5]   9.00-10.00  sec  2.75 MBytes  23.1 Mbits/sec    0    192 KBytes       
[  5]  10.00-11.00  sec  3.62 MBytes  30.4 Mbits/sec    0    148 KBytes       
[  5]  11.00-12.00  sec  2.75 MBytes  23.1 Mbits/sec    0    122 KBytes       
[  5]  12.00-13.00  sec  2.88 MBytes  24.1 Mbits/sec    0   97.6 KBytes       
[  5]  13.00-14.00  sec  1.75 MBytes  14.7 Mbits/sec    0    115 KBytes       
[  5]  14.00-15.00  sec  2.88 MBytes  24.1 Mbits/sec    0    132 KBytes       
[  5]  15.00-16.00  sec  3.62 MBytes  30.4 Mbits/sec    0    150 KBytes       
[  5]  16.00-17.00  sec  2.75 MBytes  23.1 Mbits/sec    0    167 KBytes       
[  5]  17.00-18.00  sec  3.75 MBytes  31.5 Mbits/sec    0    181 KBytes       
[  5]  18.00-19.00  sec  2.75 MBytes  23.1 Mbits/sec    0    194 KBytes       
[  5]  19.00-20.00  sec  3.75 MBytes  31.5 Mbits/sec    0    160 KBytes       
[  5]  20.00-21.00  sec  2.75 MBytes  23.1 Mbits/sec    0    129 KBytes       
[  5]  21.00-22.00  sec  2.75 MBytes  23.1 Mbits/sec    0    144 KBytes       
[  5]  22.00-23.00  sec  2.75 MBytes  23.1 Mbits/sec    0    123 KBytes       
[  5]  23.00-24.00  sec  2.75 MBytes  23.1 Mbits/sec    0    139 KBytes       
[  5]  24.00-25.00  sec  1.88 MBytes  15.7 Mbits/sec    0    146 KBytes       
[  5]  25.00-26.00  sec  2.75 MBytes  23.1 Mbits/sec    0    153 KBytes       
[  5]  26.00-27.00  sec  1.88 MBytes  15.7 Mbits/sec    0    164 KBytes       
[  5]  27.00-28.00  sec  1.88 MBytes  15.7 Mbits/sec    0    173 KBytes       
[  5]  28.00-29.00  sec  1.88 MBytes  15.7 Mbits/sec    0    181 KBytes       
[  5]  29.00-30.00  sec  1.88 MBytes  15.7 Mbits/sec    0    189 KBytes       
- - - - - - - - - - - - - - - - - - - - - - - - -
[ ID] Interval           Transfer     Bitrate         Retr
[  5]   0.00-30.00  sec  79.0 MBytes  22.1 Mbits/sec    0             sender
[  5]   0.00-30.04  sec  76.9 MBytes  21.5 Mbits/sec                  receiver

iperf Done.
