Connecting to host 10.0.0.1, port 5406
[  5] local 10.0.0.4 port 55666 connected to 10.0.0.1 port 5406
[ ID] Interval           Transfer     Bitrate         Retr  Cwnd
[  5]   0.00-1.00   sec  3.12 MBytes  26.2 Mbits/sec    0    301 KBytes       
[  5]   1.00-2.00   sec  4.62 MBytes  38.8 Mbits/sec    0    474 KBytes       
[  5]   2.00-3.00   sec  4.50 MBytes  37.7 Mbits/sec    0    650 KBytes       
[  5]   3.00-4.00   sec  2.75 MBytes  23.1 Mbits/sec    0    807 KBytes       
[  5]   4.00-5.00   sec  2.75 MBytes  23.1 Mbits/sec    0    954 KBytes       
[  5]   5.00-6.00   sec  2.62 MBytes  22.0 Mbits/sec    0    495 KBytes       
[  5]   6.00-7.00   sec  4.12 MBytes  34.6 Mbits/sec    0    378 KBytes       
[  5]   7.00-8.00   sec  4.00 MBytes  33.6 Mbits/sec    0    407 KBytes       
[  5]   8.00-9.00   sec  2.75 MBytes  23.1 Mbits/sec    0    109 KBytes       
[  5]   9.00-10.00  sec  2.75 MBytes  23.1 Mbits/sec    0    124 KBytes       
[  5]  10.00-11.00  sec  4.00 MBytes  33.5 Mbits/sec    0    141 KBytes       
[  5]  11.00-12.00  sec  2.75 MBytes  23.1 Mbits/sec    0    123 KBytes       
[  5]  12.00-13.00  sec  1.38 MBytes  11.5 Mbits/sec    0    100 KBytes       
[  5]  13.00-14.00  sec  2.62 MBytes  22.0 Mbits/sec    0    119 KBytes       
[  5]  14.00-15.00  sec  2.75 MBytes  23.1 Mbits/sec    0    136 KBytes       
[  5]  15.00-16.00  sec  2.75 MBytes  23.1 Mbits/sec    0    115 KBytes       
[  5]  16.00-17.00  sec  2.75 MBytes  23.1 Mbits/sec    0    134 KBytes       
[  5]  17.00-18.00  sec  4.00 MBytes  33.6 Mbits/sec    0    143 KBytes       
[  5]  18.00-19.00  sec  2.75 MBytes  23.1 Mbits/sec    0    123 KBytes       
[  5]  19.00-20.00  sec  2.62 MBytes  22.0 Mbits/sec    0    139 KBytes       
[  5]  20.00-21.00  sec  2.75 MBytes  23.1 Mbits/sec    0    150 KBytes       
[  5]  21.00-22.00  sec  4.12 MBytes  34.6 Mbits/sec    0    165 KBytes       
[  5]  22.00-23.00  sec  2.62 MBytes  22.0 Mbits/sec    0    139 KBytes       
[  5]  23.00-24.00  sec  2.75 MBytes  23.1 Mbits/sec    0    112 KBytes       
[  5]  24.00-25.00  sec  2.75 MBytes  23.1 Mbits/sec    0    130 KBytes       
[  5]  25.00-26.00  sec  2.62 MBytes  22.0 Mbits/sec    0    144 KBytes       
[  5]  26.00-27.00  sec  2.75 MBytes  23.1 Mbits/sec    0    157 KBytes       
[  5]  27.00-28.00  sec  2.75 MBytes  23.1 Mbits/sec    0    168 KBytes       
[  5]  28.00-29.00  sec  1.38 MBytes  11.5 Mbits/sec    0    178 KBytes       
[  5]  29.00-30.00  sec  2.62 MBytes  22.0 Mbits/sec    0    187 KBytes       
- - - - - - - - - - - - - - - - - - - - - - - - -
[ ID] Interval           Transfer     Bitrate         Retr
[  5]   0.00-30.00  sec  89.5 MBytes  25.0 Mbits/sec    0             sender
[  5]   0.00-30.04  sec  85.9 MBytes  24.0 Mbits/sec                  receiver

iperf Done.
