Connecting to host 10.0.0.1, port 5438
[  5] local 10.0.0.4 port 39938 connected to 10.0.0.1 port 5438
[ ID] Interval           Transfer     Bitrate         Retr  Cwnd
[  5]   0.00-1.00   sec  1.88 MBytes  15.7 Mbits/sec    0    164 KBytes       
[  5]   1.00-2.00   sec  1.62 MBytes  13.6 Mbits/sec    0    235 KBytes       
[  5]   2.00-3.00   sec  1.62 MBytes  13.6 Mbits/sec    0    307 KBytes       
[  5]   3.00-4.00   sec  2.00 MBytes  16.8 Mbits/sec    0    246 KBytes       
[  5]   4.00-5.00   sec  1.25 MBytes  10.5 Mbits/sec    0    288 KBytes       
[  5]   5.00-6.00   sec  1.38 MBytes  11.5 Mbits/sec    0    320 KBytes       
[  5]   6.00-7.00   sec  1.38 MBytes  11.5 Mbits/sec    0    338 KBytes       
[  5]   7.00-8.00   sec  1.38 MBytes  11.5 Mbits/sec    0    245 KBytes       
[  5]   8.00-9.00   sec  1.38 MBytes  11.5 Mbits/sec    0    269 KBytes       
[  5]   9.00-10.00  sec  1.38 MBytes  11.5 Mbits/sec    0    205 KBytes       
[  5]  10.00-11.00  sec  1.25 MBytes  10.5 Mbits/sec    0    160 KBytes       
[  5]  11.00-12.00  sec  1.38 MBytes  11.5 Mbits/sec    0   86.3 KBytes       
[  5]  12.00-13.00  sec  1.38 MBytes  11.5 Mbits/sec    0   50.9 KBytes       
[  5]  13.00-14.00  sec  1.38 MBytes  11.5 Mbits/sec    0   38.2 KBytes       
[  5]  14.00-15.00  sec  1.38 MBytes  11.5 Mbits/sec    0   32.5 KBytes       
[  5]  15.00-16.00  sec  1.38 MBytes  11.5 Mbits/sec    0   56.6 KBytes       
[  5]  16.00-17.00  sec  1.38 MBytes  11.5 Mbits/sec    0   35.4 KBytes       
[  5]  17.00-18.00  sec  1.25 MBytes  10.5 Mbits/sec    0   32.5 KBytes       
[  5]  18.00-19.00  sec  1.38 MBytes  11.5 Mbits/sec    0   39.6 KBytes       
[  5]  19.00-20.00  sec  1.38 MBytes  11.5 Mbits/sec    0   45.2 KBytes       
[  5]  20.00-21.00  sec  1.38 MBytes  11.5 Mbits/sec    0   59.4 KBytes       
[  5]  21.00-22.00  sec  1.38 MBytes  11.5 Mbits/sec    0   41.0 KBytes       
[  5]  22.00-23.00  sec  1.38 MBytes  11.5 Mbits/sec    0   36.8 KBytes       
[  5]  23.00-24.00  sec  1.25 MBytes  10.5 Mbits/sec    0   41.0 KBytes       
[  5]  24.00-25.00  sec  1.38 MBytes  11.5 Mbits/sec    0   60.8 KBytes       
[  5]  25.00-26.00  sec  1.38 MBytes  11.5 Mbits/sec    0   41.0 KBytes       
[  5]  26.00-27.00  sec  1.38 MBytes  11.5 Mbits/sec    0   43.8 KBytes       
[  5]  27.00-28.00  sec  1.38 MBytes  11.5 Mbits/sec    0   41.0 KBytes       
[  5]  28.00-29.00  sec  1.38 MBytes  11.5 Mbits/sec    0   32.5 KBytes       
[  5]  29.00-30.00  sec  1.38 MBytes  11.5 Mbits/sec    0   39.6 KBytes       
- - - - - - - - - - - - - - - - - - - - - - - - -
[ ID] Interval           Transfer     Bitrate         Retr
[  5]   0.00-30.00  sec  42.4 MBytes  11.8 Mbits/sec    0             sender
[  5]   0.00-30.02  sec  40.5 MBytes  11.3 Mbits/sec                  receiver

iperf Done.
