Connecting to host 10.0.0.1, port 5426
[  5] local 10.0.0.4 port 44124 connected to 10.0.0.1 port 5426
[ ID] Interval           Transfer     Bitrate         Retr  Cwnd
[  5]   0.00-1.00   sec  2.00 MBytes  16.8 Mbits/sec    0    164 KBytes       
[  5]   1.00-2.00   sec  1.75 MBytes  14.7 Mbits/sec    0    235 KBytes       
[  5]   2.00-3.00   sec  1.62 MBytes  13.6 Mbits/sec    0    305 KBytes       
[  5]   3.00-4.00   sec  1.38 MBytes  11.5 Mbits/sec    0    376 KBytes       
[  5]   4.00-5.00   sec  1.62 MBytes  13.6 Mbits/sec    2    284 KBytes       
[  5]   5.00-6.00   sec  1.62 MBytes  13.6 Mbits/sec    0    233 KBytes       
[  5]   6.00-7.00   sec  1.62 MBytes  13.6 Mbits/sec    0    171 KBytes       
[  5]   7.00-8.00   sec   768 KBytes  6.29 Mbits/sec    0    185 KBytes       
[  5]   8.00-9.00   sec  1.62 MBytes  13.6 Mbits/sec    0    140 KBytes       
[  5]   9.00-10.00  sec  1.62 MBytes  13.6 Mbits/sec    0    110 KBytes       
[  5]  10.00-11.00  sec   768 KBytes  6.29 Mbits/sec    0   86.3 KBytes       
[  5]  11.00-12.00  sec  1.62 MBytes  13.6 Mbits/sec    0   50.9 KBytes       
[  5]  12.00-13.00  sec  1.62 MBytes  13.6 Mbits/sec    0   52.3 KBytes       
[  5]  13.00-14.00  sec  1.62 MBytes  13.6 Mbits/sec    0   70.7 KBytes       
[  5]  14.00-15.00  sec   768 KBytes  6.29 Mbits/sec    0   39.6 KBytes       
[  5]  15.00-16.00  sec  1.62 MBytes  13.6 Mbits/sec    0   45.2 KBytes       
[  5]  16.00-17.00  sec  1.62 MBytes  13.6 Mbits/sec    0   63.6 KBytes       
[  5]  17.00-18.00  sec   768 KBytes  6.29 Mbits/sec    0   79.2 KBytes       
[  5]  18.00-19.00  sec  1.62 MBytes  13.6 Mbits/sec    0   67.9 KBytes       
[  5]  19.00-20.00  sec  1.62 MBytes  13.6 Mbits/sec    0   46.7 KBytes       
[  5]  20.00-21.00  sec  1.62 MBytes  13.6 Mbits/sec    0   45.2 KBytes       
[  5]  21.00-22.00  sec   768 KBytes  6.29 Mbits/sec    0   45.2 KBytes       
[  5]  22.00-23.00  sec  1.62 MBytes  13.6 Mbits/sec    0   49.5 KBytes       
[  5]  23.00-24.00  sec  1.62 MBytes  13.6 Mbits/sec    0   53.7 KBytes       
[  5]  24.00-25.00  sec   768 KBytes  6.29 Mbits/sec    0   56.6 KBytes       
[  5]  25.00-26.00  sec  1.62 MBytes  13.6 Mbits/sec    0   52.3 KBytes       
[  5]  26.00-27.00  sec  1.62 MBytes  13.6 Mbits/sec    0   56.6 KBytes       
[  5]  27.00-28.00  sec   768 KBytes  6.29 Mbits/sec    0   73.5 KBytes       
[  5]  28.00-29.00  sec  1.62 MBytes  13.6 Mbits/sec    0   63.6 KBytes       
[  5]  29.00-30.00  sec  1.62 MBytes  13.6 Mbits/sec    0   59.4 KBytes       
- - - - - - - - - - - - - - - - - - - - - - - - -
[ ID] Interval           Transfer     Bitrate         Retr
[  5]   0.00-30.00  sec  42.9 MBytes  12.0 Mbits/sec    2             sender
[  5]   0.00-30.02  sec  40.9 MBytes  11.4 Mbits/sec                  receiver

iperf Done.
