Connecting to host 172.20.1.2, port 8080
[  5] local 172.20.1.1 port 43422 connected to 172.20.1.2 port 8080
[ ID] Interval           Transfer     Bitrate         Retr  Cwnd
[  5]   0.00-1.00   sec  1.62 MBytes  13.6 Mbits/sec    0   82.0 KBytes       
[  5]   1.00-2.00   sec  1.38 MBytes  11.5 Mbits/sec    0   82.0 KBytes       
[  5]   2.00-3.00   sec  1.50 MBytes  12.6 Mbits/sec    0   82.0 KBytes       
[  5]   3.00-4.00   sec  1.25 MBytes  10.5 Mbits/sec    0   82.0 KBytes       
[  5]   4.00-5.00   sec  1.25 MBytes  10.5 Mbits/sec    0   82.0 KBytes       
[  5]   5.00-6.00   sec  1.50 MBytes  12.6 Mbits/sec    0   82.0 KBytes       
[  5]   6.00-7.00   sec  1.25 MBytes  10.5 Mbits/sec    0   82.0 KBytes       
[  5]   7.00-8.00   sec  1.38 MBytes  11.5 Mbits/sec    0   82.0 KBytes       
[  5]   8.00-9.00   sec  1.50 MBytes  12.6 Mbits/sec    0   82.0 KBytes       
[  5]   9.00-10.00  sec  1.25 MBytes  10.5 Mbits/sec    0   82.0 KBytes       
[  5]  10.00-11.00  sec  1.25 MBytes  10.5 Mbits/sec    0   82.0 KBytes       
[  5]  11.00-12.00  sec  1.50 MBytes  12.6 Mbits/sec    0   82.0 KBytes       
[  5]  12.00-13.00  sec  1.25 MBytes  10.5 Mbits/sec    0   82.0 KBytes       
[  5]  13.00-14.00  sec  1.38 MBytes  11.5 Mbits/sec    0   82.0 KBytes       
[  5]  14.00-15.00  sec  1.50 MBytes  12.6 Mbits/sec    0   82.0 KBytes       
[  5]  15.00-16.00  sec  1.25 MBytes  10.5 Mbits/sec    0   82.0 KBytes       
[  5]  16.00-16.48  sec   768 KBytes  13.1 Mbits/sec    0   82.0 KBytes       
- - - - - - - - - - - - - - - - - - - - - - - - -
[ ID] Interval           Transfer     Bitrate         Retr
[  5]   0.00-16.48  sec  22.8 MBytes  11.6 Mbits/sec    0             sender
[  5]   0.00-16.48  sec  0.00 Bytes  0.00 bits/sec                  receiver
iperf3: interrupt - the client has terminated
