-----------------------------------------------------------
Server listening on 8080 (test #1)
-----------------------------------------------------------
Accepted connection from 172.20.1.1, port 57038
[  5] local 172.20.1.2 port 8080 connected to 172.20.1.1 port 57048
[ ID] Interval           Transfer     Bitrate
[  5]   0.00-1.00   sec  1.25 MBytes  10.5 Mbits/sec                  
[  5]   1.00-2.00   sec  1.38 MBytes  11.5 Mbits/sec                  
[  5]   2.00-3.00   sec  1.38 MBytes  11.5 Mbits/sec                  
[  5]   3.00-4.00   sec  1.38 MBytes  11.5 Mbits/sec                  
[  5]   4.00-5.00   sec  1.25 MBytes  10.5 Mbits/sec                  
[  5]   5.00-6.00   sec  1.38 MBytes  11.5 Mbits/sec                  
[  5]   6.00-7.00   sec  1.38 MBytes  11.5 Mbits/sec                  
[  5]   7.00-8.00   sec  1.38 MBytes  11.5 Mbits/sec                  
[  5]   8.00-9.00   sec  1.38 MBytes  11.5 Mbits/sec                  
[  5]   9.00-10.00  sec  1.38 MBytes  11.5 Mbits/sec                  
[  5]  10.00-11.00  sec  1.38 MBytes  11.5 Mbits/sec                  
[  5]  11.00-12.00  sec  1.25 MBytes  10.5 Mbits/sec                  
[  5]  12.00-13.00  sec  1.38 MBytes  11.5 Mbits/sec                  
[  5]  13.00-14.00  sec  1.38 MBytes  11.5 Mbits/sec                  
[  5]  14.00-15.00  sec  1.38 MBytes  11.5 Mbits/sec                  
[  5]  15.00-16.00  sec  1.38 MBytes  11.5 Mbits/sec                  
[  5]  16.00-17.00  sec  1.38 MBytes  11.5 Mbits/sec                  
[  5]  17.00-18.00  sec  1.38 MBytes  11.5 Mbits/sec                  
[  5]  18.00-19.00  sec  1.25 MBytes  10.5 Mbits/sec                  
[  5]  19.00-20.00  sec  1.38 MBytes  11.5 Mbits/sec                  
[  5]  20.00-21.00  sec  1.38 MBytes  11.5 Mbits/sec                  
- - - - - - - - - - - - - - - - - - - - - - - - -
[ ID] Interval           Transfer     Bitrate
[  5]   0.00-21.02  sec  28.4 MBytes  11.3 Mbits/sec                  receiver
iperf3: interrupt - the server has terminated
