Connecting to host 10.0.0.1, port 5413
[  5] local 10.0.0.4 port 42158 connected to 10.0.0.1 port 5413
[ ID] Interval           Transfer     Bitrate         Retr  Cwnd
[  5]   0.00-1.00   sec  6.38 MBytes  53.4 Mbits/sec    0    178 KBytes       
[  5]   1.00-2.00   sec  5.00 MBytes  41.9 Mbits/sec    0    212 KBytes       
[  5]   2.00-3.00   sec  4.88 MBytes  40.9 Mbits/sec    0    245 KBytes       
[  5]   3.00-4.00   sec  5.00 MBytes  42.0 Mbits/sec    0    277 KBytes       
[  5]   4.00-5.00   sec  6.12 MBytes  51.4 Mbits/sec    0    305 KBytes       
[  5]   5.00-6.00   sec  6.12 MBytes  51.4 Mbits/sec    0    331 KBytes       
[  5]   6.00-7.00   sec  5.00 MBytes  41.9 Mbits/sec    0    327 KBytes       
[  5]   7.00-8.00   sec  6.12 MBytes  51.4 Mbits/sec    0    325 KBytes       
[  5]   8.00-9.00   sec  4.88 MBytes  40.9 Mbits/sec    0    327 KBytes       
[  5]   9.00-10.00  sec  6.25 MBytes  52.4 Mbits/sec    0    328 KBytes       
[  5]  10.00-11.00  sec  6.12 MBytes  51.4 Mbits/sec    0    327 KBytes       
[  5]  11.00-12.00  sec  4.88 MBytes  40.9 Mbits/sec    0    327 KBytes       
[  5]  12.00-13.00  sec  6.25 MBytes  52.4 Mbits/sec    0    327 KBytes       
[  5]  13.00-14.00  sec  6.12 MBytes  51.4 Mbits/sec    0    327 KBytes       
[  5]  14.00-15.00  sec  4.88 MBytes  40.9 Mbits/sec    0    328 KBytes       
[  5]  15.00-16.00  sec  6.25 MBytes  52.4 Mbits/sec    0    328 KBytes       
[  5]  16.00-17.00  sec  4.88 MBytes  40.9 Mbits/sec    0    329 KBytes       
[  5]  17.00-18.00  sec  6.12 MBytes  51.4 Mbits/sec    0    328 KBytes       
[  5]  18.00-19.00  sec  6.25 MBytes  52.4 Mbits/sec    0    327 KBytes       
[  5]  19.00-20.00  sec  4.88 MBytes  40.9 Mbits/sec    0    327 KBytes       
[  5]  20.00-21.00  sec  6.12 MBytes  51.4 Mbits/sec    0    327 KBytes       
[  5]  21.00-22.00  sec  6.25 MBytes  52.4 Mbits/sec    0    325 KBytes       
[  5]  22.00-23.00  sec  4.88 MBytes  40.9 Mbits/sec    0    328 KBytes       
[  5]  23.00-24.00  sec  6.25 MBytes  52.4 Mbits/sec    0    329 KBytes       
[  5]  24.00-25.00  sec  6.12 MBytes  51.4 Mbits/sec    0    328 KBytes       
[  5]  25.00-26.00  sec  4.88 MBytes  40.9 Mbits/sec    0    328 KBytes       
[  5]  26.00-27.00  sec  6.25 MBytes  52.4 Mbits/sec    0    327 KBytes       
[  5]  27.00-28.00  sec  4.88 MBytes  40.9 Mbits/sec    0    327 KBytes       
[  5]  28.00-29.00  sec  6.12 MBytes  51.4 Mbits/sec    0    327 KBytes       
[  5]  29.00-30.00  sec  6.25 MBytes  52.4 Mbits/sec    0    328 KBytes       
- - - - - - - - - - - - - - - - - - - - - - - - -
[ ID] Interval           Transfer     Bitrate         Retr
[  5]   0.00-30.00  sec   170 MBytes  47.6 Mbits/sec    0             sender
[  5]   0.00-30.06  sec   168 MBytes  46.7 Mbits/sec                  receiver

iperf Done.
