Connecting to host 10.0.0.1, port 5424
[  5] local 10.0.0.4 port 33494 connected to 10.0.0.1 port 5424
[ ID] Interval           Transfer     Bitrate         Retr  Cwnd
[  5]   0.00-1.00   sec  6.88 MBytes  57.6 Mbits/sec    0    559 KBytes       
[  5]   1.00-2.00   sec  6.38 MBytes  53.5 Mbits/sec    0    853 KBytes       
[  5]   2.00-3.00   sec  5.38 MBytes  45.1 Mbits/sec    0    974 KBytes       
[  5]   3.00-4.00   sec  6.75 MBytes  56.6 Mbits/sec    0    597 KBytes       
[  5]   4.00-5.00   sec  5.50 MBytes  46.1 Mbits/sec    0    649 KBytes       
[  5]   5.00-6.00   sec  5.38 MBytes  45.1 Mbits/sec    0    686 KBytes       
[  5]   6.00-7.00   sec  5.50 MBytes  46.1 Mbits/sec    0    506 KBytes       
[  5]   7.00-8.00   sec  5.38 MBytes  45.1 Mbits/sec    0    546 KBytes       
[  5]   8.00-9.00   sec  6.75 MBytes  56.6 Mbits/sec    0    417 KBytes       
[  5]   9.00-10.00  sec  5.50 MBytes  46.1 Mbits/sec    0    322 KBytes       
[  5]  10.00-11.00  sec  5.38 MBytes  45.1 Mbits/sec    0    344 KBytes       
[  5]  11.00-12.00  sec  5.38 MBytes  45.1 Mbits/sec    0    355 KBytes       
[  5]  12.00-13.00  sec  6.88 MBytes  57.7 Mbits/sec    0    359 KBytes       
[  5]  13.00-14.00  sec  5.38 MBytes  45.1 Mbits/sec    0    359 KBytes       
[  5]  14.00-15.00  sec  5.38 MBytes  45.1 Mbits/sec    0    279 KBytes       
[  5]  15.00-16.00  sec  5.50 MBytes  46.1 Mbits/sec    0    318 KBytes       
[  5]  16.00-17.00  sec  5.38 MBytes  45.1 Mbits/sec    0    344 KBytes       
[  5]  17.00-18.00  sec  6.75 MBytes  56.6 Mbits/sec    0    198 KBytes       
[  5]  18.00-19.00  sec  4.12 MBytes  34.6 Mbits/sec    0    199 KBytes       
[  5]  19.00-20.00  sec  4.00 MBytes  33.6 Mbits/sec    0    211 KBytes       
[  5]  20.00-21.00  sec  5.50 MBytes  46.1 Mbits/sec    0    228 KBytes       
[  5]  21.00-22.00  sec  5.38 MBytes  45.1 Mbits/sec    0    245 KBytes       
[  5]  22.00-23.00  sec  5.50 MBytes  46.1 Mbits/sec    0    262 KBytes       
[  5]  23.00-24.00  sec  5.38 MBytes  45.1 Mbits/sec    0    279 KBytes       
[  5]  24.00-25.00  sec  5.38 MBytes  45.1 Mbits/sec    0    294 KBytes       
[  5]  25.00-26.00  sec  5.50 MBytes  46.1 Mbits/sec    0    308 KBytes       
[  5]  26.00-27.00  sec  6.75 MBytes  56.6 Mbits/sec    0    322 KBytes       
[  5]  27.00-28.00  sec  5.38 MBytes  45.1 Mbits/sec    0    337 KBytes       
[  5]  28.00-29.00  sec  5.50 MBytes  46.1 Mbits/sec    0    400 KBytes       
[  5]  29.00-30.00  sec  5.38 MBytes  45.1 Mbits/sec    0    491 KBytes       
- - - - - - - - - - - - - - - - - - - - - - - - -
[ ID] Interval           Transfer     Bitrate         Retr
[  5]   0.00-30.00  sec   169 MBytes  47.3 Mbits/sec    0             sender
[  5]   0.00-30.04  sec   166 MBytes  46.5 Mbits/sec                  receiver

iperf Done.
