Connecting to host 10.0.0.1, port 5336
[  5] local 10.0.0.4 port 46422 connected to 10.0.0.1 port 5336
[ ID] Interval           Transfer     Bitrate         Retr  Cwnd
[  5]   0.00-1.00   sec  7.75 MBytes  64.9 Mbits/sec    0    594 KBytes       
[  5]   1.00-2.00   sec  5.38 MBytes  45.1 Mbits/sec    0    888 KBytes       
[  5]   2.00-3.00   sec  5.38 MBytes  45.1 Mbits/sec    0   1.16 MBytes       
[  5]   3.00-4.00   sec  6.88 MBytes  57.7 Mbits/sec    0    998 KBytes       
[  5]   4.00-5.00   sec  5.38 MBytes  45.1 Mbits/sec    0   1.07 MBytes       
[  5]   5.00-6.00   sec  5.38 MBytes  45.1 Mbits/sec    0    564 KBytes       
[  5]   6.00-7.00   sec  5.50 MBytes  46.1 Mbits/sec    0    431 KBytes       
[  5]   7.00-8.00   sec  6.75 MBytes  56.6 Mbits/sec    0    232 KBytes       
[  5]   8.00-9.00   sec  5.38 MBytes  45.1 Mbits/sec    0    259 KBytes       
[  5]   9.00-10.00  sec  4.12 MBytes  34.6 Mbits/sec    0    201 KBytes       
[  5]  10.00-11.00  sec  5.38 MBytes  45.1 Mbits/sec    0    216 KBytes       
[  5]  11.00-12.00  sec  4.12 MBytes  34.6 Mbits/sec    0    229 KBytes       
[  5]  12.00-13.00  sec  5.38 MBytes  45.1 Mbits/sec    0    246 KBytes       
[  5]  13.00-14.00  sec  5.50 MBytes  46.1 Mbits/sec    0    263 KBytes       
[  5]  14.00-15.00  sec  6.75 MBytes  56.6 Mbits/sec    0    280 KBytes       
[  5]  15.00-16.00  sec  4.00 MBytes  33.6 Mbits/sec    0    232 KBytes       
[  5]  16.00-17.00  sec  4.12 MBytes  34.6 Mbits/sec    0    184 KBytes       
[  5]  17.00-18.00  sec  5.38 MBytes  45.1 Mbits/sec    0    195 KBytes       
[  5]  18.00-19.00  sec  4.12 MBytes  34.6 Mbits/sec    0    214 KBytes       
[  5]  19.00-20.00  sec  5.38 MBytes  45.1 Mbits/sec    0    230 KBytes       
[  5]  20.00-21.00  sec  4.12 MBytes  34.6 Mbits/sec    0    247 KBytes       
[  5]  21.00-22.00  sec  6.75 MBytes  56.6 Mbits/sec    0    264 KBytes       
[  5]  22.00-23.00  sec  5.38 MBytes  45.1 Mbits/sec    0    281 KBytes       
[  5]  23.00-24.00  sec  5.50 MBytes  46.1 Mbits/sec    0    297 KBytes       
[  5]  24.00-25.00  sec  5.38 MBytes  45.1 Mbits/sec    0    311 KBytes       
[  5]  25.00-26.00  sec  5.50 MBytes  46.1 Mbits/sec    0    325 KBytes       
[  5]  26.00-27.00  sec  6.75 MBytes  56.6 Mbits/sec    0    378 KBytes       
[  5]  27.00-28.00  sec  5.38 MBytes  45.1 Mbits/sec    0    467 KBytes       
[  5]  28.00-29.00  sec  5.50 MBytes  46.1 Mbits/sec    0    581 KBytes       
[  5]  29.00-30.00  sec  5.38 MBytes  45.1 Mbits/sec    0    724 KBytes       
- - - - - - - - - - - - - - - - - - - - - - - - -
[ ID] Interval           Transfer     Bitrate         Retr
[  5]   0.00-30.00  sec   164 MBytes  45.8 Mbits/sec    0             sender
[  5]   0.00-30.04  sec   161 MBytes  45.0 Mbits/sec                  receiver

iperf Done.
