Connecting to host 10.0.0.1, port 5386
[  5] local 10.0.0.4 port 46498 connected to 10.0.0.1 port 5386
[ ID] Interval           Transfer     Bitrate         Retr  Cwnd
[  5]   0.00-1.00   sec  6.88 MBytes  57.6 Mbits/sec    0    469 KBytes       
[  5]   1.00-2.00   sec  5.62 MBytes  47.2 Mbits/sec    0    464 KBytes       
[  5]   2.00-3.00   sec  5.62 MBytes  47.2 Mbits/sec    0    512 KBytes       
[  5]   3.00-4.00   sec  6.75 MBytes  56.6 Mbits/sec    0    544 KBytes       
[  5]   4.00-5.00   sec  5.62 MBytes  47.2 Mbits/sec    0    563 KBytes       
[  5]   5.00-6.00   sec  5.62 MBytes  47.2 Mbits/sec    0    573 KBytes       
[  5]   6.00-7.00   sec  5.62 MBytes  47.2 Mbits/sec    0    576 KBytes       
[  5]   7.00-8.00   sec  5.62 MBytes  47.2 Mbits/sec    0    576 KBytes       
[  5]   8.00-9.00   sec  5.62 MBytes  47.2 Mbits/sec    0    576 KBytes       
[  5]   9.00-10.00  sec  5.62 MBytes  47.2 Mbits/sec    0    581 KBytes       
[  5]  10.00-11.00  sec  5.88 MBytes  49.3 Mbits/sec    0    594 KBytes       
[  5]  11.00-12.00  sec  6.00 MBytes  50.3 Mbits/sec    0    617 KBytes       
[  5]  12.00-13.00  sec  5.00 MBytes  41.9 Mbits/sec    0    652 KBytes       
[  5]  13.00-14.00  sec  6.62 MBytes  55.6 Mbits/sec    0    706 KBytes       
[  5]  14.00-15.00  sec  5.38 MBytes  45.1 Mbits/sec    0    543 KBytes       
[  5]  15.00-16.00  sec  5.50 MBytes  46.1 Mbits/sec    0    618 KBytes       
[  5]  16.00-17.00  sec  6.75 MBytes  56.6 Mbits/sec    0    672 KBytes       
[  5]  17.00-18.00  sec  5.38 MBytes  45.1 Mbits/sec    0    354 KBytes       
[  5]  18.00-19.00  sec  5.50 MBytes  46.1 Mbits/sec    0    276 KBytes       
[  5]  19.00-20.00  sec  5.38 MBytes  45.1 Mbits/sec    0    298 KBytes       
[  5]  20.00-21.00  sec  5.38 MBytes  45.1 Mbits/sec    0    311 KBytes       
[  5]  21.00-22.00  sec  6.88 MBytes  57.7 Mbits/sec    0    315 KBytes       
[  5]  22.00-23.00  sec  5.38 MBytes  45.1 Mbits/sec    0    250 KBytes       
[  5]  23.00-24.00  sec  4.00 MBytes  33.6 Mbits/sec    0    199 KBytes       
[  5]  24.00-25.00  sec  4.12 MBytes  34.6 Mbits/sec    0    109 KBytes       
[  5]  25.00-26.00  sec  2.75 MBytes  23.1 Mbits/sec    0    124 KBytes       
[  5]  26.00-27.00  sec  2.62 MBytes  22.0 Mbits/sec    0    141 KBytes       
[  5]  27.00-28.00  sec  2.75 MBytes  23.1 Mbits/sec    0    160 KBytes       
[  5]  28.00-29.00  sec  4.12 MBytes  34.6 Mbits/sec    0    177 KBytes       
[  5]  29.00-30.00  sec  4.00 MBytes  33.6 Mbits/sec    0    194 KBytes       
- - - - - - - - - - - - - - - - - - - - - - - - -
[ ID] Interval           Transfer     Bitrate         Retr
[  5]   0.00-30.00  sec   158 MBytes  44.2 Mbits/sec    0             sender
[  5]   0.00-30.04  sec   155 MBytes  43.4 Mbits/sec                  receiver

iperf Done.
