Connecting to host 172.20.1.2, port 8081
[  5] local 172.20.1.1 port 45168 connected to 172.20.1.2 port 8081
[ ID] Interval           Transfer     Bitrate         Retr  Cwnd
[  5]   0.00-1.00   sec  2.38 MBytes  19.9 Mbits/sec    0   74.9 KBytes       
[  5]   1.00-2.00   sec  1.75 MBytes  14.7 Mbits/sec    0   93.3 KBytes       
[  5]   2.00-3.00   sec  2.25 MBytes  18.9 Mbits/sec    0    120 KBytes       
[  5]   3.00-4.00   sec  3.38 MBytes  28.3 Mbits/sec    0    151 KBytes       
[  5]   4.00-5.00   sec  4.00 MBytes  33.6 Mbits/sec    0    178 KBytes       
[  5]   5.00-6.00   sec  4.25 MBytes  35.7 Mbits/sec    0    195 KBytes       
[  5]   6.00-7.00   sec  4.75 MBytes  39.8 Mbits/sec    0    194 KBytes       
[  5]   7.00-8.00   sec  4.75 MBytes  39.8 Mbits/sec    0    189 KBytes       
[  5]   8.00-9.00   sec  4.38 MBytes  36.7 Mbits/sec    0    189 KBytes       
[  5]   9.00-10.00  sec  4.75 MBytes  39.8 Mbits/sec    0    189 KBytes       
[  5]  10.00-11.00  sec  4.25 MBytes  35.7 Mbits/sec    0    185 KBytes       
[  5]  11.00-12.00  sec  4.75 MBytes  39.8 Mbits/sec    0    189 KBytes       
[  5]  12.00-13.00  sec  4.38 MBytes  36.7 Mbits/sec    0    192 KBytes       
[  5]  13.00-14.00  sec  4.75 MBytes  39.8 Mbits/sec    0    191 KBytes       
[  5]  14.00-15.00  sec  4.25 MBytes  35.7 Mbits/sec    0    195 KBytes       
[  5]  15.00-16.00  sec  4.75 MBytes  39.8 Mbits/sec    0    187 KBytes       
[  5]  16.00-17.00  sec  4.38 MBytes  36.7 Mbits/sec    0    184 KBytes       
[  5]  17.00-18.00  sec  4.25 MBytes  35.7 Mbits/sec    0    192 KBytes       
[  5]  18.00-19.00  sec  4.75 MBytes  39.8 Mbits/sec    0    181 KBytes       
[  5]  19.00-20.00  sec  4.38 MBytes  36.7 Mbits/sec    0    185 KBytes       
[  5]  20.00-21.00  sec  4.25 MBytes  35.7 Mbits/sec    0    188 KBytes       
[  5]  21.00-22.00  sec  4.75 MBytes  39.8 Mbits/sec    0    187 KBytes       
[  5]  22.00-23.00  sec  4.38 MBytes  36.7 Mbits/sec    0    188 KBytes       
[  5]  23.00-24.00  sec  4.25 MBytes  35.7 Mbits/sec    0    191 KBytes       
[  5]  24.00-25.00  sec  4.75 MBytes  39.8 Mbits/sec    0    184 KBytes       
[  5]  25.00-26.00  sec  4.38 MBytes  36.7 Mbits/sec    0    195 KBytes       
[  5]  26.00-27.00  sec  4.75 MBytes  39.8 Mbits/sec    0    195 KBytes       
[  5]  27.00-28.00  sec  4.62 MBytes  38.8 Mbits/sec    0    185 KBytes       
[  5]  28.00-29.00  sec  4.38 MBytes  36.7 Mbits/sec    0    194 KBytes       
[  5]  29.00-30.00  sec  4.75 MBytes  39.8 Mbits/sec    0    206 KBytes       
- - - - - - - - - - - - - - - - - - - - - - - - -
[ ID] Interval           Transfer     Bitrate         Retr
[  5]   0.00-30.00  sec   127 MBytes  35.4 Mbits/sec    0             sender
[  5]   0.00-30.04  sec   126 MBytes  35.3 Mbits/sec                  receiver

iperf Done.
