Connecting to host 172.20.1.2, port 8081
[  5] local 172.20.1.1 port 44126 connected to 172.20.1.2 port 8081
[ ID] Interval           Transfer     Bitrate         Retr  Cwnd
[  5]   0.00-1.00   sec  1.50 MBytes  12.6 Mbits/sec    0   39.6 KBytes       
[  5]   1.00-2.00   sec  1.12 MBytes  9.44 Mbits/sec    0   73.5 KBytes       
[  5]   2.00-3.00   sec  2.25 MBytes  18.9 Mbits/sec    0    105 KBytes       
[  5]   3.00-4.00   sec  2.75 MBytes  23.1 Mbits/sec    0    137 KBytes       
[  5]   4.00-5.00   sec  3.88 MBytes  32.5 Mbits/sec    0    165 KBytes       
[  5]   5.00-6.00   sec  4.00 MBytes  33.6 Mbits/sec    0    182 KBytes       
[  5]   6.00-7.00   sec  4.50 MBytes  37.8 Mbits/sec    0    178 KBytes       
[  5]   7.00-8.00   sec  4.12 MBytes  34.6 Mbits/sec    0    180 KBytes       
[  5]   8.00-9.00   sec  4.38 MBytes  36.7 Mbits/sec    0    175 KBytes       
[  5]   9.00-10.00  sec  4.12 MBytes  34.6 Mbits/sec    0    182 KBytes       
[  5]  10.00-11.00  sec  4.38 MBytes  36.7 Mbits/sec    0    173 KBytes       
[  5]  11.00-12.00  sec  4.12 MBytes  34.6 Mbits/sec    0    174 KBytes       
[  5]  12.00-13.00  sec  4.00 MBytes  33.6 Mbits/sec    0    182 KBytes       
[  5]  13.00-14.00  sec  4.50 MBytes  37.7 Mbits/sec    0    182 KBytes       
[  5]  14.00-15.00  sec  4.38 MBytes  36.7 Mbits/sec    0    173 KBytes       
[  5]  15.00-16.00  sec  4.12 MBytes  34.6 Mbits/sec    0    173 KBytes       
[  5]  16.00-17.00  sec  4.00 MBytes  33.6 Mbits/sec    0    184 KBytes       
[  5]  17.00-18.00  sec  4.88 MBytes  40.9 Mbits/sec    0    189 KBytes       
[  5]  18.00-19.00  sec  4.38 MBytes  36.7 Mbits/sec    0    184 KBytes       
[  5]  19.00-20.00  sec  4.38 MBytes  36.7 Mbits/sec    0    175 KBytes       
[  5]  20.00-21.00  sec  4.25 MBytes  35.6 Mbits/sec    0    180 KBytes       
[  5]  21.00-22.00  sec  4.00 MBytes  33.6 Mbits/sec    0    177 KBytes       
[  5]  22.00-23.00  sec  4.12 MBytes  34.6 Mbits/sec    0    180 KBytes       
[  5]  23.00-24.00  sec  4.62 MBytes  38.8 Mbits/sec    0    198 KBytes       
[  5]  24.00-25.00  sec  4.75 MBytes  39.8 Mbits/sec    0    195 KBytes       
[  5]  25.00-26.00  sec  4.75 MBytes  39.8 Mbits/sec    0    192 KBytes       
[  5]  26.00-27.00  sec  4.75 MBytes  39.8 Mbits/sec    0    199 KBytes       
[  5]  27.00-28.00  sec  4.25 MBytes  35.7 Mbits/sec    0    194 KBytes       
[  5]  28.00-29.00  sec  4.75 MBytes  39.8 Mbits/sec    0    188 KBytes       
[  5]  29.00-30.00  sec  4.38 MBytes  36.7 Mbits/sec    0    195 KBytes       
- - - - - - - - - - - - - - - - - - - - - - - - -
[ ID] Interval           Transfer     Bitrate         Retr
[  5]   0.00-30.00  sec   120 MBytes  33.7 Mbits/sec    0             sender
[  5]   0.00-30.04  sec   120 MBytes  33.5 Mbits/sec                  receiver

iperf Done.
