-----------------------------------------------------------
Server listening on 8080 (test #1)
-----------------------------------------------------------
Accepted connection from 172.20.1.1, port 59688
[  5] local 172.20.1.2 port 8080 connected to 172.20.1.1 port 59700
[ ID] Interval           Transfer     Bitrate
[  5]   0.00-1.00   sec   512 KBytes  4.19 Mbits/sec                  
[  5]   1.00-2.00   sec   256 KBytes  2.10 Mbits/sec                  
[  5]   2.00-3.00   sec   384 KBytes  3.15 Mbits/sec                  
[  5]   3.00-4.00   sec   384 KBytes  3.15 Mbits/sec                  
[  5]   4.00-5.00   sec   384 KBytes  3.15 Mbits/sec                  
[  5]   5.00-6.00   sec   384 KBytes  3.15 Mbits/sec                  
[  5]   6.00-7.00   sec   256 KBytes  2.10 Mbits/sec                  
[  5]   7.00-8.00   sec   384 KBytes  3.15 Mbits/sec                  
[  5]   8.00-9.00   sec   384 KBytes  3.15 Mbits/sec                  
[  5]   9.00-10.00  sec   384 KBytes  3.15 Mbits/sec                  
[  5]  10.00-11.00  sec   384 KBytes  3.15 Mbits/sec                  
[  5]  11.00-12.00  sec   384 KBytes  3.15 Mbits/sec                  
[  5]  12.00-13.00  sec   256 KBytes  2.10 Mbits/sec                  
[  5]  13.00-14.00  sec   512 KBytes  4.19 Mbits/sec                  
[  5]  14.00-15.00  sec   256 KBytes  2.10 Mbits/sec                  
[  5]  15.00-16.00  sec   512 KBytes  4.19 Mbits/sec                  
[  5]  16.00-17.00  sec   256 KBytes  2.10 Mbits/sec                  
[  5]  17.00-18.00  sec   384 KBytes  3.15 Mbits/sec                  
[  5]  18.00-19.00  sec   384 KBytes  3.15 Mbits/sec                  
[  5]  19.00-20.00  sec   384 KBytes  3.15 Mbits/sec                  
[  5]  20.00-21.00  sec   256 KBytes  2.10 Mbits/sec                  
[  5]  21.00-22.00  sec   256 KBytes  2.10 Mbits/sec                  
[  5]  22.00-23.00  sec   512 KBytes  4.19 Mbits/sec                  
[  5]  23.00-24.00  sec   384 KBytes  3.15 Mbits/sec                  
[  5]  24.00-25.00  sec   384 KBytes  3.15 Mbits/sec                  
[  5]  25.00-26.00  sec   256 KBytes  2.10 Mbits/sec                  
[  5]  26.00-27.00  sec   512 KBytes  4.19 Mbits/sec                  
[  5]  27.00-28.00  sec   256 KBytes  2.10 Mbits/sec                  
[  5]  28.00-29.00  sec   384 KBytes  3.14 Mbits/sec                  
[  5]  29.00-30.00  sec   384 KBytes  3.15 Mbits/sec                  
- - - - - - - - - - - - - - - - - - - - - - - - -
[ ID] Interval           Transfer     Bitrate
[  5]   0.00-30.02  sec  10.8 MBytes  3.00 Mbits/sec                  receiver
iperf3: interrupt - the server has terminated
