-----------------------------------------------------------
Server listening on 8081 (test #1)
-----------------------------------------------------------
Accepted connection from 172.20.1.1, port 49156
[  5] local 172.20.1.2 port 8081 connected to 172.20.1.1 port 49162
[ ID] Interval           Transfer     Bitrate
[  5]   0.00-1.00   sec  5.75 MBytes  48.2 Mbits/sec                  
[  5]   1.00-2.00   sec  14.5 MBytes   122 Mbits/sec                  
[  5]   2.00-3.00   sec  14.8 MBytes   124 Mbits/sec                  
[  5]   3.00-4.00   sec  15.0 MBytes   126 Mbits/sec                  
[  5]   4.00-5.00   sec  15.0 MBytes   126 Mbits/sec                  
[  5]   5.00-6.00   sec  15.2 MBytes   128 Mbits/sec                  
[  5]   6.00-7.00   sec  15.4 MBytes   129 Mbits/sec                  
[  5]   7.00-8.00   sec  15.4 MBytes   129 Mbits/sec                  
[  5]   8.00-9.00   sec  15.6 MBytes   131 Mbits/sec                  
[  5]   9.00-10.00  sec  15.8 MBytes   132 Mbits/sec                  
[  5]  10.00-11.00  sec  15.9 MBytes   133 Mbits/sec                  
[  5]  11.00-12.00  sec  16.1 MBytes   135 Mbits/sec                  
[  5]  12.00-13.00  sec  16.1 MBytes   135 Mbits/sec                  
[  5]  13.00-14.00  sec  16.2 MBytes   136 Mbits/sec                  
[  5]  14.00-15.00  sec  16.4 MBytes   137 Mbits/sec                  
[  5]  15.00-16.00  sec  16.6 MBytes   139 Mbits/sec                  
[  5]  16.00-17.00  sec  16.8 MBytes   141 Mbits/sec                  
[  5]  17.00-18.00  sec  16.8 MBytes   141 Mbits/sec                  
[  5]  18.00-19.00  sec  17.0 MBytes   143 Mbits/sec                  
[  5]  19.00-20.00  sec  17.1 MBytes   144 Mbits/sec                  
[  5]  20.00-21.00  sec  17.2 MBytes   145 Mbits/sec                  
[  5]  21.00-22.00  sec  17.4 MBytes   146 Mbits/sec                  
[  5]  22.00-23.00  sec  17.5 MBytes   147 Mbits/sec                  
[  5]  23.00-24.00  sec  17.6 MBytes   148 Mbits/sec                  
[  5]  24.00-25.00  sec  17.8 MBytes   149 Mbits/sec                  
[  5]  25.00-26.00  sec  17.9 MBytes   150 Mbits/sec                  
[  5]  26.00-27.00  sec  18.1 MBytes   152 Mbits/sec                  
[  5]  27.00-28.00  sec  18.1 MBytes   152 Mbits/sec                  
[  5]  28.00-29.00  sec  18.4 MBytes   154 Mbits/sec                  
[  5]  29.00-30.00  sec  18.5 MBytes   155 Mbits/sec                  
[  5]  30.00-30.10  sec  1.88 MBytes   156 Mbits/sec                  
- - - - - - - - - - - - - - - - - - - - - - - - -
[ ID] Interval           Transfer     Bitrate
[  5]   0.00-30.10  sec   488 MBytes   136 Mbits/sec                  receiver
iperf3: interrupt - the server has terminated
