-----------------------------------------------------------
Server listening on 8081 (test #1)
-----------------------------------------------------------
Accepted connection from 172.20.1.1, port 60794
[  5] local 172.20.1.2 port 8081 connected to 172.20.1.1 port 60802
[ ID] Interval           Transfer     Bitrate
[  5]   0.00-1.00   sec  5.62 MBytes  47.1 Mbits/sec                  
[  5]   1.00-2.00   sec  8.38 MBytes  70.3 Mbits/sec                  
[  5]   2.00-3.00   sec  7.88 MBytes  66.1 Mbits/sec                  
[  5]   3.00-4.00   sec  8.00 MBytes  67.1 Mbits/sec                  
[  5]   4.00-5.00   sec  8.12 MBytes  68.2 Mbits/sec                  
[  5]   5.00-6.00   sec  8.38 MBytes  70.3 Mbits/sec                  
[  5]   6.00-7.00   sec  8.38 MBytes  70.3 Mbits/sec                  
[  5]   7.00-8.00   sec  8.62 MBytes  72.4 Mbits/sec                  
[  5]   8.00-9.00   sec  8.75 MBytes  73.4 Mbits/sec                  
[  5]   9.00-10.00  sec  8.88 MBytes  74.4 Mbits/sec                  
[  5]  10.00-11.00  sec  9.00 MBytes  75.5 Mbits/sec                  
[  5]  11.00-12.00  sec  9.12 MBytes  76.5 Mbits/sec                  
[  5]  12.00-13.00  sec  9.25 MBytes  77.6 Mbits/sec                  
[  5]  13.00-14.00  sec  9.38 MBytes  78.6 Mbits/sec                  
[  5]  14.00-15.00  sec  9.50 MBytes  79.7 Mbits/sec                  
[  5]  15.00-16.00  sec  9.75 MBytes  81.8 Mbits/sec                  
[  5]  16.00-17.00  sec  9.75 MBytes  81.8 Mbits/sec                  
[  5]  17.00-18.00  sec  10.0 MBytes  83.9 Mbits/sec                  
[  5]  18.00-19.00  sec  10.1 MBytes  84.9 Mbits/sec                  
[  5]  19.00-20.00  sec  10.1 MBytes  84.9 Mbits/sec                  
[  5]  20.00-21.00  sec  10.4 MBytes  87.0 Mbits/sec                  
[  5]  21.00-22.00  sec  10.5 MBytes  88.1 Mbits/sec                  
[  5]  22.00-23.00  sec  10.6 MBytes  89.1 Mbits/sec                  
[  5]  23.00-24.00  sec  10.8 MBytes  90.2 Mbits/sec                  
[  5]  24.00-25.00  sec  11.0 MBytes  92.3 Mbits/sec                  
[  5]  25.00-26.00  sec  11.0 MBytes  92.3 Mbits/sec                  
[  5]  26.00-27.00  sec  11.1 MBytes  93.3 Mbits/sec                  
[  5]  27.00-28.00  sec  11.4 MBytes  95.4 Mbits/sec                  
[  5]  28.00-29.00  sec  11.4 MBytes  95.4 Mbits/sec                  
[  5]  29.00-30.00  sec  11.6 MBytes  97.5 Mbits/sec                  
[  5]  30.00-30.10  sec  1.12 MBytes  94.0 Mbits/sec                  
- - - - - - - - - - - - - - - - - - - - - - - - -
[ ID] Interval           Transfer     Bitrate
[  5]   0.00-30.10  sec   288 MBytes  80.2 Mbits/sec                  receiver
iperf3: interrupt - the server has terminated
