Connecting to host 172.20.1.2, port 8081
[  5] local 172.20.1.1 port 55598 connected to 172.20.1.2 port 8081
[ ID] Interval           Transfer     Bitrate         Retr  Cwnd
[  5]   0.00-1.00   sec  8.50 MBytes  71.2 Mbits/sec    0   2.89 MBytes       
[  5]   1.00-2.00   sec  10.9 MBytes  91.2 Mbits/sec    0    991 KBytes       
[  5]   2.00-3.00   sec  9.50 MBytes  79.7 Mbits/sec    0   1005 KBytes       
[  5]   3.00-4.00   sec  10.9 MBytes  91.2 Mbits/sec    0   1020 KBytes       
[  5]   4.00-5.00   sec  9.50 MBytes  79.7 Mbits/sec    0   1.01 MBytes       
[  5]   5.00-6.00   sec  9.50 MBytes  79.7 Mbits/sec    0   1.02 MBytes       
[  5]   6.00-7.00   sec  10.9 MBytes  91.2 Mbits/sec    0   1.04 MBytes       
[  5]   7.00-8.00   sec  9.38 MBytes  78.6 Mbits/sec    0   1.05 MBytes       
[  5]   8.00-9.00   sec  10.9 MBytes  91.2 Mbits/sec    0   1.06 MBytes       
[  5]   9.00-10.00  sec  10.9 MBytes  91.2 Mbits/sec    0   1.08 MBytes       
[  5]  10.00-11.00  sec  10.9 MBytes  91.2 Mbits/sec    0   1.09 MBytes       
[  5]  11.00-12.00  sec  10.9 MBytes  91.2 Mbits/sec    0   1.11 MBytes       
[  5]  12.00-13.00  sec  10.8 MBytes  90.2 Mbits/sec    0   1.12 MBytes       
[  5]  13.00-14.00  sec  10.9 MBytes  91.2 Mbits/sec    0   1.13 MBytes       
[  5]  14.00-15.00  sec  12.2 MBytes   103 Mbits/sec    0   1.15 MBytes       
[  5]  15.00-16.00  sec  10.8 MBytes  90.2 Mbits/sec    0   1.16 MBytes       
[  5]  16.00-17.00  sec  12.2 MBytes   103 Mbits/sec    0   1.18 MBytes       
[  5]  17.00-18.00  sec  10.9 MBytes  91.2 Mbits/sec    0   1.19 MBytes       
[  5]  18.00-19.00  sec  12.1 MBytes   102 Mbits/sec    0   1.20 MBytes       
[  5]  19.00-20.00  sec  12.2 MBytes   103 Mbits/sec    0   1.22 MBytes       
[  5]  20.00-21.00  sec  12.2 MBytes   103 Mbits/sec    0   1.23 MBytes       
[  5]  21.00-22.00  sec  12.1 MBytes   102 Mbits/sec    0   1.24 MBytes       
[  5]  22.00-23.00  sec  12.2 MBytes   103 Mbits/sec    0   1.26 MBytes       
[  5]  23.00-24.00  sec  12.2 MBytes   103 Mbits/sec    0   1.27 MBytes       
[  5]  24.00-25.00  sec  12.1 MBytes   102 Mbits/sec    0   1.28 MBytes       
[  5]  25.00-26.00  sec  13.6 MBytes   114 Mbits/sec    0   1.30 MBytes       
[  5]  26.00-27.00  sec  12.1 MBytes   102 Mbits/sec    0   1.31 MBytes       
[  5]  27.00-28.00  sec  13.6 MBytes   114 Mbits/sec    0   1.33 MBytes       
[  5]  28.00-29.00  sec  13.5 MBytes   113 Mbits/sec    0   1.34 MBytes       
[  5]  29.00-30.00  sec  13.6 MBytes   114 Mbits/sec    0   1.35 MBytes       
- - - - - - - - - - - - - - - - - - - - - - - - -
[ ID] Interval           Transfer     Bitrate         Retr
[  5]   0.00-30.00  sec   342 MBytes  95.7 Mbits/sec    0             sender
[  5]   0.00-30.10  sec   340 MBytes  94.8 Mbits/sec                  receiver

iperf Done.
