Connecting to host 10.0.0.1, port 5432
[  5] local 10.0.0.4 port 48166 connected to 10.0.0.1 port 5432
[ ID] Interval           Transfer     Bitrate         Retr  Cwnd
[  5]   0.00-1.00   sec  7.38 MBytes  61.8 Mbits/sec    0    581 KBytes       
[  5]   1.00-2.00   sec  6.62 MBytes  55.6 Mbits/sec    0    877 KBytes       
[  5]   2.00-3.00   sec  5.38 MBytes  45.1 Mbits/sec    0   1.14 MBytes       
[  5]   3.00-4.00   sec  5.50 MBytes  46.1 Mbits/sec    0   1.43 MBytes       
[  5]   4.00-5.00   sec  5.38 MBytes  45.1 Mbits/sec    0   1.46 MBytes       
[  5]   5.00-6.00   sec  5.62 MBytes  47.2 Mbits/sec    3   1.05 MBytes       
[  5]   6.00-7.00   sec  6.88 MBytes  57.7 Mbits/sec    0    458 KBytes       
[  5]   7.00-8.00   sec  4.00 MBytes  33.6 Mbits/sec    0    174 KBytes       
[  5]   8.00-9.00   sec  4.12 MBytes  34.6 Mbits/sec    0    139 KBytes       
[  5]   9.00-10.00  sec  2.62 MBytes  22.0 Mbits/sec    0    112 KBytes       
[  5]  10.00-11.00  sec  2.75 MBytes  23.1 Mbits/sec    0   96.2 KBytes       
[  5]  11.00-12.00  sec  2.75 MBytes  23.1 Mbits/sec    0    113 KBytes       
[  5]  12.00-13.00  sec  2.75 MBytes  23.1 Mbits/sec    0    126 KBytes       
[  5]  13.00-14.00  sec  1.25 MBytes  10.5 Mbits/sec    0   74.9 KBytes       
[  5]  14.00-15.00  sec  2.75 MBytes  23.1 Mbits/sec    0   90.5 KBytes       
[  5]  15.00-16.00  sec  1.38 MBytes  11.5 Mbits/sec    0   77.8 KBytes       
[  5]  16.00-17.00  sec  2.75 MBytes  23.1 Mbits/sec    0   67.9 KBytes       
[  5]  17.00-18.00  sec  1.25 MBytes  10.5 Mbits/sec    0   62.2 KBytes       
[  5]  18.00-19.00  sec  1.38 MBytes  11.5 Mbits/sec    0   79.2 KBytes       
[  5]  19.00-20.00  sec  1.38 MBytes  11.5 Mbits/sec    0   96.2 KBytes       
[  5]  20.00-21.00  sec  2.75 MBytes  23.1 Mbits/sec    0    115 KBytes       
[  5]  21.00-22.00  sec  1.38 MBytes  11.5 Mbits/sec    0   69.3 KBytes       
[  5]  22.00-23.00  sec  2.62 MBytes  22.0 Mbits/sec    0   86.3 KBytes       
[  5]  23.00-24.00  sec  1.38 MBytes  11.5 Mbits/sec    0    103 KBytes       
[  5]  24.00-25.00  sec  2.75 MBytes  23.1 Mbits/sec    0    122 KBytes       
[  5]  25.00-26.00  sec  2.75 MBytes  23.1 Mbits/sec    0    139 KBytes       
[  5]  26.00-27.00  sec  2.62 MBytes  22.0 Mbits/sec    0   82.0 KBytes       
[  5]  27.00-28.00  sec  2.75 MBytes  23.1 Mbits/sec    0   97.6 KBytes       
[  5]  28.00-29.00  sec  1.38 MBytes  11.5 Mbits/sec    0   86.3 KBytes       
[  5]  29.00-30.00  sec  2.75 MBytes  23.1 Mbits/sec    0    100 KBytes       
- - - - - - - - - - - - - - - - - - - - - - - - -
[ ID] Interval           Transfer     Bitrate         Retr
[  5]   0.00-30.00  sec  97.0 MBytes  27.1 Mbits/sec    3             sender
[  5]   0.00-30.04  sec  93.2 MBytes  26.0 Mbits/sec                  receiver

iperf Done.
