Connecting to host 10.0.0.1, port 5352
[  5] local 10.0.0.4 port 38530 connected to 10.0.0.1 port 5352
[ ID] Interval           Transfer     Bitrate         Retr  Cwnd
[  5]   0.00-1.00   sec  6.25 MBytes  52.4 Mbits/sec    0    414 KBytes       
[  5]   1.00-2.00   sec  6.38 MBytes  53.5 Mbits/sec    0    710 KBytes       
[  5]   2.00-3.00   sec  6.75 MBytes  56.6 Mbits/sec    0   1004 KBytes       
[  5]   3.00-4.00   sec  5.50 MBytes  46.1 Mbits/sec    0   1.27 MBytes       
[  5]   4.00-5.00   sec  5.38 MBytes  45.1 Mbits/sec    0   1.56 MBytes       
[  5]   5.00-6.00   sec  4.12 MBytes  34.6 Mbits/sec   58   1.23 MBytes       
[  5]   6.00-7.00   sec  7.75 MBytes  65.0 Mbits/sec    4    666 KBytes       
[  5]   7.00-8.00   sec  5.38 MBytes  45.1 Mbits/sec    0    334 KBytes       
[  5]   8.00-9.00   sec  4.12 MBytes  34.6 Mbits/sec    0    184 KBytes       
[  5]   9.00-10.00  sec  5.38 MBytes  45.1 Mbits/sec    0    136 KBytes       
[  5]  10.00-11.00  sec  1.38 MBytes  11.5 Mbits/sec    0    112 KBytes       
[  5]  11.00-12.00  sec  2.75 MBytes  23.1 Mbits/sec    0    129 KBytes       
[  5]  12.00-13.00  sec  4.00 MBytes  33.6 Mbits/sec    0    105 KBytes       
[  5]  13.00-14.00  sec  1.38 MBytes  11.5 Mbits/sec    0   87.7 KBytes       
[  5]  14.00-15.00  sec  1.38 MBytes  11.5 Mbits/sec    0   77.8 KBytes       
[  5]  15.00-16.00  sec  2.75 MBytes  23.1 Mbits/sec    0   91.9 KBytes       
[  5]  16.00-17.00  sec  1.25 MBytes  10.5 Mbits/sec    0    110 KBytes       
[  5]  17.00-18.00  sec  2.75 MBytes  23.1 Mbits/sec    0   96.2 KBytes       
[  5]  18.00-19.00  sec  2.75 MBytes  23.1 Mbits/sec    0   77.8 KBytes       
[  5]  19.00-20.00  sec  1.38 MBytes  11.5 Mbits/sec    0   66.5 KBytes       
[  5]  20.00-21.00  sec  1.25 MBytes  10.5 Mbits/sec    0   83.4 KBytes       
[  5]  21.00-22.00  sec  2.75 MBytes  23.1 Mbits/sec    0   99.0 KBytes       
[  5]  22.00-23.00  sec  1.38 MBytes  11.5 Mbits/sec    0    116 KBytes       
[  5]  23.00-24.00  sec  4.12 MBytes  34.6 Mbits/sec    0    134 KBytes       
[  5]  24.00-25.00  sec  2.62 MBytes  22.0 Mbits/sec    0    105 KBytes       
[  5]  25.00-26.00  sec  1.38 MBytes  11.5 Mbits/sec    0   89.1 KBytes       
[  5]  26.00-27.00  sec  2.75 MBytes  23.1 Mbits/sec    0    107 KBytes       
[  5]  27.00-28.00  sec  2.62 MBytes  22.0 Mbits/sec    0    124 KBytes       
[  5]  28.00-29.00  sec  2.75 MBytes  23.1 Mbits/sec    0   73.5 KBytes       
[  5]  29.00-30.00  sec  1.38 MBytes  11.5 Mbits/sec    0   62.2 KBytes       
- - - - - - - - - - - - - - - - - - - - - - - - -
[ ID] Interval           Transfer     Bitrate         Retr
[  5]   0.00-30.00  sec   102 MBytes  28.5 Mbits/sec   62             sender
[  5]   0.00-30.04  sec  98.4 MBytes  27.5 Mbits/sec                  receiver

iperf Done.
