Connecting to host 10.0.0.1, port 5318
[  5] local 10.0.0.4 port 48880 connected to 10.0.0.1 port 5318
[ ID] Interval           Transfer     Bitrate         Retr  Cwnd
[  5]   0.00-1.00   sec  6.62 MBytes  55.5 Mbits/sec    0    400 KBytes       
[  5]   1.00-2.00   sec  6.25 MBytes  52.4 Mbits/sec    0    696 KBytes       
[  5]   2.00-3.00   sec  5.50 MBytes  46.1 Mbits/sec    0    990 KBytes       
[  5]   3.00-4.00   sec  6.75 MBytes  56.6 Mbits/sec    0   1.25 MBytes       
[  5]   4.00-5.00   sec  5.38 MBytes  45.1 Mbits/sec    0   1.54 MBytes       
[  5]   5.00-6.00   sec  4.12 MBytes  34.6 Mbits/sec   47   1.31 MBytes       
[  5]   6.00-7.00   sec  6.75 MBytes  56.6 Mbits/sec  242    891 KBytes       
[  5]   7.00-8.00   sec  5.38 MBytes  45.1 Mbits/sec    0    403 KBytes       
[  5]   8.00-9.00   sec  5.38 MBytes  45.1 Mbits/sec    0    182 KBytes       
[  5]   9.00-10.00  sec  4.12 MBytes  34.6 Mbits/sec    0    139 KBytes       
[  5]  10.00-11.00  sec  2.75 MBytes  23.1 Mbits/sec    0    113 KBytes       
[  5]  11.00-12.00  sec  2.62 MBytes  22.0 Mbits/sec    0    130 KBytes       
[  5]  12.00-13.00  sec  2.75 MBytes  23.1 Mbits/sec    0    147 KBytes       
[  5]  13.00-14.00  sec  4.12 MBytes  34.6 Mbits/sec    0    120 KBytes       
[  5]  14.00-15.00  sec  2.62 MBytes  22.0 Mbits/sec    0    143 KBytes       
[  5]  15.00-16.00  sec  2.75 MBytes  23.1 Mbits/sec    0    115 KBytes       
[  5]  16.00-17.00  sec  2.75 MBytes  23.1 Mbits/sec    0   94.7 KBytes       
[  5]  17.00-18.00  sec  2.62 MBytes  22.0 Mbits/sec    0    116 KBytes       
[  5]  18.00-19.00  sec  2.75 MBytes  23.1 Mbits/sec    0    126 KBytes       
[  5]  19.00-20.00  sec  2.75 MBytes  23.1 Mbits/sec    0    143 KBytes       
[  5]  20.00-21.00  sec  2.62 MBytes  22.0 Mbits/sec    0    161 KBytes       
[  5]  21.00-22.00  sec  4.12 MBytes  34.6 Mbits/sec    0    175 KBytes       
[  5]  22.00-23.00  sec  4.00 MBytes  33.6 Mbits/sec    0    105 KBytes       
[  5]  23.00-24.00  sec  1.38 MBytes  11.5 Mbits/sec    0    122 KBytes       
[  5]  24.00-25.00  sec  2.75 MBytes  23.1 Mbits/sec    0   73.5 KBytes       
[  5]  25.00-26.00  sec  2.75 MBytes  23.1 Mbits/sec    0   89.1 KBytes       
[  5]  26.00-27.00  sec  1.38 MBytes  11.5 Mbits/sec    0    107 KBytes       
[  5]  27.00-28.00  sec  2.62 MBytes  22.0 Mbits/sec    0    107 KBytes       
[  5]  28.00-29.00  sec  2.75 MBytes  23.1 Mbits/sec    0    109 KBytes       
[  5]  29.00-30.00  sec  1.38 MBytes  11.5 Mbits/sec    0   87.7 KBytes       
- - - - - - - - - - - - - - - - - - - - - - - - -
[ ID] Interval           Transfer     Bitrate         Retr
[  5]   0.00-30.00  sec   110 MBytes  30.9 Mbits/sec  289             sender
[  5]   0.00-30.04  sec   108 MBytes  30.1 Mbits/sec                  receiver

iperf Done.
