Connecting to host 10.0.0.1, port 5464
[  5] local 10.0.0.4 port 44810 connected to 10.0.0.1 port 5464
[ ID] Interval           Transfer     Bitrate         Retr  Cwnd
[  5]   0.00-1.00   sec  7.25 MBytes  60.8 Mbits/sec    0    559 KBytes       
[  5]   1.00-2.00   sec  6.50 MBytes  54.5 Mbits/sec    0    854 KBytes       
[  5]   2.00-3.00   sec  5.38 MBytes  45.1 Mbits/sec    0   1.12 MBytes       
[  5]   3.00-4.00   sec  5.50 MBytes  46.1 Mbits/sec    0   1.41 MBytes       
[  5]   4.00-5.00   sec  5.38 MBytes  45.1 Mbits/sec    0   1.70 MBytes       
[  5]   5.00-6.00   sec  5.12 MBytes  43.0 Mbits/sec   96    885 KBytes       
[  5]   6.00-7.00   sec  7.50 MBytes  62.9 Mbits/sec    0    458 KBytes       
[  5]   7.00-8.00   sec  4.00 MBytes  33.6 Mbits/sec    0    173 KBytes       
[  5]   8.00-9.00   sec  4.12 MBytes  34.6 Mbits/sec    0    132 KBytes       
[  5]   9.00-10.00  sec  4.12 MBytes  34.6 Mbits/sec    0    109 KBytes       
[  5]  10.00-11.00  sec  1.25 MBytes  10.5 Mbits/sec    0    124 KBytes       
[  5]  11.00-12.00  sec  4.12 MBytes  34.6 Mbits/sec    0    141 KBytes       
[  5]  12.00-13.00  sec  2.75 MBytes  23.1 Mbits/sec    0    160 KBytes       
[  5]  13.00-14.00  sec  4.00 MBytes  33.5 Mbits/sec    0    136 KBytes       
[  5]  14.00-15.00  sec  2.75 MBytes  23.1 Mbits/sec    0   97.6 KBytes       
[  5]  15.00-16.00  sec  1.38 MBytes  11.5 Mbits/sec    0   86.3 KBytes       
[  5]  16.00-17.00  sec  2.62 MBytes  22.0 Mbits/sec    0    103 KBytes       
[  5]  17.00-18.00  sec  1.38 MBytes  11.5 Mbits/sec    0    122 KBytes       
[  5]  18.00-19.00  sec  4.12 MBytes  34.6 Mbits/sec    0    139 KBytes       
[  5]  19.00-20.00  sec  1.38 MBytes  11.5 Mbits/sec    0    120 KBytes       
[  5]  20.00-21.00  sec  2.62 MBytes  22.0 Mbits/sec    0   99.0 KBytes       
[  5]  21.00-22.00  sec  2.75 MBytes  23.1 Mbits/sec    0    117 KBytes       
[  5]  22.00-23.00  sec  2.75 MBytes  23.1 Mbits/sec    0    134 KBytes       
[  5]  23.00-24.00  sec  2.62 MBytes  22.0 Mbits/sec    0    151 KBytes       
[  5]  24.00-25.00  sec  4.12 MBytes  34.6 Mbits/sec    0    170 KBytes       
[  5]  25.00-26.00  sec  4.00 MBytes  33.5 Mbits/sec    0    187 KBytes       
[  5]  26.00-27.00  sec  4.12 MBytes  34.6 Mbits/sec    0    205 KBytes       
[  5]  27.00-28.00  sec  5.38 MBytes  45.1 Mbits/sec    0    222 KBytes       
[  5]  28.00-29.00  sec  2.75 MBytes  23.1 Mbits/sec    0    124 KBytes       
[  5]  29.00-30.00  sec  1.38 MBytes  11.5 Mbits/sec    0   70.7 KBytes       
- - - - - - - - - - - - - - - - - - - - - - - - -
[ ID] Interval           Transfer     Bitrate         Retr
[  5]   0.00-30.00  sec   113 MBytes  31.6 Mbits/sec   96             sender
[  5]   0.00-30.04  sec   110 MBytes  30.9 Mbits/sec                  receiver

iperf Done.
