Connecting to host 10.0.0.1, port 5328
[  5] local 10.0.0.4 port 37432 connected to 10.0.0.1 port 5328
[ ID] Interval           Transfer     Bitrate         Retr  Cwnd
[  5]   0.00-1.00   sec  6.12 MBytes  51.3 Mbits/sec    0    416 KBytes       
[  5]   1.00-2.00   sec  7.75 MBytes  65.0 Mbits/sec    0    710 KBytes       
[  5]   2.00-3.00   sec  5.38 MBytes  45.1 Mbits/sec    0   1005 KBytes       
[  5]   3.00-4.00   sec  5.50 MBytes  46.1 Mbits/sec    0    826 KBytes       
[  5]   4.00-5.00   sec  5.38 MBytes  45.1 Mbits/sec    0    436 KBytes       
[  5]   5.00-6.00   sec  5.50 MBytes  46.1 Mbits/sec    0    338 KBytes       
[  5]   6.00-7.00   sec  6.75 MBytes  56.6 Mbits/sec    0    363 KBytes       
[  5]   7.00-8.00   sec  5.38 MBytes  45.1 Mbits/sec    0    266 KBytes       
[  5]   8.00-9.00   sec  5.50 MBytes  46.1 Mbits/sec    0    208 KBytes       
[  5]   9.00-10.00  sec  5.38 MBytes  45.1 Mbits/sec    0    230 KBytes       
[  5]  10.00-11.00  sec  4.12 MBytes  34.6 Mbits/sec    0    168 KBytes       
[  5]  11.00-12.00  sec  4.00 MBytes  33.5 Mbits/sec    0    191 KBytes       
[  5]  12.00-13.00  sec  5.38 MBytes  45.1 Mbits/sec    0    202 KBytes       
[  5]  13.00-14.00  sec  4.12 MBytes  34.6 Mbits/sec    0    219 KBytes       
[  5]  14.00-15.00  sec  5.38 MBytes  45.1 Mbits/sec    0    238 KBytes       
[  5]  15.00-16.00  sec  4.12 MBytes  34.6 Mbits/sec    0    199 KBytes       
[  5]  16.00-17.00  sec  5.38 MBytes  45.1 Mbits/sec    0    222 KBytes       
[  5]  17.00-18.00  sec  4.12 MBytes  34.6 Mbits/sec    0    173 KBytes       
[  5]  18.00-19.00  sec  4.00 MBytes  33.6 Mbits/sec    0    185 KBytes       
[  5]  19.00-20.00  sec  4.12 MBytes  34.6 Mbits/sec    0    202 KBytes       
[  5]  20.00-21.00  sec  4.00 MBytes  33.6 Mbits/sec    0    219 KBytes       
[  5]  21.00-22.00  sec  5.50 MBytes  46.1 Mbits/sec    0    236 KBytes       
[  5]  22.00-23.00  sec  5.38 MBytes  45.1 Mbits/sec    0    253 KBytes       
[  5]  23.00-24.00  sec  5.50 MBytes  46.1 Mbits/sec    0    270 KBytes       
[  5]  24.00-25.00  sec  6.75 MBytes  56.6 Mbits/sec    0    287 KBytes       
[  5]  25.00-26.00  sec  5.38 MBytes  45.1 Mbits/sec    0    301 KBytes       
[  5]  26.00-27.00  sec  5.50 MBytes  46.1 Mbits/sec    0    317 KBytes       
[  5]  27.00-28.00  sec  5.38 MBytes  45.1 Mbits/sec    0    355 KBytes       
[  5]  28.00-29.00  sec  5.38 MBytes  45.1 Mbits/sec    0    440 KBytes       
[  5]  29.00-30.00  sec  6.88 MBytes  57.6 Mbits/sec    0    549 KBytes       
- - - - - - - - - - - - - - - - - - - - - - - - -
[ ID] Interval           Transfer     Bitrate         Retr
[  5]   0.00-30.00  sec   159 MBytes  44.5 Mbits/sec    0             sender
[  5]   0.00-30.04  sec   156 MBytes  43.4 Mbits/sec                  receiver

iperf Done.
