iperf3: interrupt - the server has terminated
-----------------------------------------------------------
Server listening on 5493 (test #1)
-----------------------------------------------------------
Accepted connection from 10.0.0.2, port 37570
[  5] local 10.0.0.1 port 5493 connected to 10.0.0.2 port 37574
[ ID] Interval           Transfer     Bitrate
[  5]   0.00-1.00   sec  5.25 MBytes  44.0 Mbits/sec                  
[  5]   1.00-2.00   sec  16.1 MBytes   135 Mbits/sec                  
[  5]   2.00-3.00   sec  14.2 MBytes   120 Mbits/sec                  
[  5]   3.00-4.00   sec  14.2 MBytes   120 Mbits/sec                  
[  5]   4.00-5.00   sec  14.4 MBytes   121 Mbits/sec                  
[  5]   5.00-6.00   sec  14.5 MBytes   122 Mbits/sec                  
[  5]   6.00-7.00   sec  14.6 MBytes   123 Mbits/sec                  
[  5]   7.00-8.00   sec  14.8 MBytes   124 Mbits/sec                  
[  5]   8.00-9.00   sec  15.0 MBytes   126 Mbits/sec                  
[  5]   9.00-10.00  sec  15.0 MBytes   126 Mbits/sec                  
[  5]  10.00-11.00  sec  15.2 MBytes   128 Mbits/sec                  
[  5]  11.00-12.00  sec  15.2 MBytes   128 Mbits/sec                  
[  5]  12.00-13.00  sec  15.4 MBytes   129 Mbits/sec                  
[  5]  13.00-14.00  sec  15.6 MBytes   131 Mbits/sec                  
[  5]  14.00-15.00  sec  15.8 MBytes   132 Mbits/sec                  
[  5]  15.00-16.00  sec  15.8 MBytes   132 Mbits/sec                  
[  5]  16.00-17.00  sec  15.9 MBytes   133 Mbits/sec                  
[  5]  17.00-18.00  sec  16.1 MBytes   135 Mbits/sec                  
[  5]  18.00-19.00  sec  16.1 MBytes   135 Mbits/sec                  
[  5]  19.00-20.00  sec  16.4 MBytes   137 Mbits/sec                  
[  5]  20.00-21.00  sec  16.5 MBytes   138 Mbits/sec                  
[  5]  21.00-22.00  sec  16.6 MBytes   139 Mbits/sec                  
[  5]  22.00-23.00  sec  16.8 MBytes   141 Mbits/sec                  
[  5]  23.00-24.00  sec  16.9 MBytes   142 Mbits/sec                  
[  5]  24.00-25.00  sec  17.0 MBytes   143 Mbits/sec                  
[  5]  25.00-26.00  sec  17.1 MBytes   144 Mbits/sec                  
[  5]  26.00-27.00  sec  17.1 MBytes   144 Mbits/sec                  
[  5]  27.00-28.00  sec  17.4 MBytes   146 Mbits/sec                  
[  5]  28.00-29.00  sec  17.6 MBytes   148 Mbits/sec                  
[  5]  29.00-30.00  sec  17.6 MBytes   148 Mbits/sec                  
[  5]  30.00-30.10  sec  1.75 MBytes   143 Mbits/sec                  
- - - - - - - - - - - - - - - - - - - - - - - - -
[ ID] Interval           Transfer     Bitrate
[  5]   0.00-30.10  sec   468 MBytes   130 Mbits/sec                  receiver
