Connecting to host 10.0.0.1, port 5451
[  5] local 10.0.0.4 port 36818 connected to 10.0.0.1 port 5451
[ ID] Interval           Transfer     Bitrate         Retr  Cwnd
[  5]   0.00-1.00   sec  8.38 MBytes  70.2 Mbits/sec    0   2.71 MBytes       
[  5]   1.00-2.00   sec  16.2 MBytes   136 Mbits/sec    0   1.45 MBytes       
[  5]   2.00-3.00   sec  13.5 MBytes   113 Mbits/sec    0   1.46 MBytes       
[  5]   3.00-4.00   sec  13.6 MBytes   114 Mbits/sec    0   1.48 MBytes       
[  5]   4.00-5.00   sec  14.9 MBytes   125 Mbits/sec    0   1.49 MBytes       
[  5]   5.00-6.00   sec  15.0 MBytes   126 Mbits/sec    0   1.50 MBytes       
[  5]   6.00-7.00   sec  13.5 MBytes   113 Mbits/sec    0   1.52 MBytes       
[  5]   7.00-8.00   sec  14.9 MBytes   125 Mbits/sec    0   1.53 MBytes       
[  5]   8.00-9.00   sec  15.0 MBytes   126 Mbits/sec    0   1.54 MBytes       
[  5]   9.00-10.00  sec  14.9 MBytes   125 Mbits/sec    0   1.56 MBytes       
[  5]  10.00-11.00  sec  14.9 MBytes   125 Mbits/sec    0   1.57 MBytes       
[  5]  11.00-12.00  sec  16.2 MBytes   136 Mbits/sec    0   1.58 MBytes       
[  5]  12.00-13.00  sec  15.0 MBytes   126 Mbits/sec    0   1.60 MBytes       
[  5]  13.00-14.00  sec  14.9 MBytes   125 Mbits/sec    0   1.61 MBytes       
[  5]  14.00-15.00  sec  16.2 MBytes   136 Mbits/sec    0   1.62 MBytes       
[  5]  15.00-16.00  sec  16.2 MBytes   136 Mbits/sec    0   1.64 MBytes       
[  5]  16.00-17.00  sec  15.0 MBytes   126 Mbits/sec    0   1.65 MBytes       
[  5]  17.00-18.00  sec  16.2 MBytes   136 Mbits/sec    0   1.66 MBytes       
[  5]  18.00-19.00  sec  16.2 MBytes   136 Mbits/sec    0   1.68 MBytes       
[  5]  19.00-20.00  sec  16.2 MBytes   136 Mbits/sec    0   1.69 MBytes       
[  5]  20.00-21.00  sec  16.2 MBytes   136 Mbits/sec    0   1.71 MBytes       
[  5]  21.00-22.00  sec  16.2 MBytes   136 Mbits/sec    0   1.72 MBytes       
[  5]  22.00-23.00  sec  17.6 MBytes   148 Mbits/sec    0   1.73 MBytes       
[  5]  23.00-24.00  sec  16.4 MBytes   137 Mbits/sec    0   1.75 MBytes       
[  5]  24.00-25.00  sec  17.6 MBytes   148 Mbits/sec    0   1.76 MBytes       
[  5]  25.00-26.00  sec  16.2 MBytes   136 Mbits/sec    0   1.77 MBytes       
[  5]  26.00-27.00  sec  17.6 MBytes   148 Mbits/sec    0   1.79 MBytes       
[  5]  27.00-28.00  sec  17.6 MBytes   148 Mbits/sec    0   1.80 MBytes       
[  5]  28.00-29.00  sec  16.2 MBytes   136 Mbits/sec    0   1.81 MBytes       
[  5]  29.00-30.00  sec  17.6 MBytes   148 Mbits/sec    0   1.83 MBytes       
- - - - - - - - - - - - - - - - - - - - - - - - -
[ ID] Interval           Transfer     Bitrate         Retr
[  5]   0.00-30.00  sec   467 MBytes   130 Mbits/sec    0             sender
[  5]   0.00-30.10  sec   466 MBytes   130 Mbits/sec                  receiver

iperf Done.
