iperf3: interrupt - the server has terminated
-----------------------------------------------------------
Server listening on 5362 (test #1)
-----------------------------------------------------------
Accepted connection from 10.0.0.2, port 44270
[  5] local 10.0.0.1 port 5362 connected to 10.0.0.2 port 44284
[ ID] Interval           Transfer     Bitrate
[  5]   0.00-1.00   sec  5.12 MBytes  43.0 Mbits/sec                  
[  5]   1.00-2.00   sec  22.9 MBytes   192 Mbits/sec                  
[  5]   2.00-3.00   sec  22.9 MBytes   192 Mbits/sec                  
[  5]   3.00-4.00   sec  22.8 MBytes   191 Mbits/sec                  
[  5]   4.00-5.00   sec  22.9 MBytes   192 Mbits/sec                  
[  5]   5.00-6.00   sec  22.8 MBytes   191 Mbits/sec                  
[  5]   6.00-7.00   sec  22.9 MBytes   192 Mbits/sec                  
[  5]   7.00-8.00   sec  22.9 MBytes   192 Mbits/sec                  
[  5]   8.00-9.00   sec  22.8 MBytes   191 Mbits/sec                  
[  5]   9.00-10.00  sec  22.9 MBytes   192 Mbits/sec                  
[  5]  10.00-11.00  sec  22.9 MBytes   192 Mbits/sec                  
[  5]  11.00-12.00  sec  22.8 MBytes   191 Mbits/sec                  
[  5]  12.00-13.00  sec  22.9 MBytes   192 Mbits/sec                  
[  5]  13.00-14.00  sec  22.8 MBytes   191 Mbits/sec                  
[  5]  14.00-15.00  sec  21.8 MBytes   182 Mbits/sec                  
[  5]  15.00-16.00  sec  21.1 MBytes   177 Mbits/sec                  
[  5]  16.00-17.00  sec  14.4 MBytes   121 Mbits/sec                  
[  5]  17.00-18.00  sec  12.0 MBytes   101 Mbits/sec                  
[  5]  18.00-19.00  sec  12.8 MBytes   107 Mbits/sec                  
[  5]  19.00-20.00  sec  13.2 MBytes   111 Mbits/sec                  
[  5]  20.00-21.00  sec  13.5 MBytes   113 Mbits/sec                  
[  5]  21.00-22.00  sec  13.8 MBytes   115 Mbits/sec                  
[  5]  22.00-23.00  sec  13.8 MBytes   115 Mbits/sec                  
[  5]  23.00-24.00  sec  13.9 MBytes   116 Mbits/sec                  
[  5]  24.00-25.00  sec  13.8 MBytes   115 Mbits/sec                  
[  5]  25.00-26.00  sec  13.9 MBytes   116 Mbits/sec                  
[  5]  26.00-27.00  sec  13.9 MBytes   116 Mbits/sec                  
[  5]  27.00-28.00  sec  14.0 MBytes   117 Mbits/sec                  
[  5]  28.00-29.00  sec  14.1 MBytes   119 Mbits/sec                  
[  5]  29.00-30.00  sec  14.5 MBytes   122 Mbits/sec                  
[  5]  30.00-31.00  sec  15.1 MBytes   127 Mbits/sec                  
[  5]  31.00-32.00  sec  15.6 MBytes   131 Mbits/sec                  
[  5]  32.00-33.00  sec  16.6 MBytes   139 Mbits/sec                  
[  5]  33.00-34.00  sec  17.9 MBytes   150 Mbits/sec                  
[  5]  34.00-35.00  sec  19.2 MBytes   161 Mbits/sec                  
[  5]  35.00-35.10  sec  2.12 MBytes   173 Mbits/sec                  
- - - - - - - - - - - - - - - - - - - - - - - - -
[ ID] Interval           Transfer     Bitrate
[  5]   0.00-35.10  sec   623 MBytes   149 Mbits/sec                  receiver
