Connecting to host 10.0.0.1, port 5364
[  5] local 10.0.0.4 port 49654 connected to 10.0.0.1 port 5364
[ ID] Interval           Transfer     Bitrate         Retr  Cwnd
[  5]   0.00-1.00   sec  2.12 MBytes  17.8 Mbits/sec    0    165 KBytes       
[  5]   1.00-2.00   sec  1.75 MBytes  14.7 Mbits/sec    0    236 KBytes       
[  5]   2.00-3.00   sec  1.62 MBytes  13.6 Mbits/sec    0    307 KBytes       
[  5]   3.00-4.00   sec  1.50 MBytes  12.6 Mbits/sec    0    378 KBytes       
[  5]   4.00-5.00   sec  1.75 MBytes  14.7 Mbits/sec   15    287 KBytes       
[  5]   5.00-6.00   sec   768 KBytes  6.29 Mbits/sec    0    263 KBytes       
[  5]   6.00-7.00   sec  1.62 MBytes  13.6 Mbits/sec    0    171 KBytes       
[  5]   7.00-8.00   sec  1.62 MBytes  13.6 Mbits/sec    0    192 KBytes       
[  5]   8.00-9.00   sec  1.62 MBytes  13.6 Mbits/sec    0    147 KBytes       
[  5]   9.00-10.00  sec   768 KBytes  6.29 Mbits/sec    0   41.0 KBytes       
[  5]  10.00-11.00  sec  1.62 MBytes  13.6 Mbits/sec    0   45.2 KBytes       
[  5]  11.00-12.00  sec  1.62 MBytes  13.6 Mbits/sec    0   42.4 KBytes       
[  5]  12.00-13.00  sec   768 KBytes  6.29 Mbits/sec    0   22.6 KBytes       
[  5]  13.00-14.00  sec  1.62 MBytes  13.6 Mbits/sec    0   36.8 KBytes       
[  5]  14.00-15.00  sec   896 KBytes  7.34 Mbits/sec    0   31.1 KBytes       
[  5]  15.00-16.00  sec  1.50 MBytes  12.6 Mbits/sec    0   36.8 KBytes       
[  5]  16.00-17.00  sec  1.62 MBytes  13.6 Mbits/sec    0   42.4 KBytes       
[  5]  17.00-18.00  sec   896 KBytes  7.34 Mbits/sec    0   62.2 KBytes       
[  5]  18.00-19.00  sec  1.50 MBytes  12.6 Mbits/sec    0   31.1 KBytes       
[  5]  19.00-20.00  sec  1.62 MBytes  13.6 Mbits/sec    0   55.1 KBytes       
[  5]  20.00-21.00  sec  1.62 MBytes  13.6 Mbits/sec    0   52.3 KBytes       
[  5]  21.00-22.00  sec   768 KBytes  6.29 Mbits/sec    0   49.5 KBytes       
[  5]  22.00-23.00  sec  1.62 MBytes  13.6 Mbits/sec    0   32.5 KBytes       
[  5]  23.00-24.00  sec  1.62 MBytes  13.6 Mbits/sec    0   42.4 KBytes       
[  5]  24.00-25.00  sec   768 KBytes  6.29 Mbits/sec    0   63.6 KBytes       
[  5]  25.00-26.00  sec  1.62 MBytes  13.6 Mbits/sec    0   43.8 KBytes       
[  5]  26.00-27.00  sec   896 KBytes  7.34 Mbits/sec    0   33.9 KBytes       
[  5]  27.00-28.00  sec  1.62 MBytes  13.6 Mbits/sec    0   43.8 KBytes       
[  5]  28.00-29.00  sec  1.50 MBytes  12.6 Mbits/sec    0   63.6 KBytes       
[  5]  29.00-30.00  sec  1.62 MBytes  13.6 Mbits/sec    0   79.2 KBytes       
- - - - - - - - - - - - - - - - - - - - - - - - -
[ ID] Interval           Transfer     Bitrate         Retr
[  5]   0.00-30.00  sec  42.4 MBytes  11.8 Mbits/sec   15             sender
[  5]   0.00-30.02  sec  40.1 MBytes  11.2 Mbits/sec                  receiver

iperf Done.
