Connecting to host 10.0.0.1, port 5304
[  5] local 10.0.0.4 port 49556 connected to 10.0.0.1 port 5304
[ ID] Interval           Transfer     Bitrate         Retr  Cwnd
[  5]   0.00-1.00   sec   384 KBytes  3.14 Mbits/sec    0   24.0 KBytes       
[  5]   1.00-2.00   sec   896 KBytes  7.34 Mbits/sec    0   41.0 KBytes       
[  5]   2.00-3.00   sec  1.12 MBytes  9.44 Mbits/sec    0   59.4 KBytes       
[  5]   3.00-4.00   sec  1.62 MBytes  13.6 Mbits/sec    0   76.4 KBytes       
[  5]   4.00-5.00   sec  1.88 MBytes  15.7 Mbits/sec    0   93.3 KBytes       
[  5]   5.00-6.00   sec  2.38 MBytes  19.9 Mbits/sec    0    112 KBytes       
[  5]   6.00-7.00   sec  2.88 MBytes  24.1 Mbits/sec    0    129 KBytes       
[  5]   7.00-8.00   sec  3.00 MBytes  25.2 Mbits/sec    0    146 KBytes       
[  5]   8.00-9.00   sec  3.12 MBytes  26.2 Mbits/sec    0    205 KBytes       
[  5]   9.00-10.00  sec  3.50 MBytes  29.4 Mbits/sec    0    297 KBytes       
[  5]  10.00-11.00  sec  3.50 MBytes  29.3 Mbits/sec    0    414 KBytes       
[  5]  11.00-12.00  sec  3.88 MBytes  32.5 Mbits/sec    0    559 KBytes       
[  5]  12.00-13.00  sec  3.75 MBytes  31.5 Mbits/sec    0    732 KBytes       
[  5]  13.00-14.00  sec  2.75 MBytes  23.1 Mbits/sec    0    929 KBytes       
[  5]  14.00-15.00  sec  4.00 MBytes  33.6 Mbits/sec    0    484 KBytes       
[  5]  15.00-16.00  sec  2.75 MBytes  23.1 Mbits/sec    0    526 KBytes       
[  5]  16.00-17.00  sec  4.12 MBytes  34.6 Mbits/sec    0    395 KBytes       
[  5]  17.00-18.00  sec  4.00 MBytes  33.6 Mbits/sec    0    427 KBytes       
[  5]  18.00-19.00  sec  4.12 MBytes  34.6 Mbits/sec    0    156 KBytes       
[  5]  19.00-20.00  sec  2.62 MBytes  22.0 Mbits/sec    0    126 KBytes       
[  5]  20.00-21.00  sec  2.75 MBytes  23.1 Mbits/sec    0   99.0 KBytes       
[  5]  21.00-22.00  sec  2.75 MBytes  23.1 Mbits/sec    0   80.6 KBytes       
[  5]  22.00-23.00  sec  1.38 MBytes  11.5 Mbits/sec    0   96.2 KBytes       
[  5]  23.00-24.00  sec  2.62 MBytes  22.0 Mbits/sec    0    113 KBytes       
[  5]  24.00-25.00  sec  2.75 MBytes  23.1 Mbits/sec    0   96.2 KBytes       
[  5]  25.00-26.00  sec  2.75 MBytes  23.1 Mbits/sec    0    115 KBytes       
[  5]  26.00-27.00  sec  1.38 MBytes  11.5 Mbits/sec    0   69.3 KBytes       
[  5]  27.00-28.00  sec  1.25 MBytes  10.5 Mbits/sec    0   62.2 KBytes       
[  5]  28.00-29.00  sec  1.38 MBytes  11.5 Mbits/sec    0   77.8 KBytes       
[  5]  29.00-30.00  sec  2.75 MBytes  23.1 Mbits/sec    0   94.7 KBytes       
- - - - - - - - - - - - - - - - - - - - - - - - -
[ ID] Interval           Transfer     Bitrate         Retr
[  5]   0.00-30.00  sec  78.0 MBytes  21.8 Mbits/sec    0             sender
[  5]   0.00-30.04  sec  74.5 MBytes  20.8 Mbits/sec                  receiver

iperf Done.
