Connecting to host 10.0.0.1, port 5494
[  5] local 10.0.0.4 port 37602 connected to 10.0.0.1 port 5494
[ ID] Interval           Transfer     Bitrate         Retr  Cwnd
[  5]   0.00-1.00   sec   384 KBytes  3.14 Mbits/sec    0   24.0 KBytes       
[  5]   1.00-2.00   sec   768 KBytes  6.29 Mbits/sec    0   41.0 KBytes       
[  5]   2.00-3.00   sec  1.12 MBytes  9.44 Mbits/sec    0   58.0 KBytes       
[  5]   3.00-4.00   sec  1.62 MBytes  13.6 Mbits/sec    0   76.4 KBytes       
[  5]   4.00-5.00   sec  2.00 MBytes  16.8 Mbits/sec    0   93.3 KBytes       
[  5]   5.00-6.00   sec  2.50 MBytes  21.0 Mbits/sec    0    110 KBytes       
[  5]   6.00-7.00   sec  2.62 MBytes  22.0 Mbits/sec    0    129 KBytes       
[  5]   7.00-8.00   sec  3.12 MBytes  26.2 Mbits/sec    0    146 KBytes       
[  5]   8.00-9.00   sec  3.12 MBytes  26.2 Mbits/sec    0    205 KBytes       
[  5]   9.00-10.00  sec  3.62 MBytes  30.4 Mbits/sec    0    298 KBytes       
[  5]  10.00-11.00  sec  3.50 MBytes  29.4 Mbits/sec    0    414 KBytes       
[  5]  11.00-12.00  sec  4.00 MBytes  33.6 Mbits/sec    0    559 KBytes       
[  5]  12.00-13.00  sec  2.38 MBytes  19.9 Mbits/sec    0    732 KBytes       
[  5]  13.00-14.00  sec  4.12 MBytes  34.6 Mbits/sec    0    939 KBytes       
[  5]  14.00-15.00  sec  2.75 MBytes  23.1 Mbits/sec    0    740 KBytes       
[  5]  15.00-16.00  sec  4.00 MBytes  33.6 Mbits/sec    0    556 KBytes       
[  5]  16.00-17.00  sec  4.12 MBytes  34.6 Mbits/sec    0    413 KBytes       
[  5]  17.00-18.00  sec  4.00 MBytes  33.6 Mbits/sec    0    113 KBytes       
[  5]  18.00-19.00  sec  1.38 MBytes  11.5 Mbits/sec    0   90.5 KBytes       
[  5]  19.00-20.00  sec  2.75 MBytes  23.1 Mbits/sec    0   74.9 KBytes       
[  5]  20.00-21.00  sec  1.38 MBytes  11.5 Mbits/sec    0   93.3 KBytes       
[  5]  21.00-22.00  sec  2.62 MBytes  22.0 Mbits/sec    0    112 KBytes       
[  5]  22.00-23.00  sec  2.75 MBytes  23.1 Mbits/sec    0    129 KBytes       
[  5]  23.00-24.00  sec  2.75 MBytes  23.1 Mbits/sec    0    110 KBytes       
[  5]  24.00-25.00  sec  2.62 MBytes  22.0 Mbits/sec    0    126 KBytes       
[  5]  25.00-26.00  sec  2.75 MBytes  23.1 Mbits/sec    0   99.0 KBytes       
[  5]  26.00-27.00  sec  1.38 MBytes  11.5 Mbits/sec    0    115 KBytes       
[  5]  27.00-28.00  sec  2.75 MBytes  23.1 Mbits/sec    0    132 KBytes       
[  5]  28.00-29.00  sec  4.00 MBytes  33.6 Mbits/sec    0    110 KBytes       
[  5]  29.00-30.00  sec  2.75 MBytes  23.1 Mbits/sec    0    130 KBytes       
- - - - - - - - - - - - - - - - - - - - - - - - -
[ ID] Interval           Transfer     Bitrate         Retr
[  5]   0.00-30.00  sec  79.6 MBytes  22.3 Mbits/sec    0             sender
[  5]   0.00-30.04  sec  76.0 MBytes  21.2 Mbits/sec                  receiver

iperf Done.
