Connecting to host 10.0.0.1, port 5348
[  5] local 10.0.0.4 port 58650 connected to 10.0.0.1 port 5348
[ ID] Interval           Transfer     Bitrate         Retr  Cwnd
[  5]   0.00-1.00   sec  5.50 MBytes  46.1 Mbits/sec    0    389 KBytes       
[  5]   1.00-2.00   sec  5.88 MBytes  49.3 Mbits/sec    0    622 KBytes       
[  5]   2.00-3.00   sec  4.00 MBytes  33.5 Mbits/sec    0    829 KBytes       
[  5]   3.00-4.00   sec  4.12 MBytes  34.6 Mbits/sec    0   1011 KBytes       
[  5]   4.00-5.00   sec  2.62 MBytes  22.0 Mbits/sec    0    773 KBytes       
[  5]   5.00-6.00   sec  4.12 MBytes  34.6 Mbits/sec    0    590 KBytes       
[  5]   6.00-7.00   sec  2.75 MBytes  23.1 Mbits/sec    0    307 KBytes       
[  5]   7.00-8.00   sec  4.00 MBytes  33.6 Mbits/sec    0    167 KBytes       
[  5]   8.00-9.00   sec  4.12 MBytes  34.6 Mbits/sec    0    134 KBytes       
[  5]   9.00-10.00  sec  2.62 MBytes  22.0 Mbits/sec    0    102 KBytes       
[  5]  10.00-11.00  sec  1.38 MBytes  11.5 Mbits/sec    0   90.5 KBytes       
[  5]  11.00-12.00  sec  2.75 MBytes  23.1 Mbits/sec    0    109 KBytes       
[  5]  12.00-13.00  sec  1.38 MBytes  11.5 Mbits/sec    0   96.2 KBytes       
[  5]  13.00-14.00  sec  2.75 MBytes  23.1 Mbits/sec    0    109 KBytes       
[  5]  14.00-15.00  sec  2.62 MBytes  22.0 Mbits/sec    0    127 KBytes       
[  5]  15.00-16.00  sec  2.75 MBytes  23.1 Mbits/sec    0    109 KBytes       
[  5]  16.00-17.00  sec  2.75 MBytes  23.1 Mbits/sec    0    124 KBytes       
[  5]  17.00-18.00  sec  2.62 MBytes  22.0 Mbits/sec    0    137 KBytes       
[  5]  18.00-19.00  sec  2.75 MBytes  23.1 Mbits/sec    0    156 KBytes       
[  5]  19.00-20.00  sec  4.12 MBytes  34.6 Mbits/sec    0    173 KBytes       
[  5]  20.00-21.00  sec  4.00 MBytes  33.6 Mbits/sec    0    134 KBytes       
[  5]  21.00-22.00  sec  2.75 MBytes  23.1 Mbits/sec    0    163 KBytes       
[  5]  22.00-23.00  sec  4.00 MBytes  33.5 Mbits/sec    0    130 KBytes       
[  5]  23.00-24.00  sec  2.75 MBytes  23.1 Mbits/sec    0    144 KBytes       
[  5]  24.00-25.00  sec  2.75 MBytes  23.1 Mbits/sec    0    124 KBytes       
[  5]  25.00-26.00  sec  2.62 MBytes  22.0 Mbits/sec    0    140 KBytes       
[  5]  26.00-27.00  sec  4.12 MBytes  34.6 Mbits/sec    0    151 KBytes       
[  5]  27.00-28.00  sec  4.00 MBytes  33.6 Mbits/sec    0    168 KBytes       
[  5]  28.00-29.00  sec  2.75 MBytes  23.1 Mbits/sec    0    184 KBytes       
[  5]  29.00-30.00  sec  4.12 MBytes  34.6 Mbits/sec    0    153 KBytes       
- - - - - - - - - - - - - - - - - - - - - - - - -
[ ID] Interval           Transfer     Bitrate         Retr
[  5]   0.00-30.00  sec  99.5 MBytes  27.8 Mbits/sec    0             sender
[  5]   0.00-30.04  sec  96.1 MBytes  26.8 Mbits/sec                  receiver

iperf Done.
