Connecting to host 10.0.0.1, port 5338
[  5] local 10.0.0.4 port 38436 connected to 10.0.0.1 port 5338
[ ID] Interval           Transfer     Bitrate         Retr  Cwnd
[  5]   0.00-1.00   sec   384 KBytes  3.14 Mbits/sec    0   24.0 KBytes       
[  5]   1.00-2.00   sec   896 KBytes  7.34 Mbits/sec    0   41.0 KBytes       
[  5]   2.00-3.00   sec  1.12 MBytes  9.44 Mbits/sec    0   59.4 KBytes       
[  5]   3.00-4.00   sec  1.62 MBytes  13.6 Mbits/sec    0   76.4 KBytes       
[  5]   4.00-5.00   sec  1.88 MBytes  15.7 Mbits/sec    0   94.7 KBytes       
[  5]   5.00-6.00   sec  2.62 MBytes  22.0 Mbits/sec    0    112 KBytes       
[  5]   6.00-7.00   sec  2.75 MBytes  23.1 Mbits/sec    0    129 KBytes       
[  5]   7.00-8.00   sec  2.88 MBytes  24.1 Mbits/sec    0    146 KBytes       
[  5]   8.00-9.00   sec  3.50 MBytes  29.4 Mbits/sec    0    205 KBytes       
[  5]   9.00-10.00  sec  3.50 MBytes  29.4 Mbits/sec    0    297 KBytes       
[  5]  10.00-11.00  sec  3.62 MBytes  30.4 Mbits/sec    0    414 KBytes       
[  5]  11.00-12.00  sec  2.88 MBytes  24.1 Mbits/sec    0    559 KBytes       
[  5]  12.00-13.00  sec  3.62 MBytes  30.4 Mbits/sec    0    732 KBytes       
[  5]  13.00-14.00  sec  4.00 MBytes  33.6 Mbits/sec    0    573 KBytes       
[  5]  14.00-15.00  sec  2.75 MBytes  23.1 Mbits/sec    0    639 KBytes       
[  5]  15.00-16.00  sec  4.00 MBytes  33.6 Mbits/sec    0    690 KBytes       
[  5]  16.00-17.00  sec  2.75 MBytes  23.1 Mbits/sec    0    508 KBytes       
[  5]  17.00-18.00  sec  4.12 MBytes  34.6 Mbits/sec    0    272 KBytes       
[  5]  18.00-19.00  sec  4.00 MBytes  33.6 Mbits/sec    0    151 KBytes       
[  5]  19.00-20.00  sec  2.75 MBytes  23.1 Mbits/sec    0    120 KBytes       
[  5]  20.00-21.00  sec  2.75 MBytes  23.1 Mbits/sec    0    137 KBytes       
[  5]  21.00-22.00  sec  4.00 MBytes  33.6 Mbits/sec    0    154 KBytes       
[  5]  22.00-23.00  sec  2.75 MBytes  23.1 Mbits/sec    0    122 KBytes       
[  5]  23.00-24.00  sec  2.75 MBytes  23.1 Mbits/sec    0   50.9 KBytes       
[  5]  24.00-25.00  sec  1.25 MBytes  10.5 Mbits/sec    0   67.9 KBytes       
[  5]  25.00-26.00  sec  1.38 MBytes  11.5 Mbits/sec    0   84.8 KBytes       
[  5]  26.00-27.00  sec  1.38 MBytes  11.5 Mbits/sec    0    103 KBytes       
[  5]  27.00-28.00  sec  2.75 MBytes  23.1 Mbits/sec    0    122 KBytes       
[  5]  28.00-29.00  sec  2.62 MBytes  22.0 Mbits/sec    0    102 KBytes       
[  5]  29.00-30.00  sec  2.75 MBytes  23.1 Mbits/sec    0    120 KBytes       
- - - - - - - - - - - - - - - - - - - - - - - - -
[ ID] Interval           Transfer     Bitrate         Retr
[  5]   0.00-30.00  sec  80.0 MBytes  22.4 Mbits/sec    0             sender
[  5]   0.00-30.04  sec  77.1 MBytes  21.5 Mbits/sec                  receiver

iperf Done.
