iperf3: interrupt - the server has terminated
-----------------------------------------------------------
Server listening on 5376 (test #1)
-----------------------------------------------------------
Accepted connection from 10.0.0.2, port 53356
[  5] local 10.0.0.1 port 5376 connected to 10.0.0.2 port 53362
[ ID] Interval           Transfer     Bitrate
[  5]   0.00-1.00   sec  4.50 MBytes  37.7 Mbits/sec                  
[  5]   1.00-2.00   sec  22.8 MBytes   191 Mbits/sec                  
[  5]   2.00-3.00   sec  22.9 MBytes   192 Mbits/sec                  
[  5]   3.00-4.00   sec  22.8 MBytes   191 Mbits/sec                  
[  5]   4.00-5.00   sec  22.9 MBytes   192 Mbits/sec                  
[  5]   5.00-6.00   sec  22.8 MBytes   191 Mbits/sec                  
[  5]   6.00-7.00   sec  22.9 MBytes   192 Mbits/sec                  
[  5]   7.00-8.00   sec  22.9 MBytes   192 Mbits/sec                  
[  5]   8.00-9.00   sec  22.8 MBytes   191 Mbits/sec                  
[  5]   9.00-10.00  sec  22.9 MBytes   192 Mbits/sec                  
[  5]  10.00-11.00  sec  22.8 MBytes   191 Mbits/sec                  
[  5]  11.00-12.00  sec  22.9 MBytes   192 Mbits/sec                  
[  5]  12.00-13.00  sec  22.8 MBytes   191 Mbits/sec                  
[  5]  13.00-14.00  sec  22.9 MBytes   192 Mbits/sec                  
[  5]  14.00-15.00  sec  22.9 MBytes   192 Mbits/sec                  
[  5]  15.00-16.00  sec  21.5 MBytes   180 Mbits/sec                  
[  5]  16.00-17.00  sec  19.1 MBytes   160 Mbits/sec                  
[  5]  17.00-18.00  sec  13.9 MBytes   116 Mbits/sec                  
[  5]  18.00-19.00  sec  12.1 MBytes   102 Mbits/sec                  
[  5]  19.00-20.00  sec  9.38 MBytes  78.6 Mbits/sec                  
[  5]  20.00-21.00  sec  6.88 MBytes  57.7 Mbits/sec                  
[  5]  21.00-22.00  sec  7.25 MBytes  60.8 Mbits/sec                  
[  5]  22.00-23.00  sec  7.38 MBytes  61.9 Mbits/sec                  
[  5]  23.00-24.00  sec  7.62 MBytes  64.0 Mbits/sec                  
[  5]  24.00-25.00  sec  7.62 MBytes  64.0 Mbits/sec                  
[  5]  25.00-26.00  sec  7.75 MBytes  65.0 Mbits/sec                  
[  5]  26.00-27.00  sec  7.62 MBytes  64.0 Mbits/sec                  
[  5]  27.00-28.00  sec  7.75 MBytes  65.0 Mbits/sec                  
[  5]  28.00-29.00  sec  7.75 MBytes  65.0 Mbits/sec                  
[  5]  29.00-30.00  sec  8.00 MBytes  67.1 Mbits/sec                  
[  5]  30.00-31.00  sec  8.12 MBytes  68.2 Mbits/sec                  
[  5]  31.00-32.00  sec  8.62 MBytes  72.4 Mbits/sec                  
[  5]  32.00-33.00  sec  9.12 MBytes  76.5 Mbits/sec                  
[  5]  33.00-34.00  sec  10.0 MBytes  83.9 Mbits/sec                  
[  5]  34.00-35.00  sec  10.9 MBytes  91.2 Mbits/sec                  
[  5]  35.00-35.10  sec  1.25 MBytes   102 Mbits/sec                  
- - - - - - - - - - - - - - - - - - - - - - - - -
[ ID] Interval           Transfer     Bitrate
[  5]   0.00-35.10  sec   524 MBytes   125 Mbits/sec                  receiver
