Connecting to host 10.0.0.1, port 5376
[  5] local 10.0.0.4 port 53362 connected to 10.0.0.1 port 5376
[ ID] Interval           Transfer     Bitrate         Retr  Cwnd
[  5]   0.00-1.00   sec  7.38 MBytes  61.8 Mbits/sec    0   4.05 MBytes       
[  5]   1.00-2.00   sec  22.9 MBytes   192 Mbits/sec    0   4.14 MBytes       
[  5]   2.00-3.00   sec  22.9 MBytes   192 Mbits/sec    0   4.14 MBytes       
[  5]   3.00-4.00   sec  23.0 MBytes   193 Mbits/sec    0   4.14 MBytes       
[  5]   4.00-5.00   sec  22.9 MBytes   192 Mbits/sec    0   4.14 MBytes       
[  5]   5.00-6.00   sec  23.1 MBytes   194 Mbits/sec    0   4.14 MBytes       
[  5]   6.00-7.00   sec  23.0 MBytes   193 Mbits/sec    0   4.14 MBytes       
[  5]   7.00-8.00   sec  21.8 MBytes   182 Mbits/sec    0   4.14 MBytes       
[  5]   8.00-9.00   sec  23.0 MBytes   193 Mbits/sec    0   4.14 MBytes       
[  5]   9.00-10.00  sec  22.8 MBytes   191 Mbits/sec    0   3.04 MBytes       
[  5]  10.00-11.00  sec  23.4 MBytes   196 Mbits/sec    0   3.06 MBytes       
[  5]  11.00-12.00  sec  23.2 MBytes   195 Mbits/sec    0   3.06 MBytes       
[  5]  12.00-13.00  sec  21.9 MBytes   183 Mbits/sec    0   3.06 MBytes       
[  5]  13.00-14.00  sec  23.1 MBytes   194 Mbits/sec    0   3.06 MBytes       
[  5]  14.00-15.00  sec  23.4 MBytes   196 Mbits/sec    0   3.06 MBytes       
[  5]  15.00-16.00  sec  21.8 MBytes   182 Mbits/sec    0   2.24 MBytes       
[  5]  16.00-17.00  sec  18.9 MBytes   158 Mbits/sec    0   1.66 MBytes       
[  5]  17.00-18.00  sec  13.6 MBytes   114 Mbits/sec    0   1.23 MBytes       
[  5]  18.00-19.00  sec  12.2 MBytes   103 Mbits/sec    0   1.31 MBytes       
[  5]  19.00-20.00  sec  9.38 MBytes  78.6 Mbits/sec    0    697 KBytes       
[  5]  20.00-21.00  sec  6.88 MBytes  57.7 Mbits/sec    0    748 KBytes       
[  5]  21.00-22.00  sec  6.75 MBytes  56.6 Mbits/sec    0    782 KBytes       
[  5]  22.00-23.00  sec  8.12 MBytes  68.2 Mbits/sec    0    802 KBytes       
[  5]  23.00-24.00  sec  6.75 MBytes  56.6 Mbits/sec    0    813 KBytes       
[  5]  24.00-25.00  sec  8.12 MBytes  68.2 Mbits/sec    0    816 KBytes       
[  5]  25.00-26.00  sec  8.12 MBytes  68.2 Mbits/sec    0    816 KBytes       
[  5]  26.00-27.00  sec  6.88 MBytes  57.7 Mbits/sec    0    816 KBytes       
[  5]  27.00-28.00  sec  8.12 MBytes  68.2 Mbits/sec    0    822 KBytes       
[  5]  28.00-29.00  sec  8.12 MBytes  68.2 Mbits/sec    0    833 KBytes       
[  5]  29.00-30.00  sec  6.75 MBytes  56.6 Mbits/sec    0    854 KBytes       
[  5]  30.00-31.00  sec  8.12 MBytes  68.2 Mbits/sec    0    889 KBytes       
[  5]  31.00-32.00  sec  9.50 MBytes  79.7 Mbits/sec    0    940 KBytes       
[  5]  32.00-33.00  sec  9.50 MBytes  79.7 Mbits/sec    0   1014 KBytes       
[  5]  33.00-34.00  sec  9.50 MBytes  79.7 Mbits/sec    0   1.09 MBytes       
[  5]  34.00-35.00  sec  10.9 MBytes  91.2 Mbits/sec    0   1.21 MBytes       
- - - - - - - - - - - - - - - - - - - - - - - - -
[ ID] Interval           Transfer     Bitrate         Retr
[  5]   0.00-35.00  sec   526 MBytes   126 Mbits/sec    0             sender
[  5]   0.00-35.10  sec   524 MBytes   125 Mbits/sec                  receiver

iperf Done.
