Connecting to host 10.0.0.1, port 5310
[  5] local 10.0.0.4 port 41798 connected to 10.0.0.1 port 5310
[ ID] Interval           Transfer     Bitrate         Retr  Cwnd
[  5]   0.00-1.00   sec  1.88 MBytes  15.7 Mbits/sec    0    165 KBytes       
[  5]   1.00-2.00   sec  1.62 MBytes  13.6 Mbits/sec    0    235 KBytes       
[  5]   2.00-3.00   sec  1.62 MBytes  13.6 Mbits/sec    0    305 KBytes       
[  5]   3.00-4.00   sec  2.00 MBytes  16.8 Mbits/sec    0    378 KBytes       
[  5]   4.00-5.00   sec  1.62 MBytes  13.6 Mbits/sec   15    262 KBytes       
[  5]   5.00-6.00   sec  1.62 MBytes  13.6 Mbits/sec    0    105 KBytes       
[  5]   6.00-7.00   sec   768 KBytes  6.29 Mbits/sec    0    116 KBytes       
[  5]   7.00-8.00   sec  1.62 MBytes  13.6 Mbits/sec    0   90.5 KBytes       
[  5]   8.00-9.00   sec  1.62 MBytes  13.6 Mbits/sec    0   76.4 KBytes       
[  5]   9.00-10.00  sec   768 KBytes  6.29 Mbits/sec    0   89.1 KBytes       
[  5]  10.00-11.00  sec  1.62 MBytes  13.6 Mbits/sec    0   76.4 KBytes       
[  5]  11.00-12.00  sec  1.62 MBytes  13.6 Mbits/sec    0   45.2 KBytes       
[  5]  12.00-13.00  sec  1.62 MBytes  13.6 Mbits/sec    0   65.0 KBytes       
[  5]  13.00-14.00  sec   768 KBytes  6.29 Mbits/sec    0   79.2 KBytes       
[  5]  14.00-15.00  sec  1.62 MBytes  13.6 Mbits/sec    0   91.9 KBytes       
[  5]  15.00-16.00  sec  1.62 MBytes  13.6 Mbits/sec    0    103 KBytes       
[  5]  16.00-17.00  sec   768 KBytes  6.29 Mbits/sec    0   77.8 KBytes       
[  5]  17.00-18.00  sec  1.62 MBytes  13.6 Mbits/sec    0   69.3 KBytes       
[  5]  18.00-19.00  sec  1.62 MBytes  13.6 Mbits/sec    0   49.5 KBytes       
[  5]  19.00-20.00  sec   768 KBytes  6.29 Mbits/sec    0   45.2 KBytes       
[  5]  20.00-21.00  sec  1.62 MBytes  13.6 Mbits/sec    0   53.7 KBytes       
[  5]  21.00-22.00  sec  1.62 MBytes  13.6 Mbits/sec    0   52.3 KBytes       
[  5]  22.00-23.00  sec  1.62 MBytes  13.6 Mbits/sec    0   70.7 KBytes       
[  5]  23.00-24.00  sec   768 KBytes  6.29 Mbits/sec    0   84.8 KBytes       
[  5]  24.00-25.00  sec  1.62 MBytes  13.6 Mbits/sec    0   66.5 KBytes       
[  5]  25.00-26.00  sec  1.62 MBytes  13.6 Mbits/sec    0   35.4 KBytes       
[  5]  26.00-27.00  sec   768 KBytes  6.29 Mbits/sec    0   49.5 KBytes       
[  5]  27.00-28.00  sec  1.62 MBytes  13.6 Mbits/sec    0   67.9 KBytes       
[  5]  28.00-29.00  sec  1.62 MBytes  13.6 Mbits/sec    0   82.0 KBytes       
[  5]  29.00-30.00  sec   768 KBytes  6.29 Mbits/sec    0   73.5 KBytes       
- - - - - - - - - - - - - - - - - - - - - - - - -
[ ID] Interval           Transfer     Bitrate         Retr
[  5]   0.00-30.00  sec  42.4 MBytes  11.8 Mbits/sec   15             sender
[  5]   0.00-30.02  sec  40.9 MBytes  11.4 Mbits/sec                  receiver

iperf Done.
