Connecting to host 172.20.1.2, port 8081
[  5] local 172.20.1.1 port 36366 connected to 172.20.1.2 port 8081
[ ID] Interval           Transfer     Bitrate         Retr  Cwnd
[  5]   0.00-1.00   sec  8.50 MBytes  71.2 Mbits/sec    0   2.57 MBytes       
[  5]   1.00-2.00   sec  8.25 MBytes  69.2 Mbits/sec    0    547 KBytes       
[  5]   2.00-3.00   sec  5.38 MBytes  45.1 Mbits/sec    0    484 KBytes       
[  5]   3.00-4.00   sec  4.00 MBytes  33.6 Mbits/sec    0    498 KBytes       
[  5]   4.00-5.00   sec  5.50 MBytes  46.1 Mbits/sec    0    499 KBytes       
[  5]   5.00-6.00   sec  4.00 MBytes  33.6 Mbits/sec    0    494 KBytes       
[  5]   6.00-7.00   sec  5.50 MBytes  46.1 Mbits/sec    0    508 KBytes       
[  5]   7.00-8.00   sec  4.00 MBytes  33.6 Mbits/sec    0    522 KBytes       
[  5]   8.00-9.00   sec  5.50 MBytes  46.1 Mbits/sec    0    536 KBytes       
[  5]   9.00-10.00  sec  5.38 MBytes  45.1 Mbits/sec    0    549 KBytes       
[  5]  10.00-11.00  sec  5.38 MBytes  45.1 Mbits/sec    0    561 KBytes       
[  5]  11.00-12.00  sec  5.50 MBytes  46.1 Mbits/sec    0    576 KBytes       
[  5]  12.00-13.00  sec  5.38 MBytes  45.1 Mbits/sec    0    590 KBytes       
[  5]  13.00-14.00  sec  5.50 MBytes  46.1 Mbits/sec    0    604 KBytes       
[  5]  14.00-15.00  sec  6.75 MBytes  56.6 Mbits/sec    0    618 KBytes       
[  5]  15.00-16.00  sec  5.38 MBytes  45.1 Mbits/sec    0    632 KBytes       
[  5]  16.00-17.00  sec  6.75 MBytes  56.6 Mbits/sec    0    646 KBytes       
[  5]  17.00-18.00  sec  5.50 MBytes  46.1 Mbits/sec    0    660 KBytes       
[  5]  18.00-19.00  sec  6.75 MBytes  56.6 Mbits/sec    0    675 KBytes       
[  5]  19.00-20.00  sec  6.75 MBytes  56.6 Mbits/sec    0    689 KBytes       
[  5]  20.00-21.00  sec  6.88 MBytes  57.7 Mbits/sec    0    703 KBytes       
[  5]  21.00-22.00  sec  6.75 MBytes  56.6 Mbits/sec    0    717 KBytes       
[  5]  22.00-23.00  sec  6.75 MBytes  56.6 Mbits/sec    0    731 KBytes       
[  5]  23.00-24.00  sec  6.75 MBytes  56.6 Mbits/sec    0    744 KBytes       
[  5]  24.00-25.00  sec  8.12 MBytes  68.2 Mbits/sec    0    758 KBytes       
[  5]  25.00-26.00  sec  6.88 MBytes  57.7 Mbits/sec    0    772 KBytes       
[  5]  26.00-27.00  sec  8.12 MBytes  68.2 Mbits/sec    0    786 KBytes       
[  5]  27.00-28.00  sec  6.75 MBytes  56.6 Mbits/sec    0    800 KBytes       
[  5]  28.00-29.00  sec  8.12 MBytes  68.2 Mbits/sec    0    814 KBytes       
[  5]  29.00-30.00  sec  8.12 MBytes  68.1 Mbits/sec    0    827 KBytes       
- - - - - - - - - - - - - - - - - - - - - - - - -
[ ID] Interval           Transfer     Bitrate         Retr
[  5]   0.00-30.00  sec   189 MBytes  52.8 Mbits/sec    0             sender
[  5]   0.00-30.10  sec   187 MBytes  52.1 Mbits/sec                  receiver

iperf Done.
