Connecting to host 172.20.1.2, port 8081
[  5] local 172.20.1.1 port 60266 connected to 172.20.1.2 port 8081
[ ID] Interval           Transfer     Bitrate         Retr  Cwnd
[  5]   0.00-1.00   sec  4.25 MBytes  35.6 Mbits/sec    0    298 KBytes       
[  5]   1.00-2.00   sec  2.38 MBytes  19.9 Mbits/sec    0    313 KBytes       
[  5]   2.00-3.00   sec  3.50 MBytes  29.4 Mbits/sec    0    327 KBytes       
[  5]   3.00-4.00   sec  3.50 MBytes  29.4 Mbits/sec    0    288 KBytes       
[  5]   4.00-5.00   sec  2.38 MBytes  19.9 Mbits/sec    0    303 KBytes       
[  5]   5.00-6.00   sec  3.50 MBytes  29.4 Mbits/sec    0    317 KBytes       
[  5]   6.00-7.00   sec  2.38 MBytes  19.9 Mbits/sec    0    331 KBytes       
[  5]   7.00-8.00   sec  3.50 MBytes  29.4 Mbits/sec    0    345 KBytes       
[  5]   8.00-9.00   sec  3.50 MBytes  29.4 Mbits/sec    0    359 KBytes       
[  5]   9.00-10.00  sec  3.50 MBytes  29.4 Mbits/sec    0    370 KBytes       
[  5]  10.00-11.00  sec  3.50 MBytes  29.4 Mbits/sec    0    383 KBytes       
[  5]  11.00-12.00  sec  3.50 MBytes  29.4 Mbits/sec    0    397 KBytes       
[  5]  12.00-13.00  sec  3.62 MBytes  30.4 Mbits/sec    0    410 KBytes       
[  5]  13.00-14.00  sec  4.62 MBytes  38.8 Mbits/sec    0    423 KBytes       
[  5]  14.00-15.00  sec  3.50 MBytes  29.4 Mbits/sec    0    436 KBytes       
[  5]  15.00-16.00  sec  4.75 MBytes  39.8 Mbits/sec    0    448 KBytes       
[  5]  16.00-17.00  sec  4.62 MBytes  38.8 Mbits/sec    0    462 KBytes       
[  5]  17.00-18.00  sec  4.75 MBytes  39.8 Mbits/sec    0    475 KBytes       
[  5]  18.00-19.00  sec  4.62 MBytes  38.8 Mbits/sec    0    488 KBytes       
[  5]  19.00-20.00  sec  4.62 MBytes  38.8 Mbits/sec    0    502 KBytes       
[  5]  20.00-21.00  sec  4.75 MBytes  39.8 Mbits/sec    0    516 KBytes       
[  5]  21.00-22.00  sec  4.62 MBytes  38.8 Mbits/sec    0    530 KBytes       
[  5]  22.00-23.00  sec  5.88 MBytes  49.3 Mbits/sec    0    544 KBytes       
[  5]  23.00-24.00  sec  4.75 MBytes  39.8 Mbits/sec    0    559 KBytes       
[  5]  24.00-25.00  sec  5.88 MBytes  49.3 Mbits/sec    0    571 KBytes       
[  5]  25.00-26.00  sec  4.62 MBytes  38.8 Mbits/sec    0    585 KBytes       
[  5]  26.00-27.00  sec  5.88 MBytes  49.3 Mbits/sec    0    600 KBytes       
[  5]  27.00-28.00  sec  5.88 MBytes  49.3 Mbits/sec    0    611 KBytes       
[  5]  28.00-29.00  sec  6.12 MBytes  51.4 Mbits/sec    0    624 KBytes       
[  5]  29.00-30.00  sec  6.12 MBytes  51.4 Mbits/sec    0    636 KBytes       
- - - - - - - - - - - - - - - - - - - - - - - - -
[ ID] Interval           Transfer     Bitrate         Retr
[  5]   0.00-30.00  sec   129 MBytes  36.1 Mbits/sec    0             sender
[  5]   0.00-30.10  sec   127 MBytes  35.5 Mbits/sec                  receiver

iperf Done.
