-----------------------------------------------------------
Server listening on 8080 (test #1)
-----------------------------------------------------------
Accepted connection from 172.20.1.1, port 43998
[  5] local 172.20.1.2 port 8080 connected to 172.20.1.1 port 44008
[ ID] Interval           Transfer     Bitrate
[  5]   0.00-1.00   sec  3.75 MBytes  31.4 Mbits/sec                  
[  5]   1.00-2.00   sec  10.6 MBytes  89.1 Mbits/sec                  
[  5]   2.00-3.00   sec  11.8 MBytes  98.5 Mbits/sec                  
[  5]   3.00-4.00   sec  12.8 MBytes   107 Mbits/sec                  
[  5]   4.00-5.00   sec  13.2 MBytes   111 Mbits/sec                  
[  5]   5.00-6.00   sec  13.8 MBytes   115 Mbits/sec                  
[  5]   6.00-7.00   sec  14.1 MBytes   119 Mbits/sec                  
[  5]   7.00-8.00   sec  14.2 MBytes   120 Mbits/sec                  
[  5]   8.00-9.00   sec  14.4 MBytes   121 Mbits/sec                  
[  5]   9.00-10.00  sec  14.4 MBytes   121 Mbits/sec                  
[  5]  10.00-11.00  sec  14.4 MBytes   121 Mbits/sec                  
[  5]  11.00-12.00  sec  14.4 MBytes   121 Mbits/sec                  
[  5]  12.00-13.00  sec  14.4 MBytes   121 Mbits/sec                  
[  5]  13.00-14.00  sec  14.5 MBytes   122 Mbits/sec                  
[  5]  14.00-15.00  sec  14.8 MBytes   124 Mbits/sec                  
[  5]  15.00-16.00  sec  15.1 MBytes   127 Mbits/sec                  
[  5]  16.00-17.00  sec  15.6 MBytes   131 Mbits/sec                  
[  5]  17.00-18.00  sec  16.2 MBytes   136 Mbits/sec                  
[  5]  18.00-19.00  sec  16.1 MBytes   135 Mbits/sec                  
[  5]  19.00-20.00  sec  16.0 MBytes   134 Mbits/sec                  
[  5]  20.00-21.00  sec  15.9 MBytes   133 Mbits/sec                  
[  5]  21.00-22.00  sec  15.8 MBytes   132 Mbits/sec                  
[  5]  22.00-23.00  sec  15.8 MBytes   132 Mbits/sec                  
[  5]  23.00-24.00  sec  15.5 MBytes   130 Mbits/sec                  
[  5]  24.00-25.00  sec  15.2 MBytes   128 Mbits/sec                  
[  5]  25.00-26.00  sec  15.2 MBytes   128 Mbits/sec                  
[  5]  26.00-27.00  sec  15.1 MBytes   127 Mbits/sec                  
[  5]  27.00-28.00  sec  15.0 MBytes   126 Mbits/sec                  
[  5]  28.00-29.00  sec  14.8 MBytes   124 Mbits/sec                  
[  5]  29.00-30.00  sec  14.8 MBytes   124 Mbits/sec                  
[  5]  30.00-30.10  sec  1.38 MBytes   115 Mbits/sec                  
- - - - - - - - - - - - - - - - - - - - - - - - -
[ ID] Interval           Transfer     Bitrate
[  5]   0.00-30.10  sec   429 MBytes   120 Mbits/sec                  receiver
iperf3: interrupt - the server has terminated
