Connecting to host 172.20.1.2, port 8081
[  5] local 172.20.1.1 port 54442 connected to 172.20.1.2 port 8081
[ ID] Interval           Transfer     Bitrate         Retr  Cwnd
[  5]   0.00-1.00   sec  6.38 MBytes  53.4 Mbits/sec    0    328 KBytes       
[  5]   1.00-2.00   sec  2.75 MBytes  23.1 Mbits/sec    0    342 KBytes       
[  5]   2.00-3.00   sec  2.75 MBytes  23.1 Mbits/sec    0    356 KBytes       
[  5]   3.00-4.00   sec  4.00 MBytes  33.6 Mbits/sec    0    370 KBytes       
[  5]   4.00-5.00   sec  4.12 MBytes  34.6 Mbits/sec    0    385 KBytes       
[  5]   5.00-6.00   sec  2.62 MBytes  22.0 Mbits/sec    0    399 KBytes       
[  5]   6.00-7.00   sec  4.12 MBytes  34.6 Mbits/sec    0    413 KBytes       
[  5]   7.00-8.00   sec  4.00 MBytes  33.6 Mbits/sec    0    427 KBytes       
[  5]   8.00-9.00   sec  4.12 MBytes  34.6 Mbits/sec    0    441 KBytes       
[  5]   9.00-10.00  sec  5.38 MBytes  45.1 Mbits/sec    0    455 KBytes       
[  5]  10.00-11.00  sec  4.12 MBytes  34.6 Mbits/sec    0    469 KBytes       
[  5]  11.00-12.00  sec  4.00 MBytes  33.6 Mbits/sec    0    484 KBytes       
[  5]  12.00-13.00  sec  5.50 MBytes  46.1 Mbits/sec    0    498 KBytes       
[  5]  13.00-14.00  sec  4.00 MBytes  33.6 Mbits/sec    0    512 KBytes       
[  5]  14.00-15.00  sec  5.50 MBytes  46.1 Mbits/sec    0    525 KBytes       
[  5]  15.00-16.00  sec  5.38 MBytes  45.1 Mbits/sec    0    539 KBytes       
[  5]  16.00-17.00  sec  5.50 MBytes  46.1 Mbits/sec    0    553 KBytes       
[  5]  17.00-18.00  sec  5.38 MBytes  45.1 Mbits/sec    0    567 KBytes       
[  5]  18.00-19.00  sec  5.38 MBytes  45.1 Mbits/sec    0    581 KBytes       
[  5]  19.00-20.00  sec  5.50 MBytes  46.1 Mbits/sec    0    595 KBytes       
[  5]  20.00-21.00  sec  5.38 MBytes  45.1 Mbits/sec    0    609 KBytes       
[  5]  21.00-22.00  sec  5.38 MBytes  45.1 Mbits/sec    0    624 KBytes       
[  5]  22.00-23.00  sec  6.88 MBytes  57.7 Mbits/sec    0    638 KBytes       
[  5]  23.00-24.00  sec  6.75 MBytes  56.6 Mbits/sec    0    652 KBytes       
[  5]  24.00-25.00  sec  5.38 MBytes  45.1 Mbits/sec    0    666 KBytes       
[  5]  25.00-26.00  sec  6.88 MBytes  57.7 Mbits/sec    0    680 KBytes       
[  5]  26.00-27.00  sec  6.75 MBytes  56.6 Mbits/sec    0    694 KBytes       
[  5]  27.00-28.00  sec  6.75 MBytes  56.6 Mbits/sec    0    708 KBytes       
[  5]  28.00-29.00  sec  6.75 MBytes  56.6 Mbits/sec    0    723 KBytes       
[  5]  29.00-30.00  sec  6.75 MBytes  56.6 Mbits/sec    0    735 KBytes       
- - - - - - - - - - - - - - - - - - - - - - - - -
[ ID] Interval           Transfer     Bitrate         Retr
[  5]   0.00-30.00  sec   154 MBytes  43.1 Mbits/sec    0             sender
[  5]   0.00-30.10  sec   152 MBytes  42.5 Mbits/sec                  receiver

iperf Done.
