Connecting to host 172.20.1.2, port 8081
[  5] local 172.20.1.1 port 49962 connected to 172.20.1.2 port 8081
[ ID] Interval           Transfer     Bitrate         Retr  Cwnd
[  5]   0.00-1.00   sec  5.62 MBytes  47.1 Mbits/sec    0    209 KBytes       
[  5]   1.00-2.00   sec  5.12 MBytes  43.0 Mbits/sec    0    245 KBytes       
[  5]   2.00-3.00   sec  5.88 MBytes  49.3 Mbits/sec    0    276 KBytes       
[  5]   3.00-4.00   sec  6.00 MBytes  50.3 Mbits/sec    0    304 KBytes       
[  5]   4.00-5.00   sec  5.12 MBytes  43.0 Mbits/sec    0    331 KBytes       
[  5]   5.00-6.00   sec  6.00 MBytes  50.3 Mbits/sec    0    355 KBytes       
[  5]   6.00-7.00   sec  5.88 MBytes  49.3 Mbits/sec    0    378 KBytes       
[  5]   7.00-8.00   sec  5.50 MBytes  46.1 Mbits/sec    0    399 KBytes       
[  5]   8.00-9.00   sec  5.62 MBytes  47.2 Mbits/sec    0    419 KBytes       
[  5]   9.00-10.00  sec  6.00 MBytes  50.3 Mbits/sec    0    426 KBytes       
[  5]  10.00-11.00  sec  5.25 MBytes  44.0 Mbits/sec    0    430 KBytes       
[  5]  11.00-12.00  sec  6.00 MBytes  50.3 Mbits/sec    0    423 KBytes       
[  5]  12.00-13.00  sec  5.25 MBytes  44.0 Mbits/sec    0    420 KBytes       
[  5]  13.00-14.00  sec  6.00 MBytes  50.3 Mbits/sec    0    417 KBytes       
[  5]  14.00-15.00  sec  5.12 MBytes  43.0 Mbits/sec    0    416 KBytes       
[  5]  15.00-16.00  sec  6.12 MBytes  51.4 Mbits/sec    0    426 KBytes       
[  5]  16.00-17.00  sec  6.00 MBytes  50.3 Mbits/sec    0    426 KBytes       
[  5]  17.00-18.00  sec  5.12 MBytes  43.0 Mbits/sec    0    428 KBytes       
[  5]  18.00-19.00  sec  6.12 MBytes  51.4 Mbits/sec    0    423 KBytes       
[  5]  19.00-20.00  sec  5.12 MBytes  43.0 Mbits/sec    0    424 KBytes       
[  5]  20.00-21.00  sec  6.00 MBytes  50.3 Mbits/sec    0    431 KBytes       
[  5]  21.00-22.00  sec  5.25 MBytes  44.0 Mbits/sec    0    431 KBytes       
[  5]  22.00-23.00  sec  6.00 MBytes  50.3 Mbits/sec    0    430 KBytes       
[  5]  23.00-24.00  sec  5.12 MBytes  43.0 Mbits/sec    0    430 KBytes       
[  5]  24.00-25.00  sec  6.12 MBytes  51.4 Mbits/sec    0    426 KBytes       
[  5]  25.00-26.00  sec  5.12 MBytes  43.0 Mbits/sec    0    427 KBytes       
[  5]  26.00-27.00  sec  6.12 MBytes  51.4 Mbits/sec    0    426 KBytes       
[  5]  27.00-28.00  sec  6.00 MBytes  50.3 Mbits/sec    0    431 KBytes       
[  5]  28.00-29.00  sec  5.12 MBytes  43.0 Mbits/sec    0    430 KBytes       
[  5]  29.00-30.00  sec  6.12 MBytes  51.4 Mbits/sec    0    427 KBytes       
- - - - - - - - - - - - - - - - - - - - - - - - -
[ ID] Interval           Transfer     Bitrate         Retr
[  5]   0.00-30.00  sec   170 MBytes  47.5 Mbits/sec    0             sender
[  5]   0.00-30.04  sec   168 MBytes  46.9 Mbits/sec                  receiver

iperf Done.
