Connecting to host 10.0.0.1, port 5438
[  5] local 10.0.0.4 port 57156 connected to 10.0.0.1 port 5438
[ ID] Interval           Transfer     Bitrate         Retr  Cwnd
[  5]   0.00-1.00   sec  8.62 MBytes  72.3 Mbits/sec    0   4.45 MBytes       
[  5]   1.00-2.00   sec  22.9 MBytes   192 Mbits/sec    0   4.49 MBytes       
[  5]   2.00-3.00   sec  23.1 MBytes   194 Mbits/sec    0   4.49 MBytes       
[  5]   3.00-4.00   sec  22.9 MBytes   192 Mbits/sec    0   4.49 MBytes       
[  5]   4.00-5.00   sec  21.6 MBytes   181 Mbits/sec    0   4.49 MBytes       
[  5]   5.00-6.00   sec  22.9 MBytes   192 Mbits/sec    0   4.49 MBytes       
[  5]   6.00-7.00   sec  23.0 MBytes   193 Mbits/sec    0   4.49 MBytes       
[  5]   7.00-8.00   sec  22.9 MBytes   192 Mbits/sec    0   4.49 MBytes       
[  5]   8.00-9.00   sec  23.0 MBytes   193 Mbits/sec    0   4.49 MBytes       
[  5]   9.00-10.00  sec  23.0 MBytes   193 Mbits/sec    0   4.49 MBytes       
[  5]  10.00-11.00  sec  23.0 MBytes   193 Mbits/sec    0   4.49 MBytes       
[  5]  11.00-12.00  sec  23.0 MBytes   193 Mbits/sec    0   4.49 MBytes       
[  5]  12.00-13.00  sec  22.9 MBytes   192 Mbits/sec    0   4.49 MBytes       
[  5]  13.00-14.00  sec  21.8 MBytes   182 Mbits/sec    0   4.49 MBytes       
[  5]  14.00-15.00  sec  23.0 MBytes   193 Mbits/sec    0   4.49 MBytes       
[  5]  15.00-16.00  sec  23.0 MBytes   193 Mbits/sec    0   4.49 MBytes       
[  5]  16.00-17.00  sec  22.9 MBytes   192 Mbits/sec    0   4.49 MBytes       
[  5]  17.00-18.00  sec  23.1 MBytes   194 Mbits/sec    0   4.49 MBytes       
[  5]  18.00-19.00  sec  23.0 MBytes   193 Mbits/sec    0   4.49 MBytes       
[  5]  19.00-20.00  sec  22.9 MBytes   192 Mbits/sec    0   4.49 MBytes       
[  5]  20.00-21.00  sec  22.8 MBytes   191 Mbits/sec    0   4.49 MBytes       
[  5]  21.00-22.00  sec  22.6 MBytes   190 Mbits/sec    0   4.49 MBytes       
[  5]  22.00-23.00  sec  22.6 MBytes   190 Mbits/sec    0   4.49 MBytes       
[  5]  23.00-24.00  sec  22.8 MBytes   191 Mbits/sec    0   4.49 MBytes       
[  5]  24.00-25.00  sec  22.6 MBytes   190 Mbits/sec    0   4.49 MBytes       
[  5]  25.00-26.00  sec  23.9 MBytes   200 Mbits/sec    0   4.49 MBytes       
[  5]  26.00-27.00  sec  22.8 MBytes   191 Mbits/sec    0   4.49 MBytes       
[  5]  27.00-28.00  sec  22.6 MBytes   190 Mbits/sec    0   4.49 MBytes       
[  5]  28.00-29.00  sec  22.6 MBytes   190 Mbits/sec    0   4.49 MBytes       
[  5]  29.00-30.00  sec  22.6 MBytes   190 Mbits/sec    0   4.49 MBytes       
- - - - - - - - - - - - - - - - - - - - - - - - -
[ ID] Interval           Transfer     Bitrate         Retr
[  5]   0.00-30.00  sec   670 MBytes   187 Mbits/sec    0             sender
[  5]   0.00-30.10  sec   669 MBytes   187 Mbits/sec                  receiver

iperf Done.
