Connecting to host 10.0.0.1, port 5494
[  5] local 10.0.0.4 port 55412 connected to 10.0.0.1 port 5494
[ ID] Interval           Transfer     Bitrate         Retr  Cwnd
[  5]   0.00-1.00   sec   128 KBytes  1.05 Mbits/sec    0   15.6 KBytes       
[  5]   1.00-2.00   sec   256 KBytes  2.10 Mbits/sec    0   21.2 KBytes       
[  5]   2.00-3.00   sec   256 KBytes  2.10 Mbits/sec    0   29.7 KBytes       
[  5]   3.00-4.00   sec   256 KBytes  2.10 Mbits/sec    0   36.8 KBytes       
[  5]   4.00-5.00   sec   384 KBytes  3.15 Mbits/sec    0   43.8 KBytes       
[  5]   5.00-6.00   sec   512 KBytes  4.19 Mbits/sec    0   50.9 KBytes       
[  5]   6.00-7.00   sec   896 KBytes  7.34 Mbits/sec    0   83.4 KBytes       
[  5]   7.00-8.00   sec  1.25 MBytes  10.5 Mbits/sec    0    133 KBytes       
[  5]   8.00-9.00   sec  1.75 MBytes  14.7 Mbits/sec    0    202 KBytes       
[  5]   9.00-10.00  sec  2.62 MBytes  22.0 Mbits/sec    0    296 KBytes       
[  5]  10.00-11.00  sec  3.62 MBytes  30.4 Mbits/sec    0    420 KBytes       
[  5]  11.00-12.00  sec  5.88 MBytes  49.3 Mbits/sec    0    571 KBytes       
[  5]  12.00-13.00  sec  6.38 MBytes  53.5 Mbits/sec    0    759 KBytes       
[  5]  13.00-14.00  sec  8.12 MBytes  68.2 Mbits/sec    0    979 KBytes       
[  5]  14.00-15.00  sec  9.50 MBytes  79.7 Mbits/sec    0   1.21 MBytes       
[  5]  15.00-16.00  sec  13.6 MBytes   114 Mbits/sec    0   1.52 MBytes       
[  5]  16.00-17.00  sec  16.2 MBytes   136 Mbits/sec    0   1.86 MBytes       
[  5]  17.00-18.00  sec  19.0 MBytes   159 Mbits/sec    0   2.25 MBytes       
[  5]  18.00-19.00  sec  20.1 MBytes   169 Mbits/sec    0   2.69 MBytes       
[  5]  19.00-20.00  sec  21.4 MBytes   179 Mbits/sec    0   3.10 MBytes       
[  5]  20.00-21.00  sec  20.0 MBytes   168 Mbits/sec    0   3.10 MBytes       
[  5]  21.00-22.00  sec  19.9 MBytes   167 Mbits/sec    0   3.10 MBytes       
[  5]  22.00-23.00  sec  20.0 MBytes   168 Mbits/sec    0   2.17 MBytes       
[  5]  23.00-24.00  sec  20.2 MBytes   170 Mbits/sec    0   2.38 MBytes       
[  5]  24.00-25.00  sec  20.2 MBytes   170 Mbits/sec    0   2.56 MBytes       
[  5]  25.00-26.00  sec  20.2 MBytes   170 Mbits/sec    0   2.71 MBytes       
[  5]  26.00-27.00  sec  20.0 MBytes   168 Mbits/sec    0   2.83 MBytes       
[  5]  27.00-28.00  sec  20.1 MBytes   169 Mbits/sec    0   2.92 MBytes       
[  5]  28.00-29.00  sec  20.0 MBytes   168 Mbits/sec    0   2.98 MBytes       
[  5]  29.00-30.00  sec  20.2 MBytes   170 Mbits/sec    0   2.18 MBytes       
- - - - - - - - - - - - - - - - - - - - - - - - -
[ ID] Interval           Transfer     Bitrate         Retr
[  5]   0.00-30.00  sec   333 MBytes  93.1 Mbits/sec    0             sender
[  5]   0.00-30.10  sec   333 MBytes  92.7 Mbits/sec                  receiver

iperf Done.
