iperf3: interrupt - the server has terminated
-----------------------------------------------------------
Server listening on 5460 (test #1)
-----------------------------------------------------------
Accepted connection from 10.0.0.2, port 33110
[  5] local 10.0.0.1 port 5460 connected to 10.0.0.2 port 33116
[ ID] Interval           Transfer     Bitrate
[  5]   0.00-1.00   sec  0.00 Bytes  0.00 bits/sec                  
[  5]   1.00-2.00   sec   256 KBytes  2.10 Mbits/sec                  
[  5]   2.00-3.00   sec   256 KBytes  2.10 Mbits/sec                  
[  5]   3.00-4.00   sec   256 KBytes  2.10 Mbits/sec                  
[  5]   4.00-5.00   sec   384 KBytes  3.15 Mbits/sec                  
[  5]   5.00-6.00   sec   512 KBytes  4.19 Mbits/sec                  
[  5]   6.00-7.00   sec   512 KBytes  4.19 Mbits/sec                  
[  5]   7.00-8.00   sec  1.00 MBytes  8.39 Mbits/sec                  
[  5]   8.00-9.00   sec  1.50 MBytes  12.6 Mbits/sec                  
[  5]   9.00-10.00  sec  2.38 MBytes  19.9 Mbits/sec                  
[  5]  10.00-11.00  sec  3.38 MBytes  28.3 Mbits/sec                  
[  5]  11.00-12.00  sec  4.38 MBytes  36.7 Mbits/sec                  
[  5]  12.00-13.00  sec  6.12 MBytes  51.4 Mbits/sec                  
[  5]  13.00-14.00  sec  8.25 MBytes  69.2 Mbits/sec                  
[  5]  14.00-15.00  sec  10.2 MBytes  86.0 Mbits/sec                  
[  5]  15.00-16.00  sec  12.8 MBytes   107 Mbits/sec                  
[  5]  16.00-17.00  sec  15.9 MBytes   133 Mbits/sec                  
[  5]  17.00-18.00  sec  19.5 MBytes   164 Mbits/sec                  
[  5]  18.00-19.00  sec  20.5 MBytes   172 Mbits/sec                  
[  5]  19.00-20.00  sec  20.4 MBytes   171 Mbits/sec                  
[  5]  20.00-21.00  sec  20.2 MBytes   170 Mbits/sec                  
[  5]  21.00-22.00  sec  20.2 MBytes   170 Mbits/sec                  
[  5]  22.00-23.00  sec  20.1 MBytes   169 Mbits/sec                  
[  5]  23.00-24.00  sec  18.9 MBytes   158 Mbits/sec                  
[  5]  24.00-25.00  sec  17.6 MBytes   148 Mbits/sec                  
[  5]  25.00-26.00  sec  18.6 MBytes   156 Mbits/sec                  
[  5]  26.00-27.00  sec  19.2 MBytes   161 Mbits/sec                  
[  5]  27.00-28.00  sec  19.6 MBytes   165 Mbits/sec                  
[  5]  28.00-29.00  sec  20.0 MBytes   168 Mbits/sec                  
[  5]  29.00-30.00  sec  20.1 MBytes   169 Mbits/sec                  
[  5]  30.00-30.10  sec  2.12 MBytes   173 Mbits/sec                  
- - - - - - - - - - - - - - - - - - - - - - - - -
[ ID] Interval           Transfer     Bitrate
[  5]   0.00-30.10  sec   325 MBytes  90.6 Mbits/sec                  receiver
