Connecting to host 10.0.0.1, port 5489
[  5] local 10.0.0.4 port 41592 connected to 10.0.0.1 port 5489
[ ID] Interval           Transfer     Bitrate         Retr  Cwnd
[  5]   0.00-1.00   sec   128 KBytes  1.05 Mbits/sec    0   15.6 KBytes       
[  5]   1.00-2.00   sec   256 KBytes  2.10 Mbits/sec    0   29.7 KBytes       
[  5]   2.00-3.00   sec   384 KBytes  3.15 Mbits/sec    0   42.4 KBytes       
[  5]   3.00-4.00   sec   512 KBytes  4.19 Mbits/sec    0   56.6 KBytes       
[  5]   4.00-5.00   sec   640 KBytes  5.24 Mbits/sec    0   69.3 KBytes       
[  5]   5.00-6.00   sec   768 KBytes  6.29 Mbits/sec    0   83.4 KBytes       
[  5]   6.00-7.00   sec  1.00 MBytes  8.39 Mbits/sec    0   96.2 KBytes       
[  5]   7.00-8.00   sec  1.00 MBytes  8.39 Mbits/sec    0    110 KBytes       
[  5]   8.00-9.00   sec  1.00 MBytes  8.39 Mbits/sec    0    124 KBytes       
[  5]   9.00-10.00  sec  1.38 MBytes  11.5 Mbits/sec    0    137 KBytes       
[  5]  10.00-11.00  sec  1.25 MBytes  10.5 Mbits/sec    0    151 KBytes       
[  5]  11.00-12.00  sec  1.62 MBytes  13.6 Mbits/sec    0    164 KBytes       
[  5]  12.00-13.00  sec  1.88 MBytes  15.7 Mbits/sec    0    178 KBytes       
[  5]  13.00-14.00  sec  1.38 MBytes  11.5 Mbits/sec    0    191 KBytes       
[  5]  14.00-15.00  sec  2.12 MBytes  17.8 Mbits/sec    0    205 KBytes       
[  5]  15.00-16.00  sec  2.12 MBytes  17.8 Mbits/sec    0    218 KBytes       
[  5]  16.00-17.00  sec  1.88 MBytes  15.7 Mbits/sec    0    232 KBytes       
[  5]  17.00-18.00  sec  2.50 MBytes  21.0 Mbits/sec    0    246 KBytes       
[  5]  18.00-19.00  sec  2.50 MBytes  21.0 Mbits/sec    0    257 KBytes       
[  5]  19.00-20.00  sec  2.75 MBytes  23.1 Mbits/sec    0    269 KBytes       
[  5]  20.00-21.00  sec  2.25 MBytes  18.9 Mbits/sec    0    277 KBytes       
[  5]  21.00-22.00  sec  2.75 MBytes  23.1 Mbits/sec    0    277 KBytes       
[  5]  22.00-23.00  sec  2.75 MBytes  23.1 Mbits/sec    0    277 KBytes       
[  5]  23.00-24.00  sec  2.25 MBytes  18.9 Mbits/sec    0    277 KBytes       
[  5]  24.00-25.00  sec  2.75 MBytes  23.1 Mbits/sec    0    277 KBytes       
[  5]  25.00-26.00  sec  2.75 MBytes  23.1 Mbits/sec    0    279 KBytes       
[  5]  26.00-27.00  sec  2.75 MBytes  23.1 Mbits/sec    0    280 KBytes       
[  5]  27.00-28.00  sec  2.25 MBytes  18.9 Mbits/sec    0    276 KBytes       
[  5]  28.00-29.00  sec  2.75 MBytes  23.1 Mbits/sec    0    274 KBytes       
[  5]  29.00-30.00  sec  2.75 MBytes  23.1 Mbits/sec    0    276 KBytes       
- - - - - - - - - - - - - - - - - - - - - - - - -
[ ID] Interval           Transfer     Bitrate         Retr
[  5]   0.00-30.00  sec  53.0 MBytes  14.8 Mbits/sec    0             sender
[  5]   0.00-30.10  sec  52.0 MBytes  14.5 Mbits/sec                  receiver

iperf Done.
