Connecting to host 10.0.0.1, port 5469
[  5] local 10.0.0.4 port 50638 connected to 10.0.0.1 port 5469
[ ID] Interval           Transfer     Bitrate         Retr  Cwnd
[  5]   0.00-1.00   sec   128 KBytes  1.05 Mbits/sec    0   19.8 KBytes       
[  5]   1.00-2.00   sec   256 KBytes  2.10 Mbits/sec    0   33.9 KBytes       
[  5]   2.00-3.00   sec   512 KBytes  4.19 Mbits/sec    0   46.7 KBytes       
[  5]   3.00-4.00   sec   512 KBytes  4.19 Mbits/sec    0   60.8 KBytes       
[  5]   4.00-5.00   sec   768 KBytes  6.29 Mbits/sec    0   73.5 KBytes       
[  5]   5.00-6.00   sec   768 KBytes  6.29 Mbits/sec    0   87.7 KBytes       
[  5]   6.00-7.00   sec  1.12 MBytes  9.44 Mbits/sec    0    100 KBytes       
[  5]   7.00-8.00   sec   896 KBytes  7.34 Mbits/sec    0    115 KBytes       
[  5]   8.00-9.00   sec  1.38 MBytes  11.5 Mbits/sec    0    129 KBytes       
[  5]   9.00-10.00  sec  1.25 MBytes  10.5 Mbits/sec    0    141 KBytes       
[  5]  10.00-11.00  sec  1.12 MBytes  9.44 Mbits/sec    0    156 KBytes       
[  5]  11.00-12.00  sec  1.75 MBytes  14.7 Mbits/sec    0    168 KBytes       
[  5]  12.00-13.00  sec  1.88 MBytes  15.7 Mbits/sec    0    181 KBytes       
[  5]  13.00-14.00  sec  1.50 MBytes  12.6 Mbits/sec    0    194 KBytes       
[  5]  14.00-15.00  sec  2.25 MBytes  18.9 Mbits/sec    0    208 KBytes       
[  5]  15.00-16.00  sec  2.12 MBytes  17.8 Mbits/sec    0    221 KBytes       
[  5]  16.00-17.00  sec  2.00 MBytes  16.8 Mbits/sec    0    235 KBytes       
[  5]  17.00-18.00  sec  2.38 MBytes  19.9 Mbits/sec    0    246 KBytes       
[  5]  18.00-19.00  sec  2.62 MBytes  22.0 Mbits/sec    0    259 KBytes       
[  5]  19.00-20.00  sec  2.12 MBytes  17.8 Mbits/sec    0    269 KBytes       
[  5]  20.00-21.00  sec  2.88 MBytes  24.1 Mbits/sec    0    274 KBytes       
[  5]  21.00-22.00  sec  2.75 MBytes  23.1 Mbits/sec    0    280 KBytes       
[  5]  22.00-23.00  sec  2.25 MBytes  18.9 Mbits/sec    0    281 KBytes       
[  5]  23.00-24.00  sec  2.75 MBytes  23.1 Mbits/sec    0    279 KBytes       
[  5]  24.00-25.00  sec  2.75 MBytes  23.1 Mbits/sec    0    276 KBytes       
[  5]  25.00-26.00  sec  2.25 MBytes  18.9 Mbits/sec    0    273 KBytes       
[  5]  26.00-27.00  sec  2.75 MBytes  23.1 Mbits/sec    0    272 KBytes       
[  5]  27.00-28.00  sec  2.75 MBytes  23.1 Mbits/sec    0    272 KBytes       
[  5]  28.00-29.00  sec  2.25 MBytes  18.9 Mbits/sec    0    273 KBytes       
[  5]  29.00-30.00  sec  2.75 MBytes  23.1 Mbits/sec    0    276 KBytes       
- - - - - - - - - - - - - - - - - - - - - - - - -
[ ID] Interval           Transfer     Bitrate         Retr
[  5]   0.00-30.00  sec  53.4 MBytes  14.9 Mbits/sec    0             sender
[  5]   0.00-30.10  sec  52.5 MBytes  14.6 Mbits/sec                  receiver

iperf Done.
