iperf3: interrupt - the server has terminated
-----------------------------------------------------------
Server listening on 5300 (test #1)
-----------------------------------------------------------
Accepted connection from 10.0.0.2, port 56122
[  5] local 10.0.0.1 port 5300 connected to 10.0.0.2 port 56124
[ ID] Interval           Transfer     Bitrate
[  5]   0.00-1.00   sec  5.12 MBytes  42.9 Mbits/sec                  
[  5]   1.00-2.00   sec  22.6 MBytes   190 Mbits/sec                  
[  5]   2.00-3.00   sec  22.5 MBytes   189 Mbits/sec                  
[  5]   3.00-4.00   sec  22.4 MBytes   188 Mbits/sec                  
[  5]   4.00-5.00   sec  22.2 MBytes   187 Mbits/sec                  
[  5]   5.00-6.00   sec  22.1 MBytes   186 Mbits/sec                  
[  5]   6.00-7.00   sec  22.0 MBytes   185 Mbits/sec                  
[  5]   7.00-8.00   sec  22.0 MBytes   185 Mbits/sec                  
[  5]   8.00-9.00   sec  21.8 MBytes   182 Mbits/sec                  
[  5]   9.00-10.00  sec  21.8 MBytes   182 Mbits/sec                  
[  5]  10.00-11.00  sec  21.8 MBytes   182 Mbits/sec                  
[  5]  11.00-12.00  sec  21.6 MBytes   181 Mbits/sec                  
[  5]  12.00-13.00  sec  21.0 MBytes   176 Mbits/sec                  
[  5]  13.00-14.00  sec  19.2 MBytes   161 Mbits/sec                  
[  5]  14.00-15.00  sec  16.5 MBytes   138 Mbits/sec                  
[  5]  15.00-16.00  sec  17.2 MBytes   145 Mbits/sec                  
[  5]  16.00-17.00  sec  17.8 MBytes   149 Mbits/sec                  
[  5]  17.00-18.00  sec  18.4 MBytes   154 Mbits/sec                  
[  5]  18.00-19.00  sec  18.5 MBytes   155 Mbits/sec                  
[  5]  19.00-20.00  sec  18.8 MBytes   157 Mbits/sec                  
[  5]  20.00-21.00  sec  18.9 MBytes   158 Mbits/sec                  
[  5]  21.00-22.00  sec  18.9 MBytes   158 Mbits/sec                  
[  5]  22.00-23.00  sec  18.8 MBytes   157 Mbits/sec                  
[  5]  23.00-24.00  sec  18.9 MBytes   158 Mbits/sec                  
[  5]  24.00-25.00  sec  19.0 MBytes   159 Mbits/sec                  
[  5]  25.00-26.00  sec  19.0 MBytes   159 Mbits/sec                  
[  5]  26.00-27.00  sec  19.2 MBytes   161 Mbits/sec                  
[  5]  27.00-28.00  sec  19.6 MBytes   165 Mbits/sec                  
[  5]  28.00-29.00  sec  20.0 MBytes   168 Mbits/sec                  
[  5]  29.00-30.00  sec  20.1 MBytes   169 Mbits/sec                  
[  5]  30.00-30.10  sec  2.12 MBytes   173 Mbits/sec                  
- - - - - - - - - - - - - - - - - - - - - - - - -
[ ID] Interval           Transfer     Bitrate
[  5]   0.00-30.10  sec   590 MBytes   164 Mbits/sec                  receiver
