Connecting to host 10.0.0.1, port 5480
[  5] local 10.0.0.4 port 53056 connected to 10.0.0.1 port 5480
[ ID] Interval           Transfer     Bitrate         Retr  Cwnd
[  5]   0.00-1.00   sec   128 KBytes  1.05 Mbits/sec    0   15.6 KBytes       
[  5]   1.00-2.00   sec   256 KBytes  2.10 Mbits/sec    0   22.6 KBytes       
[  5]   2.00-3.00   sec   256 KBytes  2.10 Mbits/sec    0   28.3 KBytes       
[  5]   3.00-4.00   sec   256 KBytes  2.10 Mbits/sec    0   36.8 KBytes       
[  5]   4.00-5.00   sec   384 KBytes  3.15 Mbits/sec    0   43.8 KBytes       
[  5]   5.00-6.00   sec   512 KBytes  4.19 Mbits/sec    0   50.9 KBytes       
[  5]   6.00-7.00   sec   768 KBytes  6.29 Mbits/sec    0   82.0 KBytes       
[  5]   7.00-8.00   sec  1.12 MBytes  9.43 Mbits/sec    0    133 KBytes       
[  5]   8.00-9.00   sec  1.75 MBytes  14.7 Mbits/sec    0    204 KBytes       
[  5]   9.00-10.00  sec  3.00 MBytes  25.2 Mbits/sec    0    296 KBytes       
[  5]  10.00-11.00  sec  3.50 MBytes  29.4 Mbits/sec    0    419 KBytes       
[  5]  11.00-12.00  sec  6.00 MBytes  50.3 Mbits/sec    0    570 KBytes       
[  5]  12.00-13.00  sec  6.38 MBytes  53.5 Mbits/sec    0    759 KBytes       
[  5]  13.00-14.00  sec  8.12 MBytes  68.2 Mbits/sec    0    979 KBytes       
[  5]  14.00-15.00  sec  9.50 MBytes  79.7 Mbits/sec    0   1.21 MBytes       
[  5]  15.00-16.00  sec  13.5 MBytes   113 Mbits/sec    0   1.52 MBytes       
[  5]  16.00-17.00  sec  16.2 MBytes   136 Mbits/sec    0   1.86 MBytes       
[  5]  17.00-18.00  sec  19.0 MBytes   159 Mbits/sec    0   2.25 MBytes       
[  5]  18.00-19.00  sec  20.2 MBytes   170 Mbits/sec    0   2.69 MBytes       
[  5]  19.00-20.00  sec  19.9 MBytes   167 Mbits/sec    0   3.10 MBytes       
[  5]  20.00-21.00  sec  21.2 MBytes   178 Mbits/sec    0   3.10 MBytes       
[  5]  21.00-22.00  sec  20.0 MBytes   168 Mbits/sec    0   3.10 MBytes       
[  5]  22.00-23.00  sec  20.0 MBytes   168 Mbits/sec    0   3.10 MBytes       
[  5]  23.00-24.00  sec  20.1 MBytes   169 Mbits/sec    0   3.10 MBytes       
[  5]  24.00-25.00  sec  20.2 MBytes   170 Mbits/sec    0   2.25 MBytes       
[  5]  25.00-26.00  sec  20.2 MBytes   170 Mbits/sec    0   2.45 MBytes       
[  5]  26.00-27.00  sec  17.6 MBytes   148 Mbits/sec    0   1.82 MBytes       
[  5]  27.00-28.00  sec  15.0 MBytes   126 Mbits/sec    0   1.35 MBytes       
[  5]  28.00-29.00  sec  12.1 MBytes   102 Mbits/sec    0   1.01 MBytes       
[  5]  29.00-30.00  sec  9.50 MBytes  79.7 Mbits/sec    0   1.07 MBytes       
- - - - - - - - - - - - - - - - - - - - - - - - -
[ ID] Interval           Transfer     Bitrate         Retr
[  5]   0.00-30.00  sec   307 MBytes  85.8 Mbits/sec    0             sender
[  5]   0.00-30.10  sec   305 MBytes  85.0 Mbits/sec                  receiver

iperf Done.
