Connecting to host 10.0.0.1, port 5340
[  5] local 10.0.0.4 port 58632 connected to 10.0.0.1 port 5340
[ ID] Interval           Transfer     Bitrate         Retr  Cwnd
[  5]   0.00-1.00   sec  8.75 MBytes  73.3 Mbits/sec    0   4.52 MBytes       
[  5]   1.00-2.00   sec  22.6 MBytes   190 Mbits/sec    0   4.57 MBytes       
[  5]   2.00-3.00   sec  21.6 MBytes   181 Mbits/sec    0   4.57 MBytes       
[  5]   3.00-4.00   sec  22.9 MBytes   192 Mbits/sec    0   4.57 MBytes       
[  5]   4.00-5.00   sec  22.8 MBytes   191 Mbits/sec    0   4.57 MBytes       
[  5]   5.00-6.00   sec  21.4 MBytes   179 Mbits/sec    0   4.57 MBytes       
[  5]   6.00-7.00   sec  21.5 MBytes   180 Mbits/sec    0   4.57 MBytes       
[  5]   7.00-8.00   sec  22.9 MBytes   192 Mbits/sec    0   4.57 MBytes       
[  5]   8.00-9.00   sec  21.5 MBytes   180 Mbits/sec    0   3.23 MBytes       
[  5]   9.00-10.00  sec  21.9 MBytes   183 Mbits/sec    0   2.63 MBytes       
[  5]  10.00-11.00  sec  20.2 MBytes   170 Mbits/sec    0   1.67 MBytes       
[  5]  11.00-12.00  sec  16.2 MBytes   136 Mbits/sec    0   1.77 MBytes       
[  5]  12.00-13.00  sec  16.4 MBytes   137 Mbits/sec    0   1.30 MBytes       
[  5]  13.00-14.00  sec  12.1 MBytes   102 Mbits/sec    0   1.39 MBytes       
[  5]  14.00-15.00  sec  13.6 MBytes   114 Mbits/sec    0   1.45 MBytes       
[  5]  15.00-16.00  sec  14.9 MBytes   125 Mbits/sec    0   1.49 MBytes       
[  5]  16.00-17.00  sec  13.5 MBytes   113 Mbits/sec    0   1.52 MBytes       
[  5]  17.00-18.00  sec  15.0 MBytes   126 Mbits/sec    0   1.54 MBytes       
[  5]  18.00-19.00  sec  14.9 MBytes   125 Mbits/sec    0   1.54 MBytes       
[  5]  19.00-20.00  sec  14.9 MBytes   125 Mbits/sec    0   1.54 MBytes       
[  5]  20.00-21.00  sec  15.0 MBytes   126 Mbits/sec    0   1.54 MBytes       
[  5]  21.00-22.00  sec  14.9 MBytes   125 Mbits/sec    0   1.55 MBytes       
[  5]  22.00-23.00  sec  14.9 MBytes   125 Mbits/sec    0   1.55 MBytes       
[  5]  23.00-24.00  sec  15.0 MBytes   126 Mbits/sec    0   1.57 MBytes       
[  5]  24.00-25.00  sec  16.2 MBytes   136 Mbits/sec    0   1.59 MBytes       
[  5]  25.00-26.00  sec  14.9 MBytes   125 Mbits/sec    0   1.63 MBytes       
[  5]  26.00-27.00  sec  16.2 MBytes   136 Mbits/sec    0   1.69 MBytes       
[  5]  27.00-28.00  sec  16.2 MBytes   136 Mbits/sec    0   1.77 MBytes       
[  5]  28.00-29.00  sec  17.6 MBytes   148 Mbits/sec    0   1.88 MBytes       
[  5]  29.00-30.00  sec  19.0 MBytes   159 Mbits/sec    0   2.01 MBytes       
- - - - - - - - - - - - - - - - - - - - - - - - -
[ ID] Interval           Transfer     Bitrate         Retr
[  5]   0.00-30.00  sec   520 MBytes   145 Mbits/sec    0             sender
[  5]   0.00-30.10  sec   518 MBytes   144 Mbits/sec                  receiver

iperf Done.
