Connecting to host 10.0.0.1, port 5362
[  5] local 10.0.0.4 port 49760 connected to 10.0.0.1 port 5362
[ ID] Interval           Transfer     Bitrate         Retr  Cwnd
[  5]   0.00-1.00   sec  8.50 MBytes  71.2 Mbits/sec    0   2.88 MBytes       
[  5]   1.00-2.00   sec  23.1 MBytes   194 Mbits/sec    0   3.19 MBytes       
[  5]   2.00-3.00   sec  21.6 MBytes   181 Mbits/sec    0   3.19 MBytes       
[  5]   3.00-4.00   sec  23.1 MBytes   194 Mbits/sec    0   3.19 MBytes       
[  5]   4.00-5.00   sec  21.8 MBytes   182 Mbits/sec    0   2.34 MBytes       
[  5]   5.00-6.00   sec  21.6 MBytes   181 Mbits/sec    0   2.54 MBytes       
[  5]   6.00-7.00   sec  21.6 MBytes   181 Mbits/sec    0   2.71 MBytes       
[  5]   7.00-8.00   sec  22.9 MBytes   192 Mbits/sec    0   2.84 MBytes       
[  5]   8.00-9.00   sec  21.5 MBytes   180 Mbits/sec    0   2.95 MBytes       
[  5]   9.00-10.00  sec  21.5 MBytes   180 Mbits/sec    0   3.03 MBytes       
[  5]  10.00-11.00  sec  21.4 MBytes   179 Mbits/sec    0   3.04 MBytes       
[  5]  11.00-12.00  sec  21.6 MBytes   181 Mbits/sec    0   3.04 MBytes       
[  5]  12.00-13.00  sec  21.4 MBytes   179 Mbits/sec    0   3.04 MBytes       
[  5]  13.00-14.00  sec  21.1 MBytes   177 Mbits/sec    0   3.04 MBytes       
[  5]  14.00-15.00  sec  21.1 MBytes   177 Mbits/sec    0   3.04 MBytes       
[  5]  15.00-16.00  sec  21.2 MBytes   178 Mbits/sec    0   3.04 MBytes       
[  5]  16.00-17.00  sec  21.4 MBytes   179 Mbits/sec    0   3.04 MBytes       
[  5]  17.00-18.00  sec  21.6 MBytes   181 Mbits/sec    0   2.22 MBytes       
[  5]  18.00-19.00  sec  20.2 MBytes   170 Mbits/sec    0   2.33 MBytes       
[  5]  19.00-20.00  sec  19.0 MBytes   159 Mbits/sec    0   1.72 MBytes       
[  5]  20.00-21.00  sec  13.6 MBytes   114 Mbits/sec    0   1.28 MBytes       
[  5]  21.00-22.00  sec  9.50 MBytes  79.7 Mbits/sec    0    983 KBytes       
[  5]  22.00-23.00  sec  9.50 MBytes  79.7 Mbits/sec    0   1.01 MBytes       
[  5]  23.00-24.00  sec  9.38 MBytes  78.6 Mbits/sec    0    757 KBytes       
[  5]  24.00-25.00  sec  6.88 MBytes  57.7 Mbits/sec    0    571 KBytes       
[  5]  25.00-26.00  sec  5.38 MBytes  45.1 Mbits/sec    0    618 KBytes       
[  5]  26.00-27.00  sec  6.75 MBytes  56.6 Mbits/sec    0    648 KBytes       
[  5]  27.00-28.00  sec  5.50 MBytes  46.1 Mbits/sec    0    663 KBytes       
[  5]  28.00-29.00  sec  6.75 MBytes  56.6 Mbits/sec    0    672 KBytes       
[  5]  29.00-30.00  sec  6.75 MBytes  56.6 Mbits/sec    0    673 KBytes       
- - - - - - - - - - - - - - - - - - - - - - - - -
[ ID] Interval           Transfer     Bitrate         Retr
[  5]   0.00-30.00  sec   497 MBytes   139 Mbits/sec    0             sender
[  5]   0.00-30.10  sec   494 MBytes   138 Mbits/sec                  receiver

iperf Done.
