iperf3: interrupt - the server has terminated
-----------------------------------------------------------
Server listening on 5312 (test #1)
-----------------------------------------------------------
Accepted connection from 10.0.0.2, port 33122
[  5] local 10.0.0.1 port 5312 connected to 10.0.0.2 port 33138
[ ID] Interval           Transfer     Bitrate
[  5]   0.00-1.00   sec  4.75 MBytes  39.8 Mbits/sec                  
[  5]   1.00-2.00   sec  22.6 MBytes   190 Mbits/sec                  
[  5]   2.00-3.00   sec  22.5 MBytes   189 Mbits/sec                  
[  5]   3.00-4.00   sec  22.4 MBytes   188 Mbits/sec                  
[  5]   4.00-5.00   sec  22.2 MBytes   187 Mbits/sec                  
[  5]   5.00-6.00   sec  22.2 MBytes   187 Mbits/sec                  
[  5]   6.00-7.00   sec  22.0 MBytes   185 Mbits/sec                  
[  5]   7.00-8.00   sec  22.0 MBytes   185 Mbits/sec                  
[  5]   8.00-9.00   sec  21.9 MBytes   184 Mbits/sec                  
[  5]   9.00-10.00  sec  21.8 MBytes   182 Mbits/sec                  
[  5]  10.00-11.00  sec  21.6 MBytes   181 Mbits/sec                  
[  5]  11.00-12.00  sec  21.5 MBytes   180 Mbits/sec                  
[  5]  12.00-13.00  sec  21.1 MBytes   177 Mbits/sec                  
[  5]  13.00-14.00  sec  19.2 MBytes   161 Mbits/sec                  
[  5]  14.00-15.00  sec  12.2 MBytes   103 Mbits/sec                  
[  5]  15.00-16.00  sec  12.6 MBytes   106 Mbits/sec                  
[  5]  16.00-17.00  sec  13.1 MBytes   110 Mbits/sec                  
[  5]  17.00-18.00  sec  13.4 MBytes   112 Mbits/sec                  
[  5]  18.00-19.00  sec  13.8 MBytes   115 Mbits/sec                  
[  5]  19.00-20.00  sec  13.9 MBytes   116 Mbits/sec                  
[  5]  20.00-21.00  sec  13.9 MBytes   116 Mbits/sec                  
[  5]  21.00-22.00  sec  13.9 MBytes   116 Mbits/sec                  
[  5]  22.00-23.00  sec  14.0 MBytes   117 Mbits/sec                  
[  5]  23.00-24.00  sec  13.8 MBytes   115 Mbits/sec                  
[  5]  24.00-25.00  sec  14.1 MBytes   118 Mbits/sec                  
[  5]  25.00-26.00  sec  14.1 MBytes   118 Mbits/sec                  
[  5]  26.00-27.00  sec  14.5 MBytes   122 Mbits/sec                  
[  5]  27.00-28.00  sec  14.8 MBytes   124 Mbits/sec                  
[  5]  28.00-29.00  sec  15.5 MBytes   130 Mbits/sec                  
[  5]  29.00-30.00  sec  16.2 MBytes   136 Mbits/sec                  
[  5]  30.00-30.10  sec  1.75 MBytes   142 Mbits/sec                  
- - - - - - - - - - - - - - - - - - - - - - - - -
[ ID] Interval           Transfer     Bitrate
[  5]   0.00-30.10  sec   513 MBytes   143 Mbits/sec                  receiver
