Connecting to host 10.0.0.1, port 5470
[  5] local 10.0.0.4 port 43134 connected to 10.0.0.1 port 5470
[ ID] Interval           Transfer     Bitrate         Retr  Cwnd
[  5]   0.00-1.00   sec   128 KBytes  1.05 Mbits/sec    0   15.6 KBytes       
[  5]   1.00-2.00   sec   256 KBytes  2.10 Mbits/sec    0   21.2 KBytes       
[  5]   2.00-3.00   sec   256 KBytes  2.10 Mbits/sec    0   29.7 KBytes       
[  5]   3.00-4.00   sec   384 KBytes  3.15 Mbits/sec    0   36.8 KBytes       
[  5]   4.00-5.00   sec   384 KBytes  3.15 Mbits/sec    0   43.8 KBytes       
[  5]   5.00-6.00   sec   512 KBytes  4.19 Mbits/sec    0   50.9 KBytes       
[  5]   6.00-7.00   sec   640 KBytes  5.24 Mbits/sec    0   82.0 KBytes       
[  5]   7.00-8.00   sec  1.25 MBytes  10.5 Mbits/sec    0    133 KBytes       
[  5]   8.00-9.00   sec  1.88 MBytes  15.7 Mbits/sec    0    204 KBytes       
[  5]   9.00-10.00  sec  2.50 MBytes  21.0 Mbits/sec    0    298 KBytes       
[  5]  10.00-11.00  sec  4.38 MBytes  36.7 Mbits/sec    0    423 KBytes       
[  5]  11.00-12.00  sec  4.88 MBytes  40.9 Mbits/sec    0    568 KBytes       
[  5]  12.00-13.00  sec  6.50 MBytes  54.5 Mbits/sec    0    758 KBytes       
[  5]  13.00-14.00  sec  8.12 MBytes  68.2 Mbits/sec    0    977 KBytes       
[  5]  14.00-15.00  sec  10.8 MBytes  90.2 Mbits/sec    0   1.22 MBytes       
[  5]  15.00-16.00  sec  12.2 MBytes   103 Mbits/sec    0   1.51 MBytes       
[  5]  16.00-17.00  sec  16.2 MBytes   136 Mbits/sec    0   1.86 MBytes       
[  5]  17.00-18.00  sec  19.0 MBytes   159 Mbits/sec    0   2.25 MBytes       
[  5]  18.00-19.00  sec  21.6 MBytes   181 Mbits/sec    0   2.69 MBytes       
[  5]  19.00-20.00  sec  20.1 MBytes   169 Mbits/sec    0   3.11 MBytes       
[  5]  20.00-21.00  sec  20.0 MBytes   168 Mbits/sec    0   3.11 MBytes       
[  5]  21.00-22.00  sec  20.1 MBytes   169 Mbits/sec    0   3.11 MBytes       
[  5]  22.00-23.00  sec  20.0 MBytes   168 Mbits/sec    0   3.11 MBytes       
[  5]  23.00-24.00  sec  20.1 MBytes   169 Mbits/sec    0   3.11 MBytes       
[  5]  24.00-25.00  sec  20.0 MBytes   168 Mbits/sec    0   3.11 MBytes       
[  5]  25.00-26.00  sec  20.0 MBytes   168 Mbits/sec    0   3.11 MBytes       
[  5]  26.00-27.00  sec  21.5 MBytes   180 Mbits/sec    0   2.26 MBytes       
[  5]  27.00-28.00  sec  19.0 MBytes   159 Mbits/sec    0   1.18 MBytes       
[  5]  28.00-29.00  sec  12.2 MBytes   103 Mbits/sec    0   1.27 MBytes       
[  5]  29.00-30.00  sec  12.1 MBytes   102 Mbits/sec    0   1.33 MBytes       
- - - - - - - - - - - - - - - - - - - - - - - - -
[ ID] Interval           Transfer     Bitrate         Retr
[  5]   0.00-30.00  sec   317 MBytes  88.7 Mbits/sec    0             sender
[  5]   0.00-30.10  sec   315 MBytes  87.8 Mbits/sec                  receiver

iperf Done.
