Connecting to host 10.0.0.1, port 5487
[  5] local 10.0.0.4 port 42452 connected to 10.0.0.1 port 5487
[ ID] Interval           Transfer     Bitrate         Retr  Cwnd
[  5]   0.00-1.00   sec  5.88 MBytes  49.2 Mbits/sec    0    649 KBytes       
[  5]   1.00-2.00   sec  4.00 MBytes  33.6 Mbits/sec    0    276 KBytes       
[  5]   2.00-3.00   sec  1.38 MBytes  11.5 Mbits/sec    0    188 KBytes       
[  5]   3.00-4.00   sec  1.38 MBytes  11.5 Mbits/sec    0    181 KBytes       
[  5]   4.00-5.00   sec  2.75 MBytes  23.1 Mbits/sec    0    194 KBytes       
[  5]   5.00-6.00   sec  1.38 MBytes  11.5 Mbits/sec    0    208 KBytes       
[  5]   6.00-7.00   sec  2.62 MBytes  22.0 Mbits/sec    0    219 KBytes       
[  5]   7.00-8.00   sec  1.38 MBytes  11.5 Mbits/sec    0    233 KBytes       
[  5]   8.00-9.00   sec  2.75 MBytes  23.1 Mbits/sec    0    246 KBytes       
[  5]   9.00-10.00  sec  1.38 MBytes  11.5 Mbits/sec    0    260 KBytes       
[  5]  10.00-11.00  sec  2.62 MBytes  22.0 Mbits/sec    0    274 KBytes       
[  5]  11.00-12.00  sec  2.75 MBytes  23.1 Mbits/sec    0    287 KBytes       
[  5]  12.00-13.00  sec  2.75 MBytes  23.1 Mbits/sec    0    301 KBytes       
[  5]  13.00-14.00  sec  2.62 MBytes  22.0 Mbits/sec    0    315 KBytes       
[  5]  14.00-15.00  sec  4.12 MBytes  34.6 Mbits/sec    0    328 KBytes       
[  5]  15.00-16.00  sec  2.75 MBytes  23.1 Mbits/sec    0    342 KBytes       
[  5]  16.00-17.00  sec  2.62 MBytes  22.0 Mbits/sec    0    356 KBytes       
[  5]  17.00-18.00  sec  4.12 MBytes  34.6 Mbits/sec    0    369 KBytes       
[  5]  18.00-19.00  sec  2.75 MBytes  23.1 Mbits/sec    0    383 KBytes       
[  5]  19.00-20.00  sec  4.00 MBytes  33.6 Mbits/sec    0    396 KBytes       
[  5]  20.00-21.00  sec  4.12 MBytes  34.6 Mbits/sec    0    407 KBytes       
[  5]  21.00-22.00  sec  4.00 MBytes  33.6 Mbits/sec    0    420 KBytes       
[  5]  22.00-23.00  sec  4.12 MBytes  34.6 Mbits/sec    0    433 KBytes       
[  5]  23.00-24.00  sec  4.00 MBytes  33.6 Mbits/sec    0    444 KBytes       
[  5]  24.00-25.00  sec  4.12 MBytes  34.6 Mbits/sec    0    451 KBytes       
[  5]  25.00-26.00  sec  4.00 MBytes  33.6 Mbits/sec    0    458 KBytes       
[  5]  26.00-27.00  sec  4.12 MBytes  34.6 Mbits/sec    0    465 KBytes       
[  5]  27.00-28.00  sec  4.00 MBytes  33.6 Mbits/sec    0    469 KBytes       
[  5]  28.00-29.00  sec  5.50 MBytes  46.1 Mbits/sec    0    474 KBytes       
[  5]  29.00-30.00  sec  4.00 MBytes  33.5 Mbits/sec    0    477 KBytes       
- - - - - - - - - - - - - - - - - - - - - - - - -
[ ID] Interval           Transfer     Bitrate         Retr
[  5]   0.00-30.00  sec  98.0 MBytes  27.4 Mbits/sec    0             sender
[  5]   0.00-30.10  sec  95.6 MBytes  26.6 Mbits/sec                  receiver

iperf Done.
