Connecting to host 10.0.0.1, port 5480
[  5] local 10.0.0.4 port 44994 connected to 10.0.0.1 port 5480
[ ID] Interval           Transfer     Bitrate         Retr  Cwnd
[  5]   0.00-1.00   sec  7.50 MBytes  62.9 Mbits/sec    0   2.29 MBytes       
[  5]   1.00-2.00   sec  17.4 MBytes   146 Mbits/sec    0   3.14 MBytes       
[  5]   2.00-3.00   sec  18.6 MBytes   156 Mbits/sec    0   3.19 MBytes       
[  5]   3.00-4.00   sec  21.5 MBytes   180 Mbits/sec    0   3.19 MBytes       
[  5]   4.00-5.00   sec  19.9 MBytes   167 Mbits/sec    0   3.19 MBytes       
[  5]   5.00-6.00   sec  21.0 MBytes   176 Mbits/sec    0   3.19 MBytes       
[  5]   6.00-7.00   sec  21.1 MBytes   177 Mbits/sec    0   3.19 MBytes       
[  5]   7.00-8.00   sec  19.9 MBytes   167 Mbits/sec    0   3.19 MBytes       
[  5]   8.00-9.00   sec  20.1 MBytes   169 Mbits/sec    0   3.19 MBytes       
[  5]   9.00-10.00  sec  21.2 MBytes   178 Mbits/sec    0   3.19 MBytes       
[  5]  10.00-11.00  sec  18.9 MBytes   158 Mbits/sec    0   3.19 MBytes       
[  5]  11.00-12.00  sec  20.0 MBytes   168 Mbits/sec    0   3.19 MBytes       
[  5]  12.00-13.00  sec  20.0 MBytes   168 Mbits/sec    0   3.19 MBytes       
[  5]  13.00-14.00  sec  19.8 MBytes   166 Mbits/sec    0   3.19 MBytes       
[  5]  14.00-15.00  sec  19.5 MBytes   164 Mbits/sec    0   3.19 MBytes       
[  5]  15.00-16.00  sec  19.8 MBytes   166 Mbits/sec    0   3.19 MBytes       
[  5]  16.00-17.00  sec  19.6 MBytes   165 Mbits/sec    0   3.19 MBytes       
[  5]  17.00-18.00  sec  19.6 MBytes   165 Mbits/sec    0   3.19 MBytes       
[  5]  18.00-19.00  sec  18.2 MBytes   153 Mbits/sec    0   3.19 MBytes       
[  5]  19.00-20.00  sec  19.8 MBytes   166 Mbits/sec    0   3.19 MBytes       
[  5]  20.00-21.00  sec  18.6 MBytes   156 Mbits/sec    0   3.19 MBytes       
[  5]  21.00-22.00  sec  18.5 MBytes   155 Mbits/sec    0   3.19 MBytes       
[  5]  22.00-23.00  sec  18.6 MBytes   156 Mbits/sec    0   2.28 MBytes       
[  5]  23.00-24.00  sec  19.0 MBytes   159 Mbits/sec    0   2.49 MBytes       
[  5]  24.00-25.00  sec  18.8 MBytes   157 Mbits/sec    0   2.67 MBytes       
[  5]  25.00-26.00  sec  17.4 MBytes   146 Mbits/sec    0   2.81 MBytes       
[  5]  26.00-27.00  sec  18.6 MBytes   156 Mbits/sec    0   2.92 MBytes       
[  5]  27.00-28.00  sec  18.6 MBytes   156 Mbits/sec    0   3.01 MBytes       
[  5]  28.00-29.00  sec  17.2 MBytes   145 Mbits/sec    0   3.04 MBytes       
[  5]  29.00-30.00  sec  18.5 MBytes   155 Mbits/sec    0   3.04 MBytes       
- - - - - - - - - - - - - - - - - - - - - - - - -
[ ID] Interval           Transfer     Bitrate         Retr
[  5]   0.00-30.00  sec   567 MBytes   159 Mbits/sec    0             sender
[  5]   0.00-30.10  sec   566 MBytes   158 Mbits/sec                  receiver

iperf Done.
