Connecting to host 10.0.0.1, port 5449
[  5] local 10.0.0.4 port 41534 connected to 10.0.0.1 port 5449
[ ID] Interval           Transfer     Bitrate         Retr  Cwnd
[  5]   0.00-1.00   sec  8.38 MBytes  70.2 Mbits/sec    0   2.69 MBytes       
[  5]   1.00-2.00   sec  8.12 MBytes  68.2 Mbits/sec    0    150 KBytes       
[  5]   2.00-3.00   sec  1.38 MBytes  11.5 Mbits/sec    0   82.0 KBytes       
[  5]   3.00-4.00   sec  0.00 Bytes  0.00 bits/sec    0   84.8 KBytes       
[  5]   4.00-5.00   sec  1.25 MBytes  10.5 Mbits/sec    0   97.6 KBytes       
[  5]   5.00-6.00   sec  0.00 Bytes  0.00 bits/sec    0    112 KBytes       
[  5]   6.00-7.00   sec  1.38 MBytes  11.5 Mbits/sec    0    126 KBytes       
[  5]   7.00-8.00   sec  1.38 MBytes  11.5 Mbits/sec    0    139 KBytes       
[  5]   8.00-9.00   sec  1.38 MBytes  11.5 Mbits/sec    0    153 KBytes       
[  5]   9.00-10.00  sec  1.38 MBytes  11.5 Mbits/sec    0    167 KBytes       
[  5]  10.00-11.00  sec  1.38 MBytes  11.5 Mbits/sec    0    180 KBytes       
[  5]  11.00-12.00  sec  2.62 MBytes  22.0 Mbits/sec    0    194 KBytes       
[  5]  12.00-13.00  sec  1.38 MBytes  11.5 Mbits/sec    0    208 KBytes       
[  5]  13.00-14.00  sec  2.75 MBytes  23.1 Mbits/sec    0    221 KBytes       
[  5]  14.00-15.00  sec  1.38 MBytes  11.5 Mbits/sec    0    235 KBytes       
[  5]  15.00-16.00  sec  2.62 MBytes  22.0 Mbits/sec    0    249 KBytes       
[  5]  16.00-17.00  sec  2.75 MBytes  23.1 Mbits/sec    0    263 KBytes       
[  5]  17.00-18.00  sec  1.38 MBytes  11.5 Mbits/sec    0    276 KBytes       
[  5]  18.00-19.00  sec  2.75 MBytes  23.1 Mbits/sec    0    290 KBytes       
[  5]  19.00-20.00  sec  2.62 MBytes  22.0 Mbits/sec    0    304 KBytes       
[  5]  20.00-21.00  sec  4.12 MBytes  34.6 Mbits/sec    0    317 KBytes       
[  5]  21.00-22.00  sec  2.75 MBytes  23.1 Mbits/sec    0    331 KBytes       
[  5]  22.00-23.00  sec  2.62 MBytes  22.0 Mbits/sec    0    345 KBytes       
[  5]  23.00-24.00  sec  4.12 MBytes  34.6 Mbits/sec    0    358 KBytes       
[  5]  24.00-25.00  sec  2.75 MBytes  23.1 Mbits/sec    0    372 KBytes       
[  5]  25.00-26.00  sec  4.00 MBytes  33.5 Mbits/sec    0    386 KBytes       
[  5]  26.00-27.00  sec  2.75 MBytes  23.1 Mbits/sec    0    399 KBytes       
[  5]  27.00-28.00  sec  4.00 MBytes  33.6 Mbits/sec    0    413 KBytes       
[  5]  28.00-29.00  sec  4.12 MBytes  34.6 Mbits/sec    0    426 KBytes       
[  5]  29.00-30.00  sec  4.00 MBytes  33.5 Mbits/sec    0    437 KBytes       
- - - - - - - - - - - - - - - - - - - - - - - - -
[ ID] Interval           Transfer     Bitrate         Retr
[  5]   0.00-30.00  sec  81.5 MBytes  22.8 Mbits/sec    0             sender
[  5]   0.00-30.10  sec  79.2 MBytes  22.1 Mbits/sec                  receiver

iperf Done.
