Connecting to host 10.0.0.1, port 5329
[  5] local 10.0.0.4 port 59310 connected to 10.0.0.1 port 5329
[ ID] Interval           Transfer     Bitrate         Retr  Cwnd
[  5]   0.00-1.00   sec  8.38 MBytes  70.2 Mbits/sec    0   2.56 MBytes       
[  5]   1.00-2.00   sec  5.38 MBytes  45.1 Mbits/sec    0    123 KBytes       
[  5]   2.00-3.00   sec  1.38 MBytes  11.5 Mbits/sec    0   90.5 KBytes       
[  5]   3.00-4.00   sec  1.38 MBytes  11.5 Mbits/sec    0   76.4 KBytes       
[  5]   4.00-5.00   sec  0.00 Bytes  0.00 bits/sec    0   89.1 KBytes       
[  5]   5.00-6.00   sec  1.25 MBytes  10.5 Mbits/sec    0   89.1 KBytes       
[  5]   6.00-7.00   sec  1.38 MBytes  11.5 Mbits/sec    0    100 KBytes       
[  5]   7.00-8.00   sec  0.00 Bytes  0.00 bits/sec    0    115 KBytes       
[  5]   8.00-9.00   sec  1.38 MBytes  11.5 Mbits/sec    0    127 KBytes       
[  5]   9.00-10.00  sec  1.38 MBytes  11.5 Mbits/sec    0    141 KBytes       
[  5]  10.00-11.00  sec  1.38 MBytes  11.5 Mbits/sec    0    156 KBytes       
[  5]  11.00-12.00  sec  1.38 MBytes  11.5 Mbits/sec    0    168 KBytes       
[  5]  12.00-13.00  sec  1.38 MBytes  11.5 Mbits/sec    0    182 KBytes       
[  5]  13.00-14.00  sec  2.62 MBytes  22.0 Mbits/sec    0    197 KBytes       
[  5]  14.00-15.00  sec  1.38 MBytes  11.5 Mbits/sec    0    209 KBytes       
[  5]  15.00-16.00  sec  2.75 MBytes  23.1 Mbits/sec    0    223 KBytes       
[  5]  16.00-17.00  sec  1.38 MBytes  11.5 Mbits/sec    0    238 KBytes       
[  5]  17.00-18.00  sec  2.62 MBytes  22.0 Mbits/sec    0    250 KBytes       
[  5]  18.00-19.00  sec  2.75 MBytes  23.1 Mbits/sec    0    264 KBytes       
[  5]  19.00-20.00  sec  2.75 MBytes  23.1 Mbits/sec    0    279 KBytes       
[  5]  20.00-21.00  sec  2.62 MBytes  22.0 Mbits/sec    0    291 KBytes       
[  5]  21.00-22.00  sec  2.75 MBytes  23.1 Mbits/sec    0    305 KBytes       
[  5]  22.00-23.00  sec  2.75 MBytes  23.1 Mbits/sec    0    320 KBytes       
[  5]  23.00-24.00  sec  2.62 MBytes  22.0 Mbits/sec    0    332 KBytes       
[  5]  24.00-25.00  sec  2.75 MBytes  23.1 Mbits/sec    0    346 KBytes       
[  5]  25.00-26.00  sec  4.12 MBytes  34.6 Mbits/sec    0    361 KBytes       
[  5]  26.00-27.00  sec  2.62 MBytes  22.0 Mbits/sec    0    373 KBytes       
[  5]  27.00-28.00  sec  4.12 MBytes  34.6 Mbits/sec    0    387 KBytes       
[  5]  28.00-29.00  sec  4.00 MBytes  33.6 Mbits/sec    0    400 KBytes       
[  5]  29.00-30.00  sec  2.75 MBytes  23.1 Mbits/sec    0    413 KBytes       
- - - - - - - - - - - - - - - - - - - - - - - - -
[ ID] Interval           Transfer     Bitrate         Retr
[  5]   0.00-30.00  sec  73.4 MBytes  20.5 Mbits/sec    0             sender
[  5]   0.00-30.10  sec  71.4 MBytes  19.9 Mbits/sec                  receiver

iperf Done.
