iperf3: interrupt - the server has terminated
-----------------------------------------------------------
Server listening on 5427 (test #1)
-----------------------------------------------------------
Accepted connection from 10.0.0.2, port 33754
[  5] local 10.0.0.1 port 5427 connected to 10.0.0.2 port 33762
[ ID] Interval           Transfer     Bitrate
[  5]   0.00-1.00   sec  3.50 MBytes  29.3 Mbits/sec                  
[  5]   1.00-2.00   sec  6.88 MBytes  57.7 Mbits/sec                  
[  5]   2.00-3.00   sec  7.00 MBytes  58.7 Mbits/sec                  
[  5]   3.00-4.00   sec  6.12 MBytes  51.4 Mbits/sec                  
[  5]   4.00-5.00   sec  4.25 MBytes  35.7 Mbits/sec                  
[  5]   5.00-6.00   sec  3.88 MBytes  32.5 Mbits/sec                  
[  5]   6.00-7.00   sec  3.75 MBytes  31.5 Mbits/sec                  
[  5]   7.00-8.00   sec  3.62 MBytes  30.4 Mbits/sec                  
[  5]   8.00-9.00   sec  3.62 MBytes  30.4 Mbits/sec                  
[  5]   9.00-10.00  sec  3.62 MBytes  30.4 Mbits/sec                  
[  5]  10.00-11.00  sec  3.75 MBytes  31.5 Mbits/sec                  
[  5]  11.00-12.00  sec  3.88 MBytes  32.5 Mbits/sec                  
[  5]  12.00-13.00  sec  4.00 MBytes  33.6 Mbits/sec                  
[  5]  13.00-14.00  sec  4.12 MBytes  34.6 Mbits/sec                  
[  5]  14.00-15.00  sec  4.12 MBytes  34.6 Mbits/sec                  
[  5]  15.00-16.00  sec  4.38 MBytes  36.7 Mbits/sec                  
[  5]  16.00-17.00  sec  4.50 MBytes  37.7 Mbits/sec                  
[  5]  17.00-18.00  sec  4.62 MBytes  38.8 Mbits/sec                  
[  5]  18.00-19.00  sec  4.62 MBytes  38.8 Mbits/sec                  
[  5]  19.00-20.00  sec  4.75 MBytes  39.8 Mbits/sec                  
[  5]  20.00-21.00  sec  4.88 MBytes  40.9 Mbits/sec                  
[  5]  21.00-22.00  sec  4.88 MBytes  40.9 Mbits/sec                  
[  5]  22.00-23.00  sec  5.00 MBytes  41.9 Mbits/sec                  
[  5]  23.00-24.00  sec  5.12 MBytes  43.0 Mbits/sec                  
[  5]  24.00-25.00  sec  5.25 MBytes  44.0 Mbits/sec                  
[  5]  25.00-26.00  sec  5.38 MBytes  45.1 Mbits/sec                  
[  5]  26.00-27.00  sec  5.50 MBytes  46.1 Mbits/sec                  
[  5]  27.00-28.00  sec  5.50 MBytes  46.1 Mbits/sec                  
[  5]  28.00-29.00  sec  5.75 MBytes  48.2 Mbits/sec                  
[  5]  29.00-30.00  sec  5.75 MBytes  48.2 Mbits/sec                  
[  5]  30.00-30.10  sec   640 KBytes  51.4 Mbits/sec                  
- - - - - - - - - - - - - - - - - - - - - - - - -
[ ID] Interval           Transfer     Bitrate
[  5]   0.00-30.10  sec   143 MBytes  39.7 Mbits/sec                  receiver
