iperf3: interrupt - the server has terminated
-----------------------------------------------------------
Server listening on 5428 (test #1)
-----------------------------------------------------------
Accepted connection from 10.0.0.2, port 54332
[  5] local 10.0.0.1 port 5428 connected to 10.0.0.2 port 54346
[ ID] Interval           Transfer     Bitrate
[  5]   0.00-1.00   sec  2.25 MBytes  18.9 Mbits/sec                  
[  5]   1.00-2.00   sec  17.6 MBytes   148 Mbits/sec                  
[  5]   2.00-3.00   sec  20.5 MBytes   172 Mbits/sec                  
[  5]   3.00-4.00   sec  20.4 MBytes   171 Mbits/sec                  
[  5]   4.00-5.00   sec  20.2 MBytes   170 Mbits/sec                  
[  5]   5.00-6.00   sec  20.1 MBytes   169 Mbits/sec                  
[  5]   6.00-7.00   sec  20.0 MBytes   168 Mbits/sec                  
[  5]   7.00-8.00   sec  19.8 MBytes   166 Mbits/sec                  
[  5]   8.00-9.00   sec  19.8 MBytes   166 Mbits/sec                  
[  5]   9.00-10.00  sec  19.6 MBytes   165 Mbits/sec                  
[  5]  10.00-11.00  sec  19.4 MBytes   163 Mbits/sec                  
[  5]  11.00-12.00  sec  19.4 MBytes   163 Mbits/sec                  
[  5]  12.00-13.00  sec  19.2 MBytes   161 Mbits/sec                  
[  5]  13.00-14.00  sec  19.1 MBytes   160 Mbits/sec                  
[  5]  14.00-15.00  sec  18.9 MBytes   158 Mbits/sec                  
[  5]  15.00-16.00  sec  18.9 MBytes   158 Mbits/sec                  
[  5]  16.00-17.00  sec  18.8 MBytes   157 Mbits/sec                  
[  5]  17.00-18.00  sec  18.5 MBytes   155 Mbits/sec                  
[  5]  18.00-19.00  sec  18.5 MBytes   155 Mbits/sec                  
[  5]  19.00-20.00  sec  18.4 MBytes   154 Mbits/sec                  
[  5]  20.00-21.00  sec  18.1 MBytes   152 Mbits/sec                  
[  5]  21.00-22.00  sec  18.1 MBytes   152 Mbits/sec                  
[  5]  22.00-23.00  sec  18.0 MBytes   151 Mbits/sec                  
[  5]  23.00-24.00  sec  18.0 MBytes   151 Mbits/sec                  
[  5]  24.00-25.00  sec  17.8 MBytes   149 Mbits/sec                  
[  5]  25.00-26.00  sec  17.8 MBytes   149 Mbits/sec                  
[  5]  26.00-27.00  sec  17.8 MBytes   149 Mbits/sec                  
[  5]  27.00-28.00  sec  17.5 MBytes   147 Mbits/sec                  
[  5]  28.00-29.00  sec  17.5 MBytes   147 Mbits/sec                  
[  5]  29.00-30.00  sec  17.2 MBytes   145 Mbits/sec                  
[  5]  30.00-30.10  sec  1.88 MBytes   154 Mbits/sec                  
- - - - - - - - - - - - - - - - - - - - - - - - -
[ ID] Interval           Transfer     Bitrate
[  5]   0.00-30.10  sec   549 MBytes   153 Mbits/sec                  receiver
