Connecting to host 10.0.0.1, port 5455
[  5] local 10.0.0.4 port 33210 connected to 10.0.0.1 port 5455
[ ID] Interval           Transfer     Bitrate         Retr  Cwnd
[  5]   0.00-1.00   sec  8.38 MBytes  70.2 Mbits/sec    0   2.38 MBytes       
[  5]   1.00-2.00   sec  6.75 MBytes  56.6 Mbits/sec    0    153 KBytes       
[  5]   2.00-3.00   sec  1.38 MBytes  11.5 Mbits/sec    0    109 KBytes       
[  5]   3.00-4.00   sec  1.38 MBytes  11.5 Mbits/sec    0    123 KBytes       
[  5]   4.00-5.00   sec  1.25 MBytes  10.5 Mbits/sec    0    130 KBytes       
[  5]   5.00-6.00   sec  1.38 MBytes  11.5 Mbits/sec    0    144 KBytes       
[  5]   6.00-7.00   sec  1.38 MBytes  11.5 Mbits/sec    0    158 KBytes       
[  5]   7.00-8.00   sec  1.38 MBytes  11.5 Mbits/sec    0    171 KBytes       
[  5]   8.00-9.00   sec  1.38 MBytes  11.5 Mbits/sec    0    185 KBytes       
[  5]   9.00-10.00  sec  1.38 MBytes  11.5 Mbits/sec    0    198 KBytes       
[  5]  10.00-11.00  sec  2.62 MBytes  22.0 Mbits/sec    0    212 KBytes       
[  5]  11.00-12.00  sec  1.38 MBytes  11.5 Mbits/sec    0    226 KBytes       
[  5]  12.00-13.00  sec  2.75 MBytes  23.1 Mbits/sec    0    239 KBytes       
[  5]  13.00-14.00  sec  2.75 MBytes  23.1 Mbits/sec    0    253 KBytes       
[  5]  14.00-15.00  sec  1.25 MBytes  10.5 Mbits/sec    0    267 KBytes       
[  5]  15.00-16.00  sec  2.75 MBytes  23.1 Mbits/sec    0    280 KBytes       
[  5]  16.00-17.00  sec  2.75 MBytes  23.1 Mbits/sec    0    294 KBytes       
[  5]  17.00-18.00  sec  2.62 MBytes  22.0 Mbits/sec    0    308 KBytes       
[  5]  18.00-19.00  sec  4.12 MBytes  34.6 Mbits/sec    0    321 KBytes       
[  5]  19.00-20.00  sec  2.75 MBytes  23.1 Mbits/sec    0    335 KBytes       
[  5]  20.00-21.00  sec  2.62 MBytes  22.0 Mbits/sec    0    349 KBytes       
[  5]  21.00-22.00  sec  4.12 MBytes  34.6 Mbits/sec    0    362 KBytes       
[  5]  22.00-23.00  sec  2.75 MBytes  23.1 Mbits/sec    0    375 KBytes       
[  5]  23.00-24.00  sec  4.00 MBytes  33.6 Mbits/sec    0    389 KBytes       
[  5]  24.00-25.00  sec  4.12 MBytes  34.6 Mbits/sec    0    402 KBytes       
[  5]  25.00-26.00  sec  2.62 MBytes  22.0 Mbits/sec    0    416 KBytes       
[  5]  26.00-27.00  sec  4.12 MBytes  34.6 Mbits/sec    0    428 KBytes       
[  5]  27.00-28.00  sec  4.00 MBytes  33.5 Mbits/sec    0    440 KBytes       
[  5]  28.00-29.00  sec  4.12 MBytes  34.6 Mbits/sec    0    448 KBytes       
[  5]  29.00-30.00  sec  4.12 MBytes  34.6 Mbits/sec    0    458 KBytes       
- - - - - - - - - - - - - - - - - - - - - - - - -
[ ID] Interval           Transfer     Bitrate         Retr
[  5]   0.00-30.00  sec  88.4 MBytes  24.7 Mbits/sec    0             sender
[  5]   0.00-30.10  sec  86.4 MBytes  24.1 Mbits/sec                  receiver

iperf Done.
