Connecting to host 10.0.0.1, port 5418
[  5] local 10.0.0.4 port 49178 connected to 10.0.0.1 port 5418
[ ID] Interval           Transfer     Bitrate         Retr  Cwnd
[  5]   0.00-1.00   sec  5.62 MBytes  47.1 Mbits/sec    0   1.82 MBytes       
[  5]   1.00-2.00   sec  13.6 MBytes   114 Mbits/sec    0   1.52 MBytes       
[  5]   2.00-3.00   sec  14.9 MBytes   125 Mbits/sec    0   1.67 MBytes       
[  5]   3.00-4.00   sec  16.2 MBytes   136 Mbits/sec    0   1.79 MBytes       
[  5]   4.00-5.00   sec  17.6 MBytes   148 Mbits/sec    0   1.88 MBytes       
[  5]   5.00-6.00   sec  19.0 MBytes   159 Mbits/sec    0   1.96 MBytes       
[  5]   6.00-7.00   sec  19.0 MBytes   159 Mbits/sec    0   2.01 MBytes       
[  5]   7.00-8.00   sec  19.0 MBytes   159 Mbits/sec    0   2.04 MBytes       
[  5]   8.00-9.00   sec  20.2 MBytes   170 Mbits/sec    0   2.06 MBytes       
[  5]   9.00-10.00  sec  19.0 MBytes   159 Mbits/sec    0   2.07 MBytes       
[  5]  10.00-11.00  sec  20.4 MBytes   171 Mbits/sec    0   2.07 MBytes       
[  5]  11.00-12.00  sec  20.4 MBytes   171 Mbits/sec    0   2.07 MBytes       
[  5]  12.00-13.00  sec  18.9 MBytes   158 Mbits/sec    0   2.07 MBytes       
[  5]  13.00-14.00  sec  20.4 MBytes   171 Mbits/sec    0   2.08 MBytes       
[  5]  14.00-15.00  sec  20.4 MBytes   171 Mbits/sec    0   2.09 MBytes       
[  5]  15.00-16.00  sec  20.2 MBytes   170 Mbits/sec    0   2.11 MBytes       
[  5]  16.00-17.00  sec  20.4 MBytes   171 Mbits/sec    0   2.14 MBytes       
[  5]  17.00-18.00  sec  20.4 MBytes   171 Mbits/sec    0   2.19 MBytes       
[  5]  18.00-19.00  sec  19.0 MBytes   159 Mbits/sec    0   2.26 MBytes       
[  5]  19.00-20.00  sec  20.2 MBytes   170 Mbits/sec    0   2.36 MBytes       
[  5]  20.00-21.00  sec  20.4 MBytes   171 Mbits/sec    0   2.48 MBytes       
[  5]  21.00-22.00  sec  18.8 MBytes   157 Mbits/sec    0   2.62 MBytes       
[  5]  22.00-23.00  sec  20.1 MBytes   169 Mbits/sec    0   2.80 MBytes       
[  5]  23.00-24.00  sec  18.6 MBytes   156 Mbits/sec    0   3.02 MBytes       
[  5]  24.00-25.00  sec  19.8 MBytes   166 Mbits/sec    0   3.06 MBytes       
[  5]  25.00-26.00  sec  19.9 MBytes   167 Mbits/sec    0   3.06 MBytes       
[  5]  26.00-27.00  sec  18.4 MBytes   154 Mbits/sec    0   3.06 MBytes       
[  5]  27.00-28.00  sec  18.4 MBytes   154 Mbits/sec    0   3.06 MBytes       
[  5]  28.00-29.00  sec  20.0 MBytes   168 Mbits/sec    0   2.21 MBytes       
[  5]  29.00-30.00  sec  17.6 MBytes   148 Mbits/sec    0   2.41 MBytes       
- - - - - - - - - - - - - - - - - - - - - - - - -
[ ID] Interval           Transfer     Bitrate         Retr
[  5]   0.00-30.00  sec   557 MBytes   156 Mbits/sec    0             sender
[  5]   0.00-30.10  sec   556 MBytes   155 Mbits/sec                  receiver

iperf Done.
