Connecting to host 10.0.0.1, port 5361
[  5] local 10.0.0.4 port 44630 connected to 10.0.0.1 port 5361
[ ID] Interval           Transfer     Bitrate         Retr  Cwnd
[  5]   0.00-1.00   sec  8.50 MBytes  71.3 Mbits/sec    0   2.39 MBytes       
[  5]   1.00-2.00   sec  6.75 MBytes  56.6 Mbits/sec    0    105 KBytes       
[  5]   2.00-3.00   sec  1.38 MBytes  11.5 Mbits/sec    0    119 KBytes       
[  5]   3.00-4.00   sec  1.38 MBytes  11.5 Mbits/sec    0    116 KBytes       
[  5]   4.00-5.00   sec  0.00 Bytes  0.00 bits/sec    0    130 KBytes       
[  5]   5.00-6.00   sec  1.38 MBytes  11.5 Mbits/sec    0    143 KBytes       
[  5]   6.00-7.00   sec  1.38 MBytes  11.5 Mbits/sec    0    157 KBytes       
[  5]   7.00-8.00   sec  1.25 MBytes  10.5 Mbits/sec    0    171 KBytes       
[  5]   8.00-9.00   sec  2.75 MBytes  23.1 Mbits/sec    0    184 KBytes       
[  5]   9.00-10.00  sec  1.38 MBytes  11.5 Mbits/sec    0    197 KBytes       
[  5]  10.00-11.00  sec  1.38 MBytes  11.5 Mbits/sec    0    211 KBytes       
[  5]  11.00-12.00  sec  2.62 MBytes  22.0 Mbits/sec    0    225 KBytes       
[  5]  12.00-13.00  sec  1.38 MBytes  11.5 Mbits/sec    0    238 KBytes       
[  5]  13.00-14.00  sec  2.75 MBytes  23.1 Mbits/sec    0    252 KBytes       
[  5]  14.00-15.00  sec  2.75 MBytes  23.1 Mbits/sec    0    264 KBytes       
[  5]  15.00-16.00  sec  2.62 MBytes  22.0 Mbits/sec    0    279 KBytes       
[  5]  16.00-17.00  sec  2.75 MBytes  23.1 Mbits/sec    0    293 KBytes       
[  5]  17.00-18.00  sec  2.75 MBytes  23.1 Mbits/sec    0    307 KBytes       
[  5]  18.00-19.00  sec  2.62 MBytes  22.0 Mbits/sec    0    320 KBytes       
[  5]  19.00-20.00  sec  2.75 MBytes  23.1 Mbits/sec    0    334 KBytes       
[  5]  20.00-21.00  sec  4.12 MBytes  34.6 Mbits/sec    0    348 KBytes       
[  5]  21.00-22.00  sec  2.62 MBytes  22.0 Mbits/sec    0    361 KBytes       
[  5]  22.00-23.00  sec  4.12 MBytes  34.6 Mbits/sec    0    375 KBytes       
[  5]  23.00-24.00  sec  2.75 MBytes  23.1 Mbits/sec    0    387 KBytes       
[  5]  24.00-25.00  sec  4.00 MBytes  33.6 Mbits/sec    0    402 KBytes       
[  5]  25.00-26.00  sec  4.12 MBytes  34.6 Mbits/sec    0    414 KBytes       
[  5]  26.00-27.00  sec  4.00 MBytes  33.6 Mbits/sec    0    426 KBytes       
[  5]  27.00-28.00  sec  4.12 MBytes  34.6 Mbits/sec    0    438 KBytes       
[  5]  28.00-29.00  sec  4.00 MBytes  33.6 Mbits/sec    0    448 KBytes       
[  5]  29.00-30.00  sec  4.12 MBytes  34.6 Mbits/sec    0    457 KBytes       
- - - - - - - - - - - - - - - - - - - - - - - - -
[ ID] Interval           Transfer     Bitrate         Retr
[  5]   0.00-30.00  sec  88.5 MBytes  24.7 Mbits/sec    0             sender
[  5]   0.00-30.10  sec  85.9 MBytes  23.9 Mbits/sec                  receiver

iperf Done.
