Connecting to host 10.0.0.1, port 5473
[  5] local 10.0.0.4 port 33252 connected to 10.0.0.1 port 5473
[ ID] Interval           Transfer     Bitrate         Retr  Cwnd
[  5]   0.00-1.00   sec  8.50 MBytes  71.2 Mbits/sec    0   2.45 MBytes       
[  5]   1.00-2.00   sec  6.88 MBytes  57.7 Mbits/sec    0    103 KBytes       
[  5]   2.00-3.00   sec  1.38 MBytes  11.5 Mbits/sec    0    117 KBytes       
[  5]   3.00-4.00   sec  1.25 MBytes  10.5 Mbits/sec    0    130 KBytes       
[  5]   4.00-5.00   sec  1.38 MBytes  11.5 Mbits/sec    0    144 KBytes       
[  5]   5.00-6.00   sec  1.38 MBytes  11.5 Mbits/sec    0    157 KBytes       
[  5]   6.00-7.00   sec  1.38 MBytes  11.5 Mbits/sec    0    171 KBytes       
[  5]   7.00-8.00   sec  1.38 MBytes  11.5 Mbits/sec    0    185 KBytes       
[  5]   8.00-9.00   sec  1.38 MBytes  11.5 Mbits/sec    0    198 KBytes       
[  5]   9.00-10.00  sec  2.62 MBytes  22.0 Mbits/sec    0    212 KBytes       
[  5]  10.00-11.00  sec  1.38 MBytes  11.5 Mbits/sec    0    226 KBytes       
[  5]  11.00-12.00  sec  2.75 MBytes  23.1 Mbits/sec    0    239 KBytes       
[  5]  12.00-13.00  sec  2.75 MBytes  23.1 Mbits/sec    0    253 KBytes       
[  5]  13.00-14.00  sec  1.25 MBytes  10.5 Mbits/sec    0    267 KBytes       
[  5]  14.00-15.00  sec  2.75 MBytes  23.1 Mbits/sec    0    281 KBytes       
[  5]  15.00-16.00  sec  2.75 MBytes  23.1 Mbits/sec    0    294 KBytes       
[  5]  16.00-17.00  sec  2.62 MBytes  22.0 Mbits/sec    0    308 KBytes       
[  5]  17.00-18.00  sec  4.12 MBytes  34.6 Mbits/sec    0    322 KBytes       
[  5]  18.00-19.00  sec  2.75 MBytes  23.1 Mbits/sec    0    335 KBytes       
[  5]  19.00-20.00  sec  2.62 MBytes  22.0 Mbits/sec    0    349 KBytes       
[  5]  20.00-21.00  sec  4.12 MBytes  34.6 Mbits/sec    0    362 KBytes       
[  5]  21.00-22.00  sec  2.75 MBytes  23.1 Mbits/sec    0    376 KBytes       
[  5]  22.00-23.00  sec  4.00 MBytes  33.6 Mbits/sec    0    389 KBytes       
[  5]  23.00-24.00  sec  4.12 MBytes  34.6 Mbits/sec    0    403 KBytes       
[  5]  24.00-25.00  sec  2.62 MBytes  22.0 Mbits/sec    0    416 KBytes       
[  5]  25.00-26.00  sec  4.12 MBytes  34.6 Mbits/sec    0    428 KBytes       
[  5]  26.00-27.00  sec  4.00 MBytes  33.6 Mbits/sec    0    440 KBytes       
[  5]  27.00-28.00  sec  4.12 MBytes  34.6 Mbits/sec    0    450 KBytes       
[  5]  28.00-29.00  sec  5.38 MBytes  45.1 Mbits/sec    0    457 KBytes       
[  5]  29.00-30.00  sec  4.12 MBytes  34.6 Mbits/sec    0    464 KBytes       
- - - - - - - - - - - - - - - - - - - - - - - - -
[ ID] Interval           Transfer     Bitrate         Retr
[  5]   0.00-30.00  sec  92.6 MBytes  25.9 Mbits/sec    0             sender
[  5]   0.00-30.10  sec  89.8 MBytes  25.0 Mbits/sec                  receiver

iperf Done.
