Connecting to host 10.0.0.1, port 5409
[  5] local 10.0.0.4 port 42032 connected to 10.0.0.1 port 5409
[ ID] Interval           Transfer     Bitrate         Retr  Cwnd
[  5]   0.00-1.00   sec  7.00 MBytes  58.7 Mbits/sec    0    881 KBytes       
[  5]   1.00-2.00   sec  2.62 MBytes  22.0 Mbits/sec    0    115 KBytes       
[  5]   2.00-3.00   sec  1.38 MBytes  11.5 Mbits/sec    0    129 KBytes       
[  5]   3.00-4.00   sec  1.38 MBytes  11.5 Mbits/sec    0    143 KBytes       
[  5]   4.00-5.00   sec  1.38 MBytes  11.5 Mbits/sec    0    156 KBytes       
[  5]   5.00-6.00   sec  1.38 MBytes  11.5 Mbits/sec    0    170 KBytes       
[  5]   6.00-7.00   sec  1.38 MBytes  11.5 Mbits/sec    0    182 KBytes       
[  5]   7.00-8.00   sec  2.62 MBytes  22.0 Mbits/sec    0    195 KBytes       
[  5]   8.00-9.00   sec  1.38 MBytes  11.5 Mbits/sec    0    209 KBytes       
[  5]   9.00-10.00  sec  2.75 MBytes  23.1 Mbits/sec    0    222 KBytes       
[  5]  10.00-11.00  sec  1.38 MBytes  11.5 Mbits/sec    0    236 KBytes       
[  5]  11.00-12.00  sec  2.62 MBytes  22.0 Mbits/sec    0    249 KBytes       
[  5]  12.00-13.00  sec  2.75 MBytes  23.1 Mbits/sec    0    262 KBytes       
[  5]  13.00-14.00  sec  1.38 MBytes  11.5 Mbits/sec    0    276 KBytes       
[  5]  14.00-15.00  sec  2.75 MBytes  23.1 Mbits/sec    0    290 KBytes       
[  5]  15.00-16.00  sec  2.62 MBytes  22.0 Mbits/sec    0    303 KBytes       
[  5]  16.00-17.00  sec  4.12 MBytes  34.6 Mbits/sec    0    317 KBytes       
[  5]  17.00-18.00  sec  2.62 MBytes  22.0 Mbits/sec    0    331 KBytes       
[  5]  18.00-19.00  sec  2.75 MBytes  23.1 Mbits/sec    0    344 KBytes       
[  5]  19.00-20.00  sec  2.75 MBytes  23.1 Mbits/sec    0    356 KBytes       
[  5]  20.00-21.00  sec  4.00 MBytes  33.6 Mbits/sec    0    370 KBytes       
[  5]  21.00-22.00  sec  4.12 MBytes  34.6 Mbits/sec    0    383 KBytes       
[  5]  22.00-23.00  sec  2.75 MBytes  23.1 Mbits/sec    0    397 KBytes       
[  5]  23.00-24.00  sec  4.00 MBytes  33.6 Mbits/sec    0    410 KBytes       
[  5]  24.00-25.00  sec  4.12 MBytes  34.6 Mbits/sec    0    421 KBytes       
[  5]  25.00-26.00  sec  4.00 MBytes  33.6 Mbits/sec    0    433 KBytes       
[  5]  26.00-27.00  sec  4.12 MBytes  34.6 Mbits/sec    0    441 KBytes       
[  5]  27.00-28.00  sec  4.00 MBytes  33.6 Mbits/sec    0    450 KBytes       
[  5]  28.00-29.00  sec  4.12 MBytes  34.6 Mbits/sec    0    458 KBytes       
[  5]  29.00-30.00  sec  4.00 MBytes  33.5 Mbits/sec    0    464 KBytes       
- - - - - - - - - - - - - - - - - - - - - - - - -
[ ID] Interval           Transfer     Bitrate         Retr
[  5]   0.00-30.00  sec  88.2 MBytes  24.7 Mbits/sec    0             sender
[  5]   0.00-30.10  sec  86.4 MBytes  24.1 Mbits/sec                  receiver

iperf Done.
