Connecting to host 10.0.0.1, port 5484
[  5] local 10.0.0.4 port 37858 connected to 10.0.0.1 port 5484
[ ID] Interval           Transfer     Bitrate         Retr  Cwnd
[  5]   0.00-1.00   sec  5.75 MBytes  48.2 Mbits/sec    0   1.47 MBytes       
[  5]   1.00-2.00   sec  15.0 MBytes   126 Mbits/sec    0   2.21 MBytes       
[  5]   2.00-3.00   sec  21.5 MBytes   180 Mbits/sec    0   3.18 MBytes       
[  5]   3.00-4.00   sec  21.2 MBytes   178 Mbits/sec    0   3.18 MBytes       
[  5]   4.00-5.00   sec  21.4 MBytes   179 Mbits/sec    0   3.18 MBytes       
[  5]   5.00-6.00   sec  21.8 MBytes   182 Mbits/sec    0   3.18 MBytes       
[  5]   6.00-7.00   sec  21.5 MBytes   180 Mbits/sec    0   3.18 MBytes       
[  5]   7.00-8.00   sec  21.6 MBytes   181 Mbits/sec    0   3.18 MBytes       
[  5]   8.00-9.00   sec  20.1 MBytes   169 Mbits/sec    0   3.18 MBytes       
[  5]   9.00-10.00  sec  21.4 MBytes   179 Mbits/sec    0   3.18 MBytes       
[  5]  10.00-11.00  sec  21.1 MBytes   177 Mbits/sec    0   3.18 MBytes       
[  5]  11.00-12.00  sec  21.0 MBytes   176 Mbits/sec    0   3.18 MBytes       
[  5]  12.00-13.00  sec  19.8 MBytes   166 Mbits/sec    0   3.18 MBytes       
[  5]  13.00-14.00  sec  20.2 MBytes   170 Mbits/sec    0   3.18 MBytes       
[  5]  14.00-15.00  sec  21.4 MBytes   179 Mbits/sec    0   3.18 MBytes       
[  5]  15.00-16.00  sec  20.0 MBytes   168 Mbits/sec    0   3.18 MBytes       
[  5]  16.00-17.00  sec  20.2 MBytes   170 Mbits/sec    0   3.18 MBytes       
[  5]  17.00-18.00  sec  20.0 MBytes   168 Mbits/sec    0   3.18 MBytes       
[  5]  18.00-19.00  sec  20.0 MBytes   168 Mbits/sec    0   3.18 MBytes       
[  5]  19.00-20.00  sec  19.6 MBytes   165 Mbits/sec    0   3.18 MBytes       
[  5]  20.00-21.00  sec  18.8 MBytes   157 Mbits/sec    0   3.18 MBytes       
[  5]  21.00-22.00  sec  18.4 MBytes   154 Mbits/sec    0   3.18 MBytes       
[  5]  22.00-23.00  sec  19.8 MBytes   166 Mbits/sec    0   3.18 MBytes       
[  5]  23.00-24.00  sec  19.6 MBytes   165 Mbits/sec    0   3.18 MBytes       
[  5]  24.00-25.00  sec  18.4 MBytes   154 Mbits/sec    0   3.18 MBytes       
[  5]  25.00-26.00  sec  18.5 MBytes   155 Mbits/sec    0   3.18 MBytes       
[  5]  26.00-27.00  sec  19.9 MBytes   167 Mbits/sec    0   3.18 MBytes       
[  5]  27.00-28.00  sec  18.2 MBytes   153 Mbits/sec    0   3.18 MBytes       
[  5]  28.00-29.00  sec  18.2 MBytes   153 Mbits/sec    0   3.18 MBytes       
[  5]  29.00-30.00  sec  18.5 MBytes   155 Mbits/sec    0   3.18 MBytes       
- - - - - - - - - - - - - - - - - - - - - - - - -
[ ID] Interval           Transfer     Bitrate         Retr
[  5]   0.00-30.00  sec   584 MBytes   163 Mbits/sec    0             sender
[  5]   0.00-30.10  sec   583 MBytes   162 Mbits/sec                  receiver

iperf Done.
