Connecting to host 10.0.0.1, port 5319
[  5] local 10.0.0.4 port 55382 connected to 10.0.0.1 port 5319
[ ID] Interval           Transfer     Bitrate         Retr  Cwnd
[  5]   0.00-1.00   sec  5.62 MBytes  47.1 Mbits/sec    0    648 KBytes       
[  5]   1.00-2.00   sec  6.75 MBytes  56.6 Mbits/sec    0    660 KBytes       
[  5]   2.00-3.00   sec  5.38 MBytes  45.1 Mbits/sec    0    485 KBytes       
[  5]   3.00-4.00   sec  4.12 MBytes  34.6 Mbits/sec    0    386 KBytes       
[  5]   4.00-5.00   sec  4.12 MBytes  34.6 Mbits/sec    0    331 KBytes       
[  5]   5.00-6.00   sec  2.62 MBytes  22.0 Mbits/sec    0    335 KBytes       
[  5]   6.00-7.00   sec  2.75 MBytes  23.1 Mbits/sec    0    325 KBytes       
[  5]   7.00-8.00   sec  2.75 MBytes  23.1 Mbits/sec    0    334 KBytes       
[  5]   8.00-9.00   sec  4.00 MBytes  33.6 Mbits/sec    0    344 KBytes       
[  5]   9.00-10.00  sec  2.75 MBytes  23.1 Mbits/sec    0    352 KBytes       
[  5]  10.00-11.00  sec  4.00 MBytes  33.6 Mbits/sec    0    362 KBytes       
[  5]  11.00-12.00  sec  2.75 MBytes  23.1 Mbits/sec    0    373 KBytes       
[  5]  12.00-13.00  sec  4.12 MBytes  34.6 Mbits/sec    0    386 KBytes       
[  5]  13.00-14.00  sec  4.00 MBytes  33.6 Mbits/sec    0    396 KBytes       
[  5]  14.00-15.00  sec  2.75 MBytes  23.1 Mbits/sec    0    406 KBytes       
[  5]  15.00-16.00  sec  4.00 MBytes  33.5 Mbits/sec    0    416 KBytes       
[  5]  16.00-17.00  sec  4.12 MBytes  34.6 Mbits/sec    0    426 KBytes       
[  5]  17.00-18.00  sec  4.00 MBytes  33.5 Mbits/sec    0    436 KBytes       
[  5]  18.00-19.00  sec  4.12 MBytes  34.6 Mbits/sec    0    445 KBytes       
[  5]  19.00-20.00  sec  4.12 MBytes  34.6 Mbits/sec    0    451 KBytes       
[  5]  20.00-21.00  sec  4.00 MBytes  33.6 Mbits/sec    0    458 KBytes       
[  5]  21.00-22.00  sec  4.12 MBytes  34.6 Mbits/sec    0    460 KBytes       
[  5]  22.00-23.00  sec  5.38 MBytes  45.1 Mbits/sec    0    460 KBytes       
[  5]  23.00-24.00  sec  4.12 MBytes  34.6 Mbits/sec    0    457 KBytes       
[  5]  24.00-25.00  sec  4.00 MBytes  33.6 Mbits/sec    0    455 KBytes       
[  5]  25.00-26.00  sec  4.12 MBytes  34.6 Mbits/sec    0    448 KBytes       
[  5]  26.00-27.00  sec  4.00 MBytes  33.6 Mbits/sec    0    441 KBytes       
[  5]  27.00-28.00  sec  4.12 MBytes  34.6 Mbits/sec    0    438 KBytes       
[  5]  28.00-29.00  sec  4.00 MBytes  33.6 Mbits/sec    0    436 KBytes       
[  5]  29.00-30.00  sec  4.12 MBytes  34.6 Mbits/sec    0    433 KBytes       
- - - - - - - - - - - - - - - - - - - - - - - - -
[ ID] Interval           Transfer     Bitrate         Retr
[  5]   0.00-30.00  sec   121 MBytes  33.8 Mbits/sec    0             sender
[  5]   0.00-30.10  sec   119 MBytes  33.1 Mbits/sec                  receiver

iperf Done.
