Connecting to host 10.0.0.1, port 5403
[  5] local 10.0.0.4 port 37960 connected to 10.0.0.1 port 5403
[ ID] Interval           Transfer     Bitrate         Retr  Cwnd
[  5]   0.00-1.00   sec  8.38 MBytes  70.2 Mbits/sec    0   2.16 MBytes       
[  5]   1.00-2.00   sec  6.75 MBytes  56.6 Mbits/sec    0    280 KBytes       
[  5]   2.00-3.00   sec  2.62 MBytes  22.0 Mbits/sec    0    294 KBytes       
[  5]   3.00-4.00   sec  2.75 MBytes  23.1 Mbits/sec    0    308 KBytes       
[  5]   4.00-5.00   sec  2.75 MBytes  23.1 Mbits/sec    0    300 KBytes       
[  5]   5.00-6.00   sec  2.75 MBytes  23.1 Mbits/sec    0    314 KBytes       
[  5]   6.00-7.00   sec  4.00 MBytes  33.6 Mbits/sec    0    322 KBytes       
[  5]   7.00-8.00   sec  2.75 MBytes  23.1 Mbits/sec    0    337 KBytes       
[  5]   8.00-9.00   sec  2.62 MBytes  22.0 Mbits/sec    0    346 KBytes       
[  5]   9.00-10.00  sec  4.12 MBytes  34.6 Mbits/sec    0    358 KBytes       
[  5]  10.00-11.00  sec  2.75 MBytes  23.1 Mbits/sec    0    370 KBytes       
[  5]  11.00-12.00  sec  4.00 MBytes  33.6 Mbits/sec    0    383 KBytes       
[  5]  12.00-13.00  sec  4.12 MBytes  34.6 Mbits/sec    0    397 KBytes       
[  5]  13.00-14.00  sec  2.62 MBytes  22.0 Mbits/sec    0    410 KBytes       
[  5]  14.00-15.00  sec  4.12 MBytes  34.6 Mbits/sec    0    421 KBytes       
[  5]  15.00-16.00  sec  4.12 MBytes  34.6 Mbits/sec    0    434 KBytes       
[  5]  16.00-17.00  sec  4.00 MBytes  33.6 Mbits/sec    0    445 KBytes       
[  5]  17.00-18.00  sec  4.12 MBytes  34.6 Mbits/sec    0    454 KBytes       
[  5]  18.00-19.00  sec  4.00 MBytes  33.6 Mbits/sec    0    461 KBytes       
[  5]  19.00-20.00  sec  5.50 MBytes  46.1 Mbits/sec    0    465 KBytes       
[  5]  20.00-21.00  sec  4.00 MBytes  33.6 Mbits/sec    0    472 KBytes       
[  5]  21.00-22.00  sec  4.12 MBytes  34.6 Mbits/sec    0    479 KBytes       
[  5]  22.00-23.00  sec  5.38 MBytes  45.1 Mbits/sec    0    486 KBytes       
[  5]  23.00-24.00  sec  4.12 MBytes  34.6 Mbits/sec    0    492 KBytes       
[  5]  24.00-25.00  sec  4.00 MBytes  33.6 Mbits/sec    0    501 KBytes       
[  5]  25.00-26.00  sec  5.38 MBytes  45.1 Mbits/sec    0    509 KBytes       
[  5]  26.00-27.00  sec  4.12 MBytes  34.6 Mbits/sec    0    513 KBytes       
[  5]  27.00-28.00  sec  5.38 MBytes  45.1 Mbits/sec    0    516 KBytes       
[  5]  28.00-29.00  sec  5.50 MBytes  46.1 Mbits/sec    0    516 KBytes       
[  5]  29.00-30.00  sec  4.00 MBytes  33.5 Mbits/sec    0    513 KBytes       
- - - - - - - - - - - - - - - - - - - - - - - - -
[ ID] Interval           Transfer     Bitrate         Retr
[  5]   0.00-30.00  sec   125 MBytes  34.9 Mbits/sec    0             sender
[  5]   0.00-30.10  sec   123 MBytes  34.2 Mbits/sec                  receiver

iperf Done.
