Connecting to host 10.0.0.1, port 5390
[  5] local 10.0.0.4 port 57884 connected to 10.0.0.1 port 5390
[ ID] Interval           Transfer     Bitrate         Retr  Cwnd
[  5]   0.00-1.00   sec  7.00 MBytes  58.7 Mbits/sec    0    543 KBytes       
[  5]   1.00-2.00   sec  6.25 MBytes  52.4 Mbits/sec    0    839 KBytes       
[  5]   2.00-3.00   sec  5.38 MBytes  45.1 Mbits/sec    0   1.11 MBytes       
[  5]   3.00-4.00   sec  6.88 MBytes  57.7 Mbits/sec    0   1.39 MBytes       
[  5]   4.00-5.00   sec  5.38 MBytes  45.1 Mbits/sec    0   1.68 MBytes       
[  5]   5.00-6.00   sec  4.75 MBytes  39.8 Mbits/sec   62   1.25 MBytes       
[  5]   6.00-7.00   sec  6.88 MBytes  57.7 Mbits/sec    0    655 KBytes       
[  5]   7.00-8.00   sec  5.38 MBytes  45.1 Mbits/sec    0    242 KBytes       
[  5]   8.00-9.00   sec  4.12 MBytes  34.6 Mbits/sec    0    191 KBytes       
[  5]   9.00-10.00  sec  5.38 MBytes  45.1 Mbits/sec    0    173 KBytes       
[  5]  10.00-11.00  sec  2.75 MBytes  23.1 Mbits/sec    0    163 KBytes       
[  5]  11.00-12.00  sec  4.00 MBytes  33.6 Mbits/sec    0    177 KBytes       
[  5]  12.00-13.00  sec  4.12 MBytes  34.6 Mbits/sec    0    139 KBytes       
[  5]  13.00-14.00  sec  2.62 MBytes  22.0 Mbits/sec    0    115 KBytes       
[  5]  14.00-15.00  sec  2.75 MBytes  23.1 Mbits/sec    0    132 KBytes       
[  5]  15.00-16.00  sec  2.75 MBytes  23.1 Mbits/sec    0    106 KBytes       
[  5]  16.00-17.00  sec  2.62 MBytes  22.0 Mbits/sec    0    129 KBytes       
[  5]  17.00-18.00  sec  2.75 MBytes  23.1 Mbits/sec    0    141 KBytes       
[  5]  18.00-19.00  sec  4.12 MBytes  34.6 Mbits/sec    0    156 KBytes       
[  5]  19.00-20.00  sec  4.00 MBytes  33.6 Mbits/sec    0    173 KBytes       
[  5]  20.00-21.00  sec  4.12 MBytes  34.6 Mbits/sec    0    191 KBytes       
[  5]  21.00-22.00  sec  4.00 MBytes  33.6 Mbits/sec    0    208 KBytes       
[  5]  22.00-23.00  sec  5.50 MBytes  46.1 Mbits/sec    0    225 KBytes       
[  5]  23.00-24.00  sec  4.00 MBytes  33.6 Mbits/sec    0    242 KBytes       
[  5]  24.00-25.00  sec  5.50 MBytes  46.1 Mbits/sec    0    260 KBytes       
[  5]  25.00-26.00  sec  6.75 MBytes  56.6 Mbits/sec    0    276 KBytes       
[  5]  26.00-27.00  sec  5.38 MBytes  45.1 Mbits/sec    0    325 KBytes       
[  5]  27.00-28.00  sec  5.50 MBytes  46.1 Mbits/sec    0    414 KBytes       
[  5]  28.00-29.00  sec  5.38 MBytes  45.1 Mbits/sec    0    530 KBytes       
[  5]  29.00-30.00  sec  5.38 MBytes  45.1 Mbits/sec    0    673 KBytes       
- - - - - - - - - - - - - - - - - - - - - - - - -
[ ID] Interval           Transfer     Bitrate         Retr
[  5]   0.00-30.00  sec   141 MBytes  39.5 Mbits/sec   62             sender
[  5]   0.00-30.04  sec   139 MBytes  38.8 Mbits/sec                  receiver

iperf Done.
