Connecting to host 10.0.0.1, port 5442
[  5] local 10.0.0.4 port 59876 connected to 10.0.0.1 port 5442
[ ID] Interval           Transfer     Bitrate         Retr  Cwnd
[  5]   0.00-1.00   sec  7.50 MBytes  62.9 Mbits/sec    0    573 KBytes       
[  5]   1.00-2.00   sec  6.50 MBytes  54.5 Mbits/sec    0    867 KBytes       
[  5]   2.00-3.00   sec  5.50 MBytes  46.1 Mbits/sec    0   1.13 MBytes       
[  5]   3.00-4.00   sec  5.38 MBytes  45.1 Mbits/sec    0   1.42 MBytes       
[  5]   4.00-5.00   sec  5.38 MBytes  45.1 Mbits/sec    0   1.71 MBytes       
[  5]   5.00-6.00   sec  5.50 MBytes  46.1 Mbits/sec   28   1.25 MBytes       
[  5]   6.00-7.00   sec  6.75 MBytes  56.6 Mbits/sec    0    669 KBytes       
[  5]   7.00-8.00   sec  5.38 MBytes  45.1 Mbits/sec    0    612 KBytes       
[  5]   8.00-9.00   sec  5.50 MBytes  46.1 Mbits/sec    0    263 KBytes       
[  5]   9.00-10.00  sec  4.00 MBytes  33.6 Mbits/sec    0    206 KBytes       
[  5]  10.00-11.00  sec  5.50 MBytes  46.1 Mbits/sec    0    160 KBytes       
[  5]  11.00-12.00  sec  2.62 MBytes  22.0 Mbits/sec    0    127 KBytes       
[  5]  12.00-13.00  sec  2.75 MBytes  23.1 Mbits/sec    0   69.3 KBytes       
[  5]  13.00-14.00  sec  1.38 MBytes  11.5 Mbits/sec    0   84.8 KBytes       
[  5]  14.00-15.00  sec  2.75 MBytes  23.1 Mbits/sec    0    102 KBytes       
[  5]  15.00-16.00  sec  1.25 MBytes  10.5 Mbits/sec    0   90.5 KBytes       
[  5]  16.00-17.00  sec  2.75 MBytes  23.1 Mbits/sec    0    103 KBytes       
[  5]  17.00-18.00  sec  2.75 MBytes  23.1 Mbits/sec    0    122 KBytes       
[  5]  18.00-19.00  sec  2.75 MBytes  23.1 Mbits/sec    0    139 KBytes       
[  5]  19.00-20.00  sec  2.62 MBytes  22.0 Mbits/sec    0    157 KBytes       
[  5]  20.00-21.00  sec  4.12 MBytes  34.6 Mbits/sec    0    174 KBytes       
[  5]  21.00-22.00  sec  4.00 MBytes  33.6 Mbits/sec    0    192 KBytes       
[  5]  22.00-23.00  sec  4.12 MBytes  34.6 Mbits/sec    0    209 KBytes       
[  5]  23.00-24.00  sec  5.38 MBytes  45.1 Mbits/sec    0    226 KBytes       
[  5]  24.00-25.00  sec  5.50 MBytes  46.1 Mbits/sec    0    245 KBytes       
[  5]  25.00-26.00  sec  5.38 MBytes  45.1 Mbits/sec    0    303 KBytes       
[  5]  26.00-27.00  sec  5.38 MBytes  45.1 Mbits/sec    0    397 KBytes       
[  5]  27.00-28.00  sec  5.50 MBytes  46.1 Mbits/sec    0    519 KBytes       
[  5]  28.00-29.00  sec  6.75 MBytes  56.6 Mbits/sec    0    670 KBytes       
[  5]  29.00-30.00  sec  5.38 MBytes  45.1 Mbits/sec    0    853 KBytes       
- - - - - - - - - - - - - - - - - - - - - - - - -
[ ID] Interval           Transfer     Bitrate         Retr
[  5]   0.00-30.00  sec   136 MBytes  38.0 Mbits/sec   28             sender
[  5]   0.00-30.04  sec   133 MBytes  37.1 Mbits/sec                  receiver

iperf Done.
