Connecting to host 10.0.0.1, port 5494
[  5] local 10.0.0.4 port 53808 connected to 10.0.0.1 port 5494
[ ID] Interval           Transfer     Bitrate         Retr  Cwnd
[  5]   0.00-1.00   sec  7.38 MBytes  61.8 Mbits/sec    0    559 KBytes       
[  5]   1.00-2.00   sec  6.38 MBytes  53.5 Mbits/sec    0    853 KBytes       
[  5]   2.00-3.00   sec  5.50 MBytes  46.1 Mbits/sec    0   1.12 MBytes       
[  5]   3.00-4.00   sec  5.38 MBytes  45.1 Mbits/sec    0   1.41 MBytes       
[  5]   4.00-5.00   sec  5.38 MBytes  45.1 Mbits/sec    0   1.07 MBytes       
[  5]   5.00-6.00   sec  6.88 MBytes  57.7 Mbits/sec    0    814 KBytes       
[  5]   6.00-7.00   sec  5.38 MBytes  45.1 Mbits/sec    0    300 KBytes       
[  5]   7.00-8.00   sec  4.12 MBytes  34.6 Mbits/sec    0    165 KBytes       
[  5]   8.00-9.00   sec  4.00 MBytes  33.6 Mbits/sec    0    178 KBytes       
[  5]   9.00-10.00  sec  2.75 MBytes  23.1 Mbits/sec    0    148 KBytes       
[  5]  10.00-11.00  sec  4.00 MBytes  33.6 Mbits/sec    0    170 KBytes       
[  5]  11.00-12.00  sec  4.12 MBytes  34.6 Mbits/sec    0    181 KBytes       
[  5]  12.00-13.00  sec  4.00 MBytes  33.6 Mbits/sec    0    191 KBytes       
[  5]  13.00-14.00  sec  4.12 MBytes  34.6 Mbits/sec    0    208 KBytes       
[  5]  14.00-15.00  sec  5.38 MBytes  45.1 Mbits/sec    0    225 KBytes       
[  5]  15.00-16.00  sec  5.50 MBytes  46.1 Mbits/sec    0    243 KBytes       
[  5]  16.00-17.00  sec  5.38 MBytes  45.1 Mbits/sec    0    260 KBytes       
[  5]  17.00-18.00  sec  5.50 MBytes  46.1 Mbits/sec    0    277 KBytes       
[  5]  18.00-19.00  sec  5.38 MBytes  45.1 Mbits/sec    0    291 KBytes       
[  5]  19.00-20.00  sec  6.75 MBytes  56.6 Mbits/sec    0    307 KBytes       
[  5]  20.00-21.00  sec  5.50 MBytes  46.1 Mbits/sec    0    372 KBytes       
[  5]  21.00-22.00  sec  5.38 MBytes  45.1 Mbits/sec    0    464 KBytes       
[  5]  22.00-23.00  sec  5.38 MBytes  45.1 Mbits/sec    0    581 KBytes       
[  5]  23.00-24.00  sec  5.50 MBytes  46.1 Mbits/sec    0    728 KBytes       
[  5]  24.00-25.00  sec  6.75 MBytes  56.6 Mbits/sec    0    905 KBytes       
[  5]  25.00-26.00  sec  5.38 MBytes  45.1 Mbits/sec    0   1.09 MBytes       
[  5]  26.00-27.00  sec  5.50 MBytes  46.1 Mbits/sec    0   1.33 MBytes       
[  5]  27.00-28.00  sec  5.38 MBytes  45.1 Mbits/sec    0   1.61 MBytes       
[  5]  28.00-29.00  sec  5.38 MBytes  45.1 Mbits/sec   68   1.21 MBytes       
[  5]  29.00-30.00  sec  6.88 MBytes  57.7 Mbits/sec    0    939 KBytes       
- - - - - - - - - - - - - - - - - - - - - - - - -
[ ID] Interval           Transfer     Bitrate         Retr
[  5]   0.00-30.00  sec   160 MBytes  44.8 Mbits/sec   68             sender
[  5]   0.00-30.04  sec   157 MBytes  43.8 Mbits/sec                  receiver

iperf Done.
