Connecting to host 10.0.0.1, port 5444
[  5] local 10.0.0.4 port 48008 connected to 10.0.0.1 port 5444
[ ID] Interval           Transfer     Bitrate         Retr  Cwnd
[  5]   0.00-1.00   sec  6.25 MBytes  52.4 Mbits/sec    0    414 KBytes       
[  5]   1.00-2.00   sec  7.62 MBytes  64.0 Mbits/sec    0    710 KBytes       
[  5]   2.00-3.00   sec  5.50 MBytes  46.1 Mbits/sec    0   1004 KBytes       
[  5]   3.00-4.00   sec  5.38 MBytes  45.1 Mbits/sec    0   1.27 MBytes       
[  5]   4.00-5.00   sec  5.38 MBytes  45.1 Mbits/sec    0   1.55 MBytes       
[  5]   5.00-6.00   sec  5.50 MBytes  46.1 Mbits/sec    0   1.20 MBytes       
[  5]   6.00-7.00   sec  6.75 MBytes  56.6 Mbits/sec    0    631 KBytes       
[  5]   7.00-8.00   sec  5.38 MBytes  45.1 Mbits/sec    0    478 KBytes       
[  5]   8.00-9.00   sec  5.50 MBytes  46.1 Mbits/sec    0    256 KBytes       
[  5]   9.00-10.00  sec  5.38 MBytes  45.1 Mbits/sec    0    201 KBytes       
[  5]  10.00-11.00  sec  2.75 MBytes  23.1 Mbits/sec    0    158 KBytes       
[  5]  11.00-12.00  sec  4.00 MBytes  33.5 Mbits/sec    0    173 KBytes       
[  5]  12.00-13.00  sec  4.12 MBytes  34.6 Mbits/sec    0    189 KBytes       
[  5]  13.00-14.00  sec  4.00 MBytes  33.6 Mbits/sec    0    208 KBytes       
[  5]  14.00-15.00  sec  5.50 MBytes  46.1 Mbits/sec    0    225 KBytes       
[  5]  15.00-16.00  sec  5.38 MBytes  45.1 Mbits/sec    0    242 KBytes       
[  5]  16.00-17.00  sec  5.50 MBytes  46.1 Mbits/sec    0    259 KBytes       
[  5]  17.00-18.00  sec  5.38 MBytes  45.1 Mbits/sec    0    276 KBytes       
[  5]  18.00-19.00  sec  5.38 MBytes  45.1 Mbits/sec    0    291 KBytes       
[  5]  19.00-20.00  sec  6.88 MBytes  57.7 Mbits/sec    0    307 KBytes       
[  5]  20.00-21.00  sec  5.38 MBytes  45.1 Mbits/sec    0    249 KBytes       
[  5]  21.00-22.00  sec  5.38 MBytes  45.1 Mbits/sec    0    281 KBytes       
[  5]  22.00-23.00  sec  5.50 MBytes  46.1 Mbits/sec    0    298 KBytes       
[  5]  23.00-24.00  sec  5.38 MBytes  45.1 Mbits/sec    0    307 KBytes       
[  5]  24.00-25.00  sec  5.50 MBytes  46.1 Mbits/sec    0    310 KBytes       
[  5]  25.00-26.00  sec  6.75 MBytes  56.6 Mbits/sec    0    310 KBytes       
[  5]  26.00-27.00  sec  5.38 MBytes  45.1 Mbits/sec    0    317 KBytes       
[  5]  27.00-28.00  sec  5.50 MBytes  46.2 Mbits/sec    0    331 KBytes       
[  5]  28.00-29.00  sec  5.38 MBytes  45.1 Mbits/sec    0    344 KBytes       
[  5]  29.00-30.00  sec  5.38 MBytes  45.1 Mbits/sec    0    358 KBytes       
- - - - - - - - - - - - - - - - - - - - - - - - -
[ ID] Interval           Transfer     Bitrate         Retr
[  5]   0.00-30.00  sec   163 MBytes  45.6 Mbits/sec    0             sender
[  5]   0.00-30.04  sec   160 MBytes  44.8 Mbits/sec                  receiver

iperf Done.
