Connecting to host 10.0.0.1, port 5380
[  5] local 10.0.0.4 port 39878 connected to 10.0.0.1 port 5380
[ ID] Interval           Transfer     Bitrate         Retr  Cwnd
[  5]   0.00-1.00   sec  5.75 MBytes  48.2 Mbits/sec    0    392 KBytes       
[  5]   1.00-2.00   sec  7.12 MBytes  59.7 Mbits/sec    0    687 KBytes       
[  5]   2.00-3.00   sec  5.38 MBytes  45.1 Mbits/sec    0    983 KBytes       
[  5]   3.00-4.00   sec  6.88 MBytes  57.7 Mbits/sec    0   1.25 MBytes       
[  5]   4.00-5.00   sec  5.38 MBytes  45.1 Mbits/sec    0   1.53 MBytes       
[  5]   5.00-6.00   sec  5.38 MBytes  45.1 Mbits/sec    0   1.16 MBytes       
[  5]   6.00-7.00   sec  5.50 MBytes  46.1 Mbits/sec    0   1004 KBytes       
[  5]   7.00-8.00   sec  5.38 MBytes  45.1 Mbits/sec    0    670 KBytes       
[  5]   8.00-9.00   sec  6.75 MBytes  56.6 Mbits/sec    0    354 KBytes       
[  5]   9.00-10.00  sec  5.50 MBytes  46.1 Mbits/sec    0    195 KBytes       
[  5]  10.00-11.00  sec  4.00 MBytes  33.6 Mbits/sec    0    214 KBytes       
[  5]  11.00-12.00  sec  4.12 MBytes  34.6 Mbits/sec    0    163 KBytes       
[  5]  12.00-13.00  sec  4.00 MBytes  33.5 Mbits/sec    0    178 KBytes       
[  5]  13.00-14.00  sec  4.12 MBytes  34.6 Mbits/sec    0    194 KBytes       
[  5]  14.00-15.00  sec  4.12 MBytes  34.6 Mbits/sec    0    157 KBytes       
[  5]  15.00-16.00  sec  2.62 MBytes  22.0 Mbits/sec    0    127 KBytes       
[  5]  16.00-17.00  sec  2.75 MBytes  23.1 Mbits/sec    0    144 KBytes       
[  5]  17.00-18.00  sec  4.00 MBytes  33.5 Mbits/sec    0    163 KBytes       
[  5]  18.00-19.00  sec  4.12 MBytes  34.6 Mbits/sec    0    180 KBytes       
[  5]  19.00-20.00  sec  4.12 MBytes  34.6 Mbits/sec    0    197 KBytes       
[  5]  20.00-21.00  sec  4.00 MBytes  33.6 Mbits/sec    0    215 KBytes       
[  5]  21.00-22.00  sec  5.38 MBytes  45.1 Mbits/sec    0    171 KBytes       
[  5]  22.00-23.00  sec  4.12 MBytes  34.6 Mbits/sec    0    199 KBytes       
[  5]  23.00-24.00  sec  4.12 MBytes  34.6 Mbits/sec    0    216 KBytes       
[  5]  24.00-25.00  sec  5.38 MBytes  45.1 Mbits/sec    0    223 KBytes       
[  5]  25.00-26.00  sec  5.38 MBytes  45.1 Mbits/sec    0    232 KBytes       
[  5]  26.00-27.00  sec  4.12 MBytes  34.6 Mbits/sec    0    249 KBytes       
[  5]  27.00-28.00  sec  6.75 MBytes  56.6 Mbits/sec    0    266 KBytes       
[  5]  28.00-29.00  sec  5.38 MBytes  45.1 Mbits/sec    0    283 KBytes       
[  5]  29.00-30.00  sec  5.50 MBytes  46.1 Mbits/sec    0    297 KBytes       
- - - - - - - - - - - - - - - - - - - - - - - - -
[ ID] Interval           Transfer     Bitrate         Retr
[  5]   0.00-30.00  sec   147 MBytes  41.1 Mbits/sec    0             sender
[  5]   0.00-30.04  sec   144 MBytes  40.3 Mbits/sec                  receiver

iperf Done.
