Connecting to host 10.0.0.1, port 5484
[  5] local 10.0.0.4 port 60900 connected to 10.0.0.1 port 5484
[ ID] Interval           Transfer     Bitrate         Retr  Cwnd
[  5]   0.00-1.00   sec  5.88 MBytes  49.2 Mbits/sec    0    393 KBytes       
[  5]   1.00-2.00   sec  7.12 MBytes  59.8 Mbits/sec    0    687 KBytes       
[  5]   2.00-3.00   sec  5.38 MBytes  45.1 Mbits/sec    0    981 KBytes       
[  5]   3.00-4.00   sec  5.50 MBytes  46.1 Mbits/sec    0   1.25 MBytes       
[  5]   4.00-5.00   sec  6.75 MBytes  56.6 Mbits/sec    0   1.53 MBytes       
[  5]   5.00-6.00   sec  4.00 MBytes  33.6 Mbits/sec   44   1.36 MBytes       
[  5]   6.00-7.00   sec  6.62 MBytes  55.6 Mbits/sec   18    639 KBytes       
[  5]   7.00-8.00   sec  5.38 MBytes  45.1 Mbits/sec    0    339 KBytes       
[  5]   8.00-9.00   sec  6.75 MBytes  56.6 Mbits/sec    0    370 KBytes       
[  5]   9.00-10.00  sec  4.12 MBytes  34.6 Mbits/sec    0    198 KBytes       
[  5]  10.00-11.00  sec  4.00 MBytes  33.5 Mbits/sec    0    158 KBytes       
[  5]  11.00-12.00  sec  4.12 MBytes  34.6 Mbits/sec    0    173 KBytes       
[  5]  12.00-13.00  sec  4.12 MBytes  34.6 Mbits/sec    0    189 KBytes       
[  5]  13.00-14.00  sec  4.00 MBytes  33.6 Mbits/sec    0    206 KBytes       
[  5]  14.00-15.00  sec  5.38 MBytes  45.1 Mbits/sec    0    225 KBytes       
[  5]  15.00-16.00  sec  5.50 MBytes  46.1 Mbits/sec    0    242 KBytes       
[  5]  16.00-17.00  sec  4.00 MBytes  33.6 Mbits/sec    0    188 KBytes       
[  5]  17.00-18.00  sec  5.50 MBytes  46.1 Mbits/sec    0    222 KBytes       
[  5]  18.00-19.00  sec  5.38 MBytes  45.1 Mbits/sec    0    242 KBytes       
[  5]  19.00-20.00  sec  5.50 MBytes  46.1 Mbits/sec    0    252 KBytes       
[  5]  20.00-21.00  sec  5.38 MBytes  45.1 Mbits/sec    0    255 KBytes       
[  5]  21.00-22.00  sec  5.38 MBytes  45.1 Mbits/sec    0    267 KBytes       
[  5]  22.00-23.00  sec  5.50 MBytes  46.1 Mbits/sec    0    283 KBytes       
[  5]  23.00-24.00  sec  5.38 MBytes  45.1 Mbits/sec    0    298 KBytes       
[  5]  24.00-25.00  sec  6.75 MBytes  56.6 Mbits/sec    0    313 KBytes       
[  5]  25.00-26.00  sec  5.50 MBytes  46.1 Mbits/sec    0    327 KBytes       
[  5]  26.00-27.00  sec  5.38 MBytes  45.1 Mbits/sec    0    341 KBytes       
[  5]  27.00-28.00  sec  5.38 MBytes  45.1 Mbits/sec    0    380 KBytes       
[  5]  28.00-29.00  sec  5.50 MBytes  46.1 Mbits/sec    0    452 KBytes       
[  5]  29.00-30.00  sec  6.75 MBytes  56.6 Mbits/sec    0    549 KBytes       
- - - - - - - - - - - - - - - - - - - - - - - - -
[ ID] Interval           Transfer     Bitrate         Retr
[  5]   0.00-30.00  sec   162 MBytes  45.3 Mbits/sec   62             sender
[  5]   0.00-30.04  sec   158 MBytes  44.2 Mbits/sec                  receiver

iperf Done.
