Connecting to host 10.0.0.1, port 5366
[  5] local 10.0.0.4 port 39844 connected to 10.0.0.1 port 5366
[ ID] Interval           Transfer     Bitrate         Retr  Cwnd
[  5]   0.00-1.00   sec  6.00 MBytes  50.3 Mbits/sec    0    404 KBytes       
[  5]   1.00-2.00   sec  7.25 MBytes  60.8 Mbits/sec    0    699 KBytes       
[  5]   2.00-3.00   sec  5.50 MBytes  46.1 Mbits/sec    0    993 KBytes       
[  5]   3.00-4.00   sec  5.38 MBytes  45.1 Mbits/sec    0   1.26 MBytes       
[  5]   4.00-5.00   sec  5.38 MBytes  45.1 Mbits/sec    0   1.02 MBytes       
[  5]   5.00-6.00   sec  6.88 MBytes  57.7 Mbits/sec    0    796 KBytes       
[  5]   6.00-7.00   sec  5.38 MBytes  45.1 Mbits/sec    0    598 KBytes       
[  5]   7.00-8.00   sec  5.38 MBytes  45.1 Mbits/sec    0    638 KBytes       
[  5]   8.00-9.00   sec  5.50 MBytes  46.1 Mbits/sec    0    334 KBytes       
[  5]   9.00-10.00  sec  6.75 MBytes  56.6 Mbits/sec    0    366 KBytes       
[  5]  10.00-11.00  sec  5.38 MBytes  45.1 Mbits/sec    0    389 KBytes       
[  5]  11.00-12.00  sec  5.50 MBytes  46.1 Mbits/sec    0    208 KBytes       
[  5]  12.00-13.00  sec  4.00 MBytes  33.6 Mbits/sec    0    228 KBytes       
[  5]  13.00-14.00  sec  4.12 MBytes  34.6 Mbits/sec    0    178 KBytes       
[  5]  14.00-15.00  sec  4.00 MBytes  33.6 Mbits/sec    0    192 KBytes       
[  5]  15.00-16.00  sec  5.50 MBytes  46.1 Mbits/sec    0    209 KBytes       
[  5]  16.00-17.00  sec  4.00 MBytes  33.6 Mbits/sec    0    226 KBytes       
[  5]  17.00-18.00  sec  5.50 MBytes  46.1 Mbits/sec    0    243 KBytes       
[  5]  18.00-19.00  sec  5.38 MBytes  45.1 Mbits/sec    0    262 KBytes       
[  5]  19.00-20.00  sec  5.50 MBytes  46.1 Mbits/sec    0    277 KBytes       
[  5]  20.00-21.00  sec  6.75 MBytes  56.6 Mbits/sec    0    293 KBytes       
[  5]  21.00-22.00  sec  5.38 MBytes  45.1 Mbits/sec    0    308 KBytes       
[  5]  22.00-23.00  sec  5.50 MBytes  46.1 Mbits/sec    0    322 KBytes       
[  5]  23.00-24.00  sec  5.38 MBytes  45.1 Mbits/sec    0    386 KBytes       
[  5]  24.00-25.00  sec  5.38 MBytes  45.1 Mbits/sec    0    481 KBytes       
[  5]  25.00-26.00  sec  6.88 MBytes  57.7 Mbits/sec    0    601 KBytes       
[  5]  26.00-27.00  sec  5.38 MBytes  45.1 Mbits/sec    0    749 KBytes       
[  5]  27.00-28.00  sec  5.38 MBytes  45.1 Mbits/sec    0    930 KBytes       
[  5]  28.00-29.00  sec  5.50 MBytes  46.1 Mbits/sec    0   1.12 MBytes       
[  5]  29.00-30.00  sec  5.38 MBytes  45.1 Mbits/sec    0   1.36 MBytes       
- - - - - - - - - - - - - - - - - - - - - - - - -
[ ID] Interval           Transfer     Bitrate         Retr
[  5]   0.00-30.00  sec   165 MBytes  46.2 Mbits/sec    0             sender
[  5]   0.00-30.04  sec   163 MBytes  45.5 Mbits/sec                  receiver

iperf Done.
