Connecting to host 10.0.0.1, port 5364
[  5] local 10.0.0.4 port 58956 connected to 10.0.0.1 port 5364
[ ID] Interval           Transfer     Bitrate         Retr  Cwnd
[  5]   0.00-1.00   sec  7.50 MBytes  62.9 Mbits/sec    0    550 KBytes       
[  5]   1.00-2.00   sec  6.50 MBytes  54.5 Mbits/sec    0    843 KBytes       
[  5]   2.00-3.00   sec  5.50 MBytes  46.1 Mbits/sec    0   1.11 MBytes       
[  5]   3.00-4.00   sec  5.38 MBytes  45.1 Mbits/sec    0   1.40 MBytes       
[  5]   4.00-5.00   sec  5.38 MBytes  45.1 Mbits/sec    0    772 KBytes       
[  5]   5.00-6.00   sec  5.50 MBytes  46.1 Mbits/sec    0    403 KBytes       
[  5]   6.00-7.00   sec  6.75 MBytes  56.6 Mbits/sec    0    443 KBytes       
[  5]   7.00-8.00   sec  5.38 MBytes  45.1 Mbits/sec    0    338 KBytes       
[  5]   8.00-9.00   sec  5.50 MBytes  46.1 Mbits/sec    0    363 KBytes       
[  5]   9.00-10.00  sec  5.38 MBytes  45.1 Mbits/sec    0    378 KBytes       
[  5]  10.00-11.00  sec  6.75 MBytes  56.6 Mbits/sec    0    383 KBytes       
[  5]  11.00-12.00  sec  5.50 MBytes  46.1 Mbits/sec    0    303 KBytes       
[  5]  12.00-13.00  sec  5.38 MBytes  45.1 Mbits/sec    0    341 KBytes       
[  5]  13.00-14.00  sec  5.50 MBytes  46.1 Mbits/sec    0    366 KBytes       
[  5]  14.00-15.00  sec  5.38 MBytes  45.1 Mbits/sec    0    378 KBytes       
[  5]  15.00-16.00  sec  6.75 MBytes  56.6 Mbits/sec    0    383 KBytes       
[  5]  16.00-17.00  sec  5.50 MBytes  46.1 Mbits/sec    0    383 KBytes       
[  5]  17.00-18.00  sec  5.38 MBytes  45.1 Mbits/sec    0    383 KBytes       
[  5]  18.00-19.00  sec  5.38 MBytes  45.1 Mbits/sec    0    386 KBytes       
[  5]  19.00-20.00  sec  5.50 MBytes  46.1 Mbits/sec    0    396 KBytes       
[  5]  20.00-21.00  sec  6.75 MBytes  56.6 Mbits/sec    0    413 KBytes       
[  5]  21.00-22.00  sec  5.38 MBytes  45.1 Mbits/sec    0    444 KBytes       
[  5]  22.00-23.00  sec  5.50 MBytes  46.1 Mbits/sec    0    489 KBytes       
[  5]  23.00-24.00  sec  5.38 MBytes  45.1 Mbits/sec    0    556 KBytes       
[  5]  24.00-25.00  sec  5.38 MBytes  45.1 Mbits/sec    0    643 KBytes       
[  5]  25.00-26.00  sec  6.88 MBytes  57.7 Mbits/sec    0    755 KBytes       
[  5]  26.00-27.00  sec  5.38 MBytes  45.1 Mbits/sec    0    897 KBytes       
[  5]  27.00-28.00  sec  5.38 MBytes  45.1 Mbits/sec    0   1.04 MBytes       
[  5]  28.00-29.00  sec  5.50 MBytes  46.1 Mbits/sec    0   1.24 MBytes       
[  5]  29.00-30.00  sec  5.38 MBytes  45.1 Mbits/sec    0    997 KBytes       
- - - - - - - - - - - - - - - - - - - - - - - - -
[ ID] Interval           Transfer     Bitrate         Retr
[  5]   0.00-30.00  sec   173 MBytes  48.3 Mbits/sec    0             sender
[  5]   0.00-30.04  sec   170 MBytes  47.6 Mbits/sec                  receiver

iperf Done.
