Connecting to host 10.0.0.1, port 5330
[  5] local 10.0.0.4 port 57838 connected to 10.0.0.1 port 5330
[ ID] Interval           Transfer     Bitrate         Retr  Cwnd
[  5]   0.00-1.00   sec  7.00 MBytes  58.7 Mbits/sec    0    583 KBytes       
[  5]   1.00-2.00   sec  6.50 MBytes  54.5 Mbits/sec    0    877 KBytes       
[  5]   2.00-3.00   sec  5.50 MBytes  46.1 Mbits/sec    0   1.14 MBytes       
[  5]   3.00-4.00   sec  5.38 MBytes  45.1 Mbits/sec    0   1.43 MBytes       
[  5]   4.00-5.00   sec  6.75 MBytes  56.6 Mbits/sec    0    768 KBytes       
[  5]   5.00-6.00   sec  5.50 MBytes  46.1 Mbits/sec    0    406 KBytes       
[  5]   6.00-7.00   sec  5.38 MBytes  45.1 Mbits/sec    0    434 KBytes       
[  5]   7.00-8.00   sec  5.38 MBytes  45.1 Mbits/sec    0    452 KBytes       
[  5]   8.00-9.00   sec  5.50 MBytes  46.1 Mbits/sec    0    461 KBytes       
[  5]   9.00-10.00  sec  6.75 MBytes  56.6 Mbits/sec    0    462 KBytes       
[  5]  10.00-11.00  sec  5.38 MBytes  45.1 Mbits/sec    0    462 KBytes       
[  5]  11.00-12.00  sec  5.50 MBytes  46.1 Mbits/sec    0    351 KBytes       
[  5]  12.00-13.00  sec  5.38 MBytes  45.1 Mbits/sec    0    399 KBytes       
[  5]  13.00-14.00  sec  5.38 MBytes  45.1 Mbits/sec    0    431 KBytes       
[  5]  14.00-15.00  sec  6.88 MBytes  57.7 Mbits/sec    0    451 KBytes       
[  5]  15.00-16.00  sec  5.38 MBytes  45.1 Mbits/sec    0    321 KBytes       
[  5]  16.00-17.00  sec  5.38 MBytes  45.1 Mbits/sec    0    355 KBytes       
[  5]  17.00-18.00  sec  5.50 MBytes  46.1 Mbits/sec    0    272 KBytes       
[  5]  18.00-19.00  sec  6.75 MBytes  56.6 Mbits/sec    0    296 KBytes       
[  5]  19.00-20.00  sec  5.38 MBytes  45.1 Mbits/sec    0    307 KBytes       
[  5]  20.00-21.00  sec  5.50 MBytes  46.1 Mbits/sec    0    313 KBytes       
[  5]  21.00-22.00  sec  5.38 MBytes  45.1 Mbits/sec    0    322 KBytes       
[  5]  22.00-23.00  sec  5.50 MBytes  46.1 Mbits/sec    0    335 KBytes       
[  5]  23.00-24.00  sec  6.75 MBytes  56.6 Mbits/sec    0    348 KBytes       
[  5]  24.00-25.00  sec  5.38 MBytes  45.1 Mbits/sec    0    361 KBytes       
[  5]  25.00-26.00  sec  5.50 MBytes  46.1 Mbits/sec    0    373 KBytes       
[  5]  26.00-27.00  sec  5.38 MBytes  45.1 Mbits/sec    0    385 KBytes       
[  5]  27.00-28.00  sec  5.38 MBytes  45.1 Mbits/sec    0    420 KBytes       
[  5]  28.00-29.00  sec  6.88 MBytes  57.7 Mbits/sec    0    486 KBytes       
[  5]  29.00-30.00  sec  5.38 MBytes  45.1 Mbits/sec    0    574 KBytes       
- - - - - - - - - - - - - - - - - - - - - - - - -
[ ID] Interval           Transfer     Bitrate         Retr
[  5]   0.00-30.00  sec   174 MBytes  48.5 Mbits/sec    0             sender
[  5]   0.00-30.04  sec   170 MBytes  47.6 Mbits/sec                  receiver

iperf Done.
