Connecting to host 10.0.0.1, port 5392
[  5] local 10.0.0.4 port 33114 connected to 10.0.0.1 port 5392
[ ID] Interval           Transfer     Bitrate         Retr  Cwnd
[  5]   0.00-1.00   sec  7.00 MBytes  58.7 Mbits/sec    0    549 KBytes       
[  5]   1.00-2.00   sec  6.38 MBytes  53.5 Mbits/sec    0    843 KBytes       
[  5]   2.00-3.00   sec  5.38 MBytes  45.1 Mbits/sec    0   1.11 MBytes       
[  5]   3.00-4.00   sec  5.50 MBytes  46.1 Mbits/sec    0    880 KBytes       
[  5]   4.00-5.00   sec  6.75 MBytes  56.6 Mbits/sec    0    969 KBytes       
[  5]   5.00-6.00   sec  5.38 MBytes  45.1 Mbits/sec    0   1.01 MBytes       
[  5]   6.00-7.00   sec  5.50 MBytes  46.1 Mbits/sec    0    755 KBytes       
[  5]   7.00-8.00   sec  5.38 MBytes  45.1 Mbits/sec    0    814 KBytes       
[  5]   8.00-9.00   sec  6.75 MBytes  56.6 Mbits/sec    0    600 KBytes       
[  5]   9.00-10.00  sec  5.50 MBytes  46.1 Mbits/sec    0    649 KBytes       
[  5]  10.00-11.00  sec  5.38 MBytes  45.1 Mbits/sec    0    368 KBytes       
[  5]  11.00-12.00  sec  5.38 MBytes  45.1 Mbits/sec    0    372 KBytes       
[  5]  12.00-13.00  sec  5.50 MBytes  46.1 Mbits/sec    0    395 KBytes       
[  5]  13.00-14.00  sec  6.75 MBytes  56.6 Mbits/sec    0    300 KBytes       
[  5]  14.00-15.00  sec  4.12 MBytes  34.6 Mbits/sec    0    222 KBytes       
[  5]  15.00-16.00  sec  5.38 MBytes  45.1 Mbits/sec    0    235 KBytes       
[  5]  16.00-17.00  sec  4.00 MBytes  33.6 Mbits/sec    0    129 KBytes       
[  5]  17.00-18.00  sec  2.75 MBytes  23.1 Mbits/sec    0    144 KBytes       
[  5]  18.00-19.00  sec  2.75 MBytes  23.1 Mbits/sec    0    161 KBytes       
[  5]  19.00-20.00  sec  4.00 MBytes  33.6 Mbits/sec    0    133 KBytes       
[  5]  20.00-21.00  sec  2.75 MBytes  23.1 Mbits/sec    0    156 KBytes       
[  5]  21.00-22.00  sec  4.12 MBytes  34.6 Mbits/sec    0    167 KBytes       
[  5]  22.00-23.00  sec  4.00 MBytes  33.6 Mbits/sec    0    178 KBytes       
[  5]  23.00-24.00  sec  4.12 MBytes  34.6 Mbits/sec    0    195 KBytes       
[  5]  24.00-25.00  sec  4.00 MBytes  33.6 Mbits/sec    0    212 KBytes       
[  5]  25.00-26.00  sec  5.50 MBytes  46.1 Mbits/sec    0    230 KBytes       
[  5]  26.00-27.00  sec  5.38 MBytes  45.1 Mbits/sec    0    247 KBytes       
[  5]  27.00-28.00  sec  5.38 MBytes  45.1 Mbits/sec    0    264 KBytes       
[  5]  28.00-29.00  sec  5.50 MBytes  46.1 Mbits/sec    0    281 KBytes       
[  5]  29.00-30.00  sec  6.75 MBytes  56.6 Mbits/sec    0    296 KBytes       
- - - - - - - - - - - - - - - - - - - - - - - - -
[ ID] Interval           Transfer     Bitrate         Retr
[  5]   0.00-30.00  sec   153 MBytes  42.8 Mbits/sec    0             sender
[  5]   0.00-30.04  sec   149 MBytes  41.7 Mbits/sec                  receiver

iperf Done.
