Connecting to host 10.0.0.1, port 5318
[  5] local 10.0.0.4 port 60492 connected to 10.0.0.1 port 5318
[ ID] Interval           Transfer     Bitrate         Retr  Cwnd
[  5]   0.00-1.00   sec  7.62 MBytes  63.9 Mbits/sec    0    570 KBytes       
[  5]   1.00-2.00   sec  5.25 MBytes  44.0 Mbits/sec    0    864 KBytes       
[  5]   2.00-3.00   sec  6.88 MBytes  57.7 Mbits/sec    0   1.13 MBytes       
[  5]   3.00-4.00   sec  5.38 MBytes  45.1 Mbits/sec    0   1.42 MBytes       
[  5]   4.00-5.00   sec  5.38 MBytes  45.1 Mbits/sec    0   1.71 MBytes       
[  5]   5.00-6.00   sec  6.00 MBytes  50.3 Mbits/sec   63   1.26 MBytes       
[  5]   6.00-7.00   sec  5.50 MBytes  46.1 Mbits/sec    0    659 KBytes       
[  5]   7.00-8.00   sec  5.38 MBytes  45.1 Mbits/sec    0    560 KBytes       
[  5]   8.00-9.00   sec  6.75 MBytes  56.6 Mbits/sec    0    267 KBytes       
[  5]   9.00-10.00  sec  5.50 MBytes  46.1 Mbits/sec    0    205 KBytes       
[  5]  10.00-11.00  sec  2.62 MBytes  22.0 Mbits/sec    0    163 KBytes       
[  5]  11.00-12.00  sec  4.12 MBytes  34.6 Mbits/sec    0    177 KBytes       
[  5]  12.00-13.00  sec  4.00 MBytes  33.6 Mbits/sec    0    148 KBytes       
[  5]  13.00-14.00  sec  2.75 MBytes  23.1 Mbits/sec    0    170 KBytes       
[  5]  14.00-15.00  sec  4.12 MBytes  34.6 Mbits/sec    0    180 KBytes       
[  5]  15.00-16.00  sec  4.00 MBytes  33.6 Mbits/sec    0    140 KBytes       
[  5]  16.00-17.00  sec  2.75 MBytes  23.1 Mbits/sec    0    154 KBytes       
[  5]  17.00-18.00  sec  4.00 MBytes  33.6 Mbits/sec    0    173 KBytes       
[  5]  18.00-19.00  sec  4.12 MBytes  34.6 Mbits/sec    0    189 KBytes       
[  5]  19.00-20.00  sec  4.00 MBytes  33.6 Mbits/sec    0    208 KBytes       
[  5]  20.00-21.00  sec  5.50 MBytes  46.1 Mbits/sec    0    225 KBytes       
[  5]  21.00-22.00  sec  4.00 MBytes  33.6 Mbits/sec    0    242 KBytes       
[  5]  22.00-23.00  sec  6.88 MBytes  57.7 Mbits/sec    0    259 KBytes       
[  5]  23.00-24.00  sec  5.38 MBytes  45.1 Mbits/sec    0    276 KBytes       
[  5]  24.00-25.00  sec  5.38 MBytes  45.1 Mbits/sec    0    291 KBytes       
[  5]  25.00-26.00  sec  5.50 MBytes  46.1 Mbits/sec    0    354 KBytes       
[  5]  26.00-27.00  sec  5.38 MBytes  45.1 Mbits/sec    0    451 KBytes       
[  5]  27.00-28.00  sec  6.75 MBytes  56.6 Mbits/sec    0    574 KBytes       
[  5]  28.00-29.00  sec  5.50 MBytes  46.1 Mbits/sec    0    727 KBytes       
[  5]  29.00-30.00  sec  5.38 MBytes  45.1 Mbits/sec    0    911 KBytes       
- - - - - - - - - - - - - - - - - - - - - - - - -
[ ID] Interval           Transfer     Bitrate         Retr
[  5]   0.00-30.00  sec   152 MBytes  42.4 Mbits/sec   63             sender
[  5]   0.00-30.04  sec   149 MBytes  41.5 Mbits/sec                  receiver

iperf Done.
