Connecting to host 10.0.0.1, port 5488
[  5] local 10.0.0.4 port 46678 connected to 10.0.0.1 port 5488
[ ID] Interval           Transfer     Bitrate         Retr  Cwnd
[  5]   0.00-1.00   sec  6.12 MBytes  51.3 Mbits/sec    0    416 KBytes       
[  5]   1.00-2.00   sec  7.75 MBytes  65.0 Mbits/sec    0    710 KBytes       
[  5]   2.00-3.00   sec  5.38 MBytes  45.1 Mbits/sec    0   1004 KBytes       
[  5]   3.00-4.00   sec  5.50 MBytes  46.1 Mbits/sec    0   1.27 MBytes       
[  5]   4.00-5.00   sec  5.38 MBytes  45.1 Mbits/sec    0   1.56 MBytes       
[  5]   5.00-6.00   sec  6.50 MBytes  54.5 Mbits/sec   14   1.19 MBytes       
[  5]   6.00-7.00   sec  5.50 MBytes  46.1 Mbits/sec    0    909 KBytes       
[  5]   7.00-8.00   sec  5.38 MBytes  45.1 Mbits/sec    0    976 KBytes       
[  5]   8.00-9.00   sec  5.38 MBytes  45.1 Mbits/sec    0    714 KBytes       
[  5]   9.00-10.00  sec  5.50 MBytes  46.1 Mbits/sec    0    184 KBytes       
[  5]  10.00-11.00  sec  4.00 MBytes  33.6 Mbits/sec    0    146 KBytes       
[  5]  11.00-12.00  sec  2.75 MBytes  23.1 Mbits/sec    0    115 KBytes       
[  5]  12.00-13.00  sec  2.75 MBytes  23.1 Mbits/sec    0   48.1 KBytes       
[  5]  13.00-14.00  sec  0.00 Bytes  0.00 bits/sec    0   65.0 KBytes       
[  5]  14.00-15.00  sec  2.62 MBytes  22.0 Mbits/sec    0   82.0 KBytes       
[  5]  15.00-16.00  sec  1.38 MBytes  11.5 Mbits/sec    0    100 KBytes       
[  5]  16.00-17.00  sec  2.75 MBytes  23.1 Mbits/sec    0   86.3 KBytes       
[  5]  17.00-18.00  sec  1.38 MBytes  11.5 Mbits/sec    0    102 KBytes       
[  5]  18.00-19.00  sec  2.62 MBytes  22.0 Mbits/sec    0    116 KBytes       
[  5]  19.00-20.00  sec  2.75 MBytes  23.1 Mbits/sec    0    134 KBytes       
[  5]  20.00-21.00  sec  4.12 MBytes  34.6 Mbits/sec    0    151 KBytes       
[  5]  21.00-22.00  sec  2.62 MBytes  22.0 Mbits/sec    0    170 KBytes       
[  5]  22.00-23.00  sec  4.12 MBytes  34.6 Mbits/sec    0    187 KBytes       
[  5]  23.00-24.00  sec  4.00 MBytes  33.6 Mbits/sec    0    205 KBytes       
[  5]  24.00-25.00  sec  5.50 MBytes  46.1 Mbits/sec    0    222 KBytes       
[  5]  25.00-26.00  sec  5.38 MBytes  45.1 Mbits/sec    0    239 KBytes       
[  5]  26.00-27.00  sec  5.50 MBytes  46.1 Mbits/sec    0    264 KBytes       
[  5]  27.00-28.00  sec  5.38 MBytes  45.1 Mbits/sec    0    348 KBytes       
[  5]  28.00-29.00  sec  5.38 MBytes  45.1 Mbits/sec    0    455 KBytes       
[  5]  29.00-30.00  sec  5.50 MBytes  46.1 Mbits/sec    0    590 KBytes       
- - - - - - - - - - - - - - - - - - - - - - - - -
[ ID] Interval           Transfer     Bitrate         Retr
[  5]   0.00-30.00  sec   129 MBytes  36.0 Mbits/sec   14             sender
[  5]   0.00-30.04  sec   126 MBytes  35.3 Mbits/sec                  receiver

iperf Done.
