Connecting to host 10.0.0.1, port 5336
[  5] local 10.0.0.4 port 57288 connected to 10.0.0.1 port 5336
[ ID] Interval           Transfer     Bitrate         Retr  Cwnd
[  5]   0.00-1.00   sec  7.38 MBytes  61.8 Mbits/sec    0    570 KBytes       
[  5]   1.00-2.00   sec  6.50 MBytes  54.5 Mbits/sec    0    864 KBytes       
[  5]   2.00-3.00   sec  5.50 MBytes  46.1 Mbits/sec    0   1.13 MBytes       
[  5]   3.00-4.00   sec  5.38 MBytes  45.1 Mbits/sec    0   1.42 MBytes       
[  5]   4.00-5.00   sec  5.38 MBytes  45.1 Mbits/sec    0   1.06 MBytes       
[  5]   5.00-6.00   sec  6.88 MBytes  57.7 Mbits/sec    0    443 KBytes       
[  5]   6.00-7.00   sec  5.38 MBytes  45.1 Mbits/sec    0    445 KBytes       
[  5]   7.00-8.00   sec  5.38 MBytes  45.1 Mbits/sec    0    335 KBytes       
[  5]   8.00-9.00   sec  5.50 MBytes  46.1 Mbits/sec    0    187 KBytes       
[  5]   9.00-10.00  sec  4.00 MBytes  33.6 Mbits/sec    0    202 KBytes       
[  5]  10.00-11.00  sec  4.12 MBytes  34.6 Mbits/sec    0    216 KBytes       
[  5]  11.00-12.00  sec  5.38 MBytes  45.1 Mbits/sec    0    233 KBytes       
[  5]  12.00-13.00  sec  5.50 MBytes  46.1 Mbits/sec    0    250 KBytes       
[  5]  13.00-14.00  sec  5.38 MBytes  45.1 Mbits/sec    0    267 KBytes       
[  5]  14.00-15.00  sec  5.38 MBytes  45.1 Mbits/sec    0    284 KBytes       
[  5]  15.00-16.00  sec  6.88 MBytes  57.7 Mbits/sec    0    300 KBytes       
[  5]  16.00-17.00  sec  5.38 MBytes  45.1 Mbits/sec    0    314 KBytes       
[  5]  17.00-18.00  sec  5.38 MBytes  45.1 Mbits/sec    0    328 KBytes       
[  5]  18.00-19.00  sec  5.50 MBytes  46.1 Mbits/sec    0    359 KBytes       
[  5]  19.00-20.00  sec  5.38 MBytes  45.1 Mbits/sec    0    438 KBytes       
[  5]  20.00-21.00  sec  6.75 MBytes  56.6 Mbits/sec    0    543 KBytes       
[  5]  21.00-22.00  sec  5.50 MBytes  46.1 Mbits/sec    0    675 KBytes       
[  5]  22.00-23.00  sec  5.38 MBytes  45.1 Mbits/sec    0    836 KBytes       
[  5]  23.00-24.00  sec  5.50 MBytes  46.1 Mbits/sec    0   1.00 MBytes       
[  5]  24.00-25.00  sec  5.38 MBytes  45.1 Mbits/sec    0   1.23 MBytes       
[  5]  25.00-26.00  sec  5.38 MBytes  45.1 Mbits/sec    0   1.49 MBytes       
[  5]  26.00-27.00  sec  5.50 MBytes  46.1 Mbits/sec   11   1.64 MBytes       
[  5]  27.00-28.00  sec  6.88 MBytes  57.7 Mbits/sec   53    905 KBytes       
[  5]  28.00-29.00  sec  5.38 MBytes  45.1 Mbits/sec    0    469 KBytes       
[  5]  29.00-30.00  sec  5.38 MBytes  45.1 Mbits/sec    0    180 KBytes       
- - - - - - - - - - - - - - - - - - - - - - - - -
[ ID] Interval           Transfer     Bitrate         Retr
[  5]   0.00-30.00  sec   168 MBytes  47.1 Mbits/sec   64             sender
[  5]   0.00-30.04  sec   165 MBytes  46.1 Mbits/sec                  receiver

iperf Done.
