Connecting to host 10.0.0.1, port 5450
[  5] local 10.0.0.4 port 46470 connected to 10.0.0.1 port 5450
[ ID] Interval           Transfer     Bitrate         Retr  Cwnd
[  5]   0.00-1.00   sec  6.25 MBytes  52.4 Mbits/sec    0    416 KBytes       
[  5]   1.00-2.00   sec  7.75 MBytes  65.0 Mbits/sec    0    710 KBytes       
[  5]   2.00-3.00   sec  5.38 MBytes  45.1 Mbits/sec    0   1004 KBytes       
[  5]   3.00-4.00   sec  5.50 MBytes  46.1 Mbits/sec    0   1.27 MBytes       
[  5]   4.00-5.00   sec  5.38 MBytes  45.1 Mbits/sec    0   1.56 MBytes       
[  5]   5.00-6.00   sec  4.00 MBytes  33.6 Mbits/sec   59   1.23 MBytes       
[  5]   6.00-7.00   sec  8.12 MBytes  68.2 Mbits/sec    3    922 KBytes       
[  5]   7.00-8.00   sec  5.50 MBytes  46.1 Mbits/sec    0    335 KBytes       
[  5]   8.00-9.00   sec  5.38 MBytes  45.1 Mbits/sec    0    308 KBytes       
[  5]   9.00-10.00  sec  4.00 MBytes  33.6 Mbits/sec    0    201 KBytes       
[  5]  10.00-11.00  sec  4.12 MBytes  34.6 Mbits/sec    0    158 KBytes       
[  5]  11.00-12.00  sec  4.12 MBytes  34.6 Mbits/sec    0    174 KBytes       
[  5]  12.00-13.00  sec  2.62 MBytes  22.0 Mbits/sec    0    146 KBytes       
[  5]  13.00-14.00  sec  4.12 MBytes  34.6 Mbits/sec    0    167 KBytes       
[  5]  14.00-15.00  sec  4.00 MBytes  33.6 Mbits/sec    0    177 KBytes       
[  5]  15.00-16.00  sec  4.12 MBytes  34.6 Mbits/sec    0    188 KBytes       
[  5]  16.00-17.00  sec  4.00 MBytes  33.6 Mbits/sec    0    205 KBytes       
[  5]  17.00-18.00  sec  5.50 MBytes  46.1 Mbits/sec    0    222 KBytes       
[  5]  18.00-19.00  sec  4.00 MBytes  33.6 Mbits/sec    0    240 KBytes       
[  5]  19.00-20.00  sec  6.88 MBytes  57.7 Mbits/sec    0    257 KBytes       
[  5]  20.00-21.00  sec  5.38 MBytes  45.1 Mbits/sec    0    273 KBytes       
[  5]  21.00-22.00  sec  5.38 MBytes  45.1 Mbits/sec    0    290 KBytes       
[  5]  22.00-23.00  sec  5.50 MBytes  46.1 Mbits/sec    0    304 KBytes       
[  5]  23.00-24.00  sec  5.38 MBytes  45.1 Mbits/sec    0    369 KBytes       
[  5]  24.00-25.00  sec  6.75 MBytes  56.6 Mbits/sec    0    462 KBytes       
[  5]  25.00-26.00  sec  5.50 MBytes  46.1 Mbits/sec    0    581 KBytes       
[  5]  26.00-27.00  sec  5.38 MBytes  45.1 Mbits/sec    0    727 KBytes       
[  5]  27.00-28.00  sec  5.38 MBytes  45.1 Mbits/sec    0    905 KBytes       
[  5]  28.00-29.00  sec  5.50 MBytes  46.1 Mbits/sec    0    600 KBytes       
[  5]  29.00-30.00  sec  6.75 MBytes  56.6 Mbits/sec    0    559 KBytes       
- - - - - - - - - - - - - - - - - - - - - - - - -
[ ID] Interval           Transfer     Bitrate         Retr
[  5]   0.00-30.00  sec   158 MBytes  44.1 Mbits/sec   62             sender
[  5]   0.00-30.04  sec   154 MBytes  43.0 Mbits/sec                  receiver

iperf Done.
