Connecting to host 10.0.0.1, port 5398
[  5] local 10.0.0.4 port 54968 connected to 10.0.0.1 port 5398
[ ID] Interval           Transfer     Bitrate         Retr  Cwnd
[  5]   0.00-1.00   sec  6.25 MBytes  52.4 Mbits/sec    0    416 KBytes       
[  5]   1.00-2.00   sec  7.75 MBytes  65.0 Mbits/sec    0    710 KBytes       
[  5]   2.00-3.00   sec  5.38 MBytes  45.1 Mbits/sec    0   1005 KBytes       
[  5]   3.00-4.00   sec  5.50 MBytes  46.1 Mbits/sec    0    864 KBytes       
[  5]   4.00-5.00   sec  5.38 MBytes  45.1 Mbits/sec    0    967 KBytes       
[  5]   5.00-6.00   sec  5.38 MBytes  45.1 Mbits/sec    0   1.03 MBytes       
[  5]   6.00-7.00   sec  5.50 MBytes  46.1 Mbits/sec    0    778 KBytes       
[  5]   7.00-8.00   sec  6.75 MBytes  56.6 Mbits/sec    0    594 KBytes       
[  5]   8.00-9.00   sec  5.38 MBytes  45.1 Mbits/sec    0    440 KBytes       
[  5]   9.00-10.00  sec  5.50 MBytes  46.1 Mbits/sec    0    339 KBytes       
[  5]  10.00-11.00  sec  5.38 MBytes  45.1 Mbits/sec    0    337 KBytes       
[  5]  11.00-12.00  sec  5.50 MBytes  46.1 Mbits/sec    0    199 KBytes       
[  5]  12.00-13.00  sec  5.38 MBytes  45.1 Mbits/sec    0    219 KBytes       
[  5]  13.00-14.00  sec  4.12 MBytes  34.6 Mbits/sec    0    229 KBytes       
[  5]  14.00-15.00  sec  5.38 MBytes  45.1 Mbits/sec    0    246 KBytes       
[  5]  15.00-16.00  sec  6.75 MBytes  56.6 Mbits/sec    0    264 KBytes       
[  5]  16.00-17.00  sec  4.12 MBytes  34.6 Mbits/sec    0    204 KBytes       
[  5]  17.00-18.00  sec  5.38 MBytes  45.1 Mbits/sec    0    239 KBytes       
[  5]  18.00-19.00  sec  5.38 MBytes  45.1 Mbits/sec    0    260 KBytes       
[  5]  19.00-20.00  sec  5.50 MBytes  46.1 Mbits/sec    0    270 KBytes       
[  5]  20.00-21.00  sec  6.75 MBytes  56.6 Mbits/sec    0    274 KBytes       
[  5]  21.00-22.00  sec  5.38 MBytes  45.1 Mbits/sec    0    279 KBytes       
[  5]  22.00-23.00  sec  5.50 MBytes  46.1 Mbits/sec    0    294 KBytes       
[  5]  23.00-24.00  sec  5.38 MBytes  45.1 Mbits/sec    0    308 KBytes       
[  5]  24.00-25.00  sec  5.50 MBytes  46.1 Mbits/sec    0    322 KBytes       
[  5]  25.00-26.00  sec  6.75 MBytes  56.6 Mbits/sec    0    337 KBytes       
[  5]  26.00-27.00  sec  5.38 MBytes  45.1 Mbits/sec    0    349 KBytes       
[  5]  27.00-28.00  sec  5.50 MBytes  46.1 Mbits/sec    0    395 KBytes       
[  5]  28.00-29.00  sec  5.38 MBytes  45.1 Mbits/sec    0    464 KBytes       
[  5]  29.00-30.00  sec  5.38 MBytes  45.1 Mbits/sec    0    557 KBytes       
- - - - - - - - - - - - - - - - - - - - - - - - -
[ ID] Interval           Transfer     Bitrate         Retr
[  5]   0.00-30.00  sec   168 MBytes  47.1 Mbits/sec    0             sender
[  5]   0.00-30.04  sec   166 MBytes  46.4 Mbits/sec                  receiver

iperf Done.
