Connecting to host 10.0.0.1, port 5326
[  5] local 10.0.0.4 port 48594 connected to 10.0.0.1 port 5326
[ ID] Interval           Transfer     Bitrate         Retr  Cwnd
[  5]   0.00-1.00   sec  6.25 MBytes  52.4 Mbits/sec    0    414 KBytes       
[  5]   1.00-2.00   sec  7.62 MBytes  64.0 Mbits/sec    0    710 KBytes       
[  5]   2.00-3.00   sec  5.50 MBytes  46.1 Mbits/sec    0   1004 KBytes       
[  5]   3.00-4.00   sec  5.38 MBytes  45.1 Mbits/sec    0   1.27 MBytes       
[  5]   4.00-5.00   sec  5.50 MBytes  46.1 Mbits/sec    0   1.56 MBytes       
[  5]   5.00-6.00   sec  4.00 MBytes  33.6 Mbits/sec   59   1.23 MBytes       
[  5]   6.00-7.00   sec  7.75 MBytes  65.0 Mbits/sec    1    915 KBytes       
[  5]   7.00-8.00   sec  5.38 MBytes  45.1 Mbits/sec    0    478 KBytes       
[  5]   8.00-9.00   sec  5.50 MBytes  46.1 Mbits/sec    0    180 KBytes       
[  5]   9.00-10.00  sec  4.00 MBytes  33.6 Mbits/sec    0    144 KBytes       
[  5]  10.00-11.00  sec  4.12 MBytes  34.6 Mbits/sec    0    158 KBytes       
[  5]  11.00-12.00  sec  2.75 MBytes  23.1 Mbits/sec    0    132 KBytes       
[  5]  12.00-13.00  sec  2.62 MBytes  22.0 Mbits/sec    0    109 KBytes       
[  5]  13.00-14.00  sec  2.75 MBytes  23.1 Mbits/sec    0    124 KBytes       
[  5]  14.00-15.00  sec  2.75 MBytes  23.1 Mbits/sec    0    141 KBytes       
[  5]  15.00-16.00  sec  4.00 MBytes  33.6 Mbits/sec    0    160 KBytes       
[  5]  16.00-17.00  sec  4.12 MBytes  34.6 Mbits/sec    0    177 KBytes       
[  5]  17.00-18.00  sec  4.00 MBytes  33.6 Mbits/sec    0    194 KBytes       
[  5]  18.00-19.00  sec  4.12 MBytes  34.6 Mbits/sec    0    212 KBytes       
[  5]  19.00-20.00  sec  5.38 MBytes  45.1 Mbits/sec    0    229 KBytes       
[  5]  20.00-21.00  sec  5.50 MBytes  46.1 Mbits/sec    0    247 KBytes       
[  5]  21.00-22.00  sec  5.38 MBytes  45.1 Mbits/sec    0    263 KBytes       
[  5]  22.00-23.00  sec  5.38 MBytes  45.1 Mbits/sec    0    320 KBytes       
[  5]  23.00-24.00  sec  5.50 MBytes  46.1 Mbits/sec    0    414 KBytes       
[  5]  24.00-25.00  sec  5.38 MBytes  45.1 Mbits/sec    0    536 KBytes       
[  5]  25.00-26.00  sec  5.38 MBytes  45.1 Mbits/sec    0    686 KBytes       
[  5]  26.00-27.00  sec  6.88 MBytes  57.7 Mbits/sec    0    868 KBytes       
[  5]  27.00-28.00  sec  5.38 MBytes  45.1 Mbits/sec    0   1.06 MBytes       
[  5]  28.00-29.00  sec  5.38 MBytes  45.1 Mbits/sec    0   1.30 MBytes       
[  5]  29.00-30.00  sec  5.50 MBytes  46.1 Mbits/sec    0   1.05 MBytes       
- - - - - - - - - - - - - - - - - - - - - - - - -
[ ID] Interval           Transfer     Bitrate         Retr
[  5]   0.00-30.00  sec   149 MBytes  41.7 Mbits/sec   60             sender
[  5]   0.00-30.04  sec   146 MBytes  40.9 Mbits/sec                  receiver

iperf Done.
