Connecting to host 10.0.0.1, port 5340
[  5] local 10.0.0.4 port 51460 connected to 10.0.0.1 port 5340
[ ID] Interval           Transfer     Bitrate         Retr  Cwnd
[  5]   0.00-1.00   sec  6.12 MBytes  51.3 Mbits/sec    0    416 KBytes       
[  5]   1.00-2.00   sec  7.50 MBytes  62.9 Mbits/sec    0    710 KBytes       
[  5]   2.00-3.00   sec  5.50 MBytes  46.1 Mbits/sec    0   1004 KBytes       
[  5]   3.00-4.00   sec  5.38 MBytes  45.1 Mbits/sec    0   1.27 MBytes       
[  5]   4.00-5.00   sec  5.38 MBytes  45.1 Mbits/sec    0   1.56 MBytes       
[  5]   5.00-6.00   sec  4.12 MBytes  34.6 Mbits/sec   58   1.23 MBytes       
[  5]   6.00-7.00   sec  8.12 MBytes  68.2 Mbits/sec    0    916 KBytes       
[  5]   7.00-8.00   sec  5.50 MBytes  46.1 Mbits/sec    0    477 KBytes       
[  5]   8.00-9.00   sec  5.38 MBytes  45.1 Mbits/sec    0    518 KBytes       
[  5]   9.00-10.00  sec  5.50 MBytes  46.1 Mbits/sec    0    189 KBytes       
[  5]  10.00-11.00  sec  4.00 MBytes  33.6 Mbits/sec    0    109 KBytes       
[  5]  11.00-12.00  sec  1.38 MBytes  11.5 Mbits/sec    0   89.1 KBytes       
[  5]  12.00-13.00  sec  2.75 MBytes  23.1 Mbits/sec    0    106 KBytes       
[  5]  13.00-14.00  sec  2.62 MBytes  22.0 Mbits/sec    0    123 KBytes       
[  5]  14.00-15.00  sec  2.75 MBytes  23.1 Mbits/sec    0    141 KBytes       
[  5]  15.00-16.00  sec  2.75 MBytes  23.1 Mbits/sec    0    158 KBytes       
[  5]  16.00-17.00  sec  4.00 MBytes  33.6 Mbits/sec    0    126 KBytes       
[  5]  17.00-18.00  sec  2.75 MBytes  23.1 Mbits/sec    0    153 KBytes       
[  5]  18.00-19.00  sec  4.00 MBytes  33.6 Mbits/sec    0    167 KBytes       
[  5]  19.00-20.00  sec  4.12 MBytes  34.6 Mbits/sec    0    174 KBytes       
[  5]  20.00-21.00  sec  4.12 MBytes  34.6 Mbits/sec    0    140 KBytes       
[  5]  21.00-22.00  sec  2.62 MBytes  22.0 Mbits/sec    0    167 KBytes       
[  5]  22.00-23.00  sec  4.12 MBytes  34.6 Mbits/sec    0    181 KBytes       
[  5]  23.00-24.00  sec  4.00 MBytes  33.6 Mbits/sec    0    187 KBytes       
[  5]  24.00-25.00  sec  5.50 MBytes  46.1 Mbits/sec    0    205 KBytes       
[  5]  25.00-26.00  sec  4.00 MBytes  33.6 Mbits/sec    0    222 KBytes       
[  5]  26.00-27.00  sec  5.50 MBytes  46.1 Mbits/sec    0    239 KBytes       
[  5]  27.00-28.00  sec  5.38 MBytes  45.1 Mbits/sec    0    257 KBytes       
[  5]  28.00-29.00  sec  5.38 MBytes  45.1 Mbits/sec    0    274 KBytes       
[  5]  29.00-30.00  sec  5.50 MBytes  46.1 Mbits/sec    0    290 KBytes       
- - - - - - - - - - - - - - - - - - - - - - - - -
[ ID] Interval           Transfer     Bitrate         Retr
[  5]   0.00-30.00  sec   136 MBytes  38.0 Mbits/sec   58             sender
[  5]   0.00-30.04  sec   133 MBytes  37.2 Mbits/sec                  receiver

iperf Done.
