Connecting to host 172.20.1.2, port 8081
[  5] local 172.20.1.1 port 53968 connected to 172.20.1.2 port 8081
[ ID] Interval           Transfer     Bitrate         Retr  Cwnd
[  5]   0.00-1.00   sec  2.00 MBytes  16.8 Mbits/sec    0   46.7 KBytes       
[  5]   1.00-2.00   sec  1.00 MBytes  8.39 Mbits/sec    0   67.9 KBytes       
[  5]   2.00-3.00   sec  2.25 MBytes  18.9 Mbits/sec    0   99.0 KBytes       
[  5]   3.00-4.00   sec  2.62 MBytes  22.0 Mbits/sec    0    132 KBytes       
[  5]   4.00-5.00   sec  3.25 MBytes  27.3 Mbits/sec    0    163 KBytes       
[  5]   5.00-6.00   sec  4.50 MBytes  37.7 Mbits/sec    0    180 KBytes       
[  5]   6.00-7.00   sec  4.38 MBytes  36.7 Mbits/sec    0    189 KBytes       
[  5]   7.00-8.00   sec  4.75 MBytes  39.8 Mbits/sec    0    197 KBytes       
[  5]   8.00-9.00   sec  4.25 MBytes  35.7 Mbits/sec    0    194 KBytes       
[  5]   9.00-10.00  sec  4.75 MBytes  39.8 Mbits/sec    0    197 KBytes       
[  5]  10.00-11.00  sec  4.75 MBytes  39.8 Mbits/sec    0    194 KBytes       
[  5]  11.00-12.00  sec  4.75 MBytes  39.8 Mbits/sec    0    195 KBytes       
[  5]  12.00-13.00  sec  4.75 MBytes  39.8 Mbits/sec    0    201 KBytes       
[  5]  13.00-14.00  sec  4.75 MBytes  39.8 Mbits/sec    0    201 KBytes       
[  5]  14.00-15.00  sec  4.75 MBytes  39.8 Mbits/sec    0    202 KBytes       
[  5]  15.00-16.00  sec  5.25 MBytes  44.0 Mbits/sec    0    212 KBytes       
[  5]  16.00-17.00  sec  4.75 MBytes  39.8 Mbits/sec    0    209 KBytes       
[  5]  17.00-18.00  sec  5.25 MBytes  44.0 Mbits/sec    0    226 KBytes       
[  5]  18.00-19.00  sec  4.88 MBytes  40.9 Mbits/sec    0    239 KBytes       
[  5]  19.00-20.00  sec  5.38 MBytes  45.1 Mbits/sec    0    242 KBytes       
[  5]  20.00-21.00  sec  5.00 MBytes  41.9 Mbits/sec    0    246 KBytes       
[  5]  21.00-22.00  sec  4.88 MBytes  40.9 Mbits/sec    0    240 KBytes       
[  5]  22.00-23.00  sec  5.50 MBytes  46.1 Mbits/sec    0    250 KBytes       
[  5]  23.00-24.00  sec  5.12 MBytes  43.0 Mbits/sec    0    257 KBytes       
[  5]  24.00-25.00  sec  5.00 MBytes  41.9 Mbits/sec    0    253 KBytes       
[  5]  25.00-26.00  sec  5.00 MBytes  41.9 Mbits/sec    0    255 KBytes       
[  5]  26.00-27.00  sec  5.00 MBytes  41.9 Mbits/sec    0    260 KBytes       
[  5]  27.00-28.00  sec  5.00 MBytes  41.9 Mbits/sec    0    262 KBytes       
[  5]  28.00-29.00  sec  5.50 MBytes  46.1 Mbits/sec    0    270 KBytes       
[  5]  29.00-30.00  sec  5.00 MBytes  41.9 Mbits/sec    0    267 KBytes       
- - - - - - - - - - - - - - - - - - - - - - - - -
[ ID] Interval           Transfer     Bitrate         Retr
[  5]   0.00-30.00  sec   134 MBytes  37.5 Mbits/sec    0             sender
[  5]   0.00-30.04  sec   133 MBytes  37.1 Mbits/sec                  receiver

iperf Done.
