Connecting to host 172.20.1.2, port 8081
[  5] local 172.20.1.1 port 41966 connected to 172.20.1.2 port 8081
[ ID] Interval           Transfer     Bitrate         Retr  Cwnd
[  5]   0.00-1.00   sec  2.12 MBytes  17.8 Mbits/sec    0   70.7 KBytes       
[  5]   1.00-2.00   sec  1.88 MBytes  15.7 Mbits/sec    0   89.1 KBytes       
[  5]   2.00-3.00   sec  2.38 MBytes  19.9 Mbits/sec    0    120 KBytes       
[  5]   3.00-4.00   sec  3.12 MBytes  26.2 Mbits/sec    0    146 KBytes       
[  5]   4.00-5.00   sec  3.50 MBytes  29.4 Mbits/sec    0    167 KBytes       
[  5]   5.00-6.00   sec  4.50 MBytes  37.7 Mbits/sec    0    185 KBytes       
[  5]   6.00-7.00   sec  4.38 MBytes  36.7 Mbits/sec    0    182 KBytes       
[  5]   7.00-8.00   sec  4.12 MBytes  34.6 Mbits/sec    0    177 KBytes       
[  5]   8.00-9.00   sec  4.12 MBytes  34.6 Mbits/sec    0    170 KBytes       
[  5]   9.00-10.00  sec  4.38 MBytes  36.7 Mbits/sec    0    178 KBytes       
[  5]  10.00-11.00  sec  4.12 MBytes  34.6 Mbits/sec    0    180 KBytes       
[  5]  11.00-12.00  sec  4.38 MBytes  36.7 Mbits/sec    0    180 KBytes       
[  5]  12.00-13.00  sec  4.12 MBytes  34.6 Mbits/sec    0    189 KBytes       
[  5]  13.00-14.00  sec  4.75 MBytes  39.8 Mbits/sec    0    187 KBytes       
[  5]  14.00-15.00  sec  4.50 MBytes  37.7 Mbits/sec    0    188 KBytes       
[  5]  15.00-16.00  sec  4.38 MBytes  36.7 Mbits/sec    0    198 KBytes       
[  5]  16.00-17.00  sec  4.75 MBytes  39.8 Mbits/sec    0    206 KBytes       
[  5]  17.00-18.00  sec  5.12 MBytes  43.0 Mbits/sec    0    198 KBytes       
[  5]  18.00-19.00  sec  4.25 MBytes  35.7 Mbits/sec    0    194 KBytes       
[  5]  19.00-20.00  sec  4.75 MBytes  39.8 Mbits/sec    0    202 KBytes       
[  5]  20.00-21.00  sec  4.75 MBytes  39.8 Mbits/sec    0    195 KBytes       
[  5]  21.00-22.00  sec  4.75 MBytes  39.8 Mbits/sec    0    198 KBytes       
[  5]  22.00-23.00  sec  4.75 MBytes  39.8 Mbits/sec    0    198 KBytes       
[  5]  23.00-24.00  sec  4.75 MBytes  39.8 Mbits/sec    0    209 KBytes       
[  5]  24.00-25.00  sec  5.25 MBytes  44.0 Mbits/sec    0    201 KBytes       
[  5]  25.00-26.00  sec  4.75 MBytes  39.8 Mbits/sec    0    209 KBytes       
[  5]  26.00-27.00  sec  5.12 MBytes  43.0 Mbits/sec    0    216 KBytes       
[  5]  27.00-28.00  sec  5.12 MBytes  43.0 Mbits/sec    0    230 KBytes       
[  5]  28.00-29.00  sec  4.88 MBytes  40.9 Mbits/sec    0    239 KBytes       
[  5]  29.00-30.00  sec  5.50 MBytes  46.1 Mbits/sec    0    239 KBytes       
- - - - - - - - - - - - - - - - - - - - - - - - -
[ ID] Interval           Transfer     Bitrate         Retr
[  5]   0.00-30.00  sec   129 MBytes  36.1 Mbits/sec    0             sender
[  5]   0.00-30.04  sec   128 MBytes  35.8 Mbits/sec                  receiver

iperf Done.
