-----------------------------------------------------------
Server listening on 8080 (test #1)
-----------------------------------------------------------
Accepted connection from 172.20.1.1, port 32940
[  5] local 172.20.1.2 port 8080 connected to 172.20.1.1 port 32942
[ ID] Interval           Transfer     Bitrate
[  5]   0.00-1.00   sec  3.88 MBytes  32.5 Mbits/sec                  
[  5]   1.00-2.00   sec  4.12 MBytes  34.6 Mbits/sec                  
[  5]   2.00-3.00   sec  3.38 MBytes  28.3 Mbits/sec                  
[  5]   3.00-4.00   sec  2.75 MBytes  23.1 Mbits/sec                  
[  5]   4.00-5.00   sec  1.88 MBytes  15.7 Mbits/sec                  
[  5]   5.00-6.00   sec  1.25 MBytes  10.5 Mbits/sec                  
[  5]   6.00-7.00   sec  1.12 MBytes  9.44 Mbits/sec                  
[  5]   7.00-8.00   sec  1.12 MBytes  9.44 Mbits/sec                  
[  5]   8.00-9.00   sec  1.12 MBytes  9.44 Mbits/sec                  
[  5]   9.00-10.00  sec  1.12 MBytes  9.44 Mbits/sec                  
[  5]  10.00-11.00  sec  1.12 MBytes  9.44 Mbits/sec                  
[  5]  11.00-12.00  sec  1.12 MBytes  9.44 Mbits/sec                  
[  5]  12.00-13.00  sec  1.12 MBytes  9.44 Mbits/sec                  
[  5]  13.00-14.00  sec  1.25 MBytes  10.5 Mbits/sec                  
[  5]  14.00-15.00  sec   896 KBytes  7.34 Mbits/sec                  
[  5]  15.00-16.00  sec   768 KBytes  6.29 Mbits/sec                  
[  5]  16.00-17.00  sec   512 KBytes  4.19 Mbits/sec                  
[  5]  17.00-18.00  sec   640 KBytes  5.24 Mbits/sec                  
[  5]  18.00-19.00  sec   512 KBytes  4.19 Mbits/sec                  
[  5]  19.00-20.00  sec   640 KBytes  5.24 Mbits/sec                  
[  5]  20.00-21.00  sec   512 KBytes  4.19 Mbits/sec                  
[  5]  21.00-22.00  sec   640 KBytes  5.24 Mbits/sec                  
[  5]  22.00-23.00  sec   512 KBytes  4.19 Mbits/sec                  
[  5]  23.00-24.00  sec   640 KBytes  5.24 Mbits/sec                  
[  5]  24.00-25.00  sec   512 KBytes  4.19 Mbits/sec                  
[  5]  25.00-26.00  sec   640 KBytes  5.24 Mbits/sec                  
[  5]  26.00-27.00  sec   512 KBytes  4.19 Mbits/sec                  
[  5]  27.00-28.00  sec   640 KBytes  5.24 Mbits/sec                  
[  5]  28.00-29.00  sec   512 KBytes  4.19 Mbits/sec                  
[  5]  29.00-30.00  sec   640 KBytes  5.24 Mbits/sec                  
- - - - - - - - - - - - - - - - - - - - - - - - -
[ ID] Interval           Transfer     Bitrate
[  5]   0.00-30.04  sec  35.9 MBytes  10.0 Mbits/sec                  receiver
iperf3: interrupt - the server has terminated
