Connecting to host 172.20.1.2, port 8081
[  5] local 172.20.1.1 port 34184 connected to 172.20.1.2 port 8081
[ ID] Interval           Transfer     Bitrate         Retr  Cwnd
[  5]   0.00-1.00   sec  1.62 MBytes  13.6 Mbits/sec    0   65.0 KBytes       
[  5]   1.00-2.00   sec  1.50 MBytes  12.6 Mbits/sec    0   84.8 KBytes       
[  5]   2.00-3.00   sec  1.38 MBytes  11.5 Mbits/sec    0    102 KBytes       
[  5]   3.00-4.00   sec  1.25 MBytes  10.5 Mbits/sec    0    116 KBytes       
[  5]   4.00-5.00   sec  1.50 MBytes  12.6 Mbits/sec    0    113 KBytes       
[  5]   5.00-6.00   sec  1.25 MBytes  10.5 Mbits/sec    0    112 KBytes       
[  5]   6.00-7.00   sec  1.50 MBytes  12.6 Mbits/sec    0    115 KBytes       
[  5]   7.00-8.00   sec  1.25 MBytes  10.5 Mbits/sec    0    113 KBytes       
[  5]   8.00-9.00   sec  1.50 MBytes  12.6 Mbits/sec    0    115 KBytes       
[  5]   9.00-10.00  sec  1.12 MBytes  9.43 Mbits/sec    0    113 KBytes       
[  5]  10.00-11.00  sec  1.50 MBytes  12.6 Mbits/sec    0    112 KBytes       
[  5]  11.00-12.00  sec  1.25 MBytes  10.5 Mbits/sec    0    115 KBytes       
[  5]  12.00-13.00  sec  1.50 MBytes  12.6 Mbits/sec    0    113 KBytes       
[  5]  13.00-14.00  sec  1.25 MBytes  10.5 Mbits/sec    0    115 KBytes       
[  5]  14.00-15.00  sec  1.50 MBytes  12.6 Mbits/sec    0    113 KBytes       
[  5]  15.00-16.00  sec  1.12 MBytes  9.44 Mbits/sec    0    112 KBytes       
[  5]  16.00-17.00  sec  1.50 MBytes  12.6 Mbits/sec    0    115 KBytes       
[  5]  17.00-18.00  sec  1.25 MBytes  10.5 Mbits/sec    0    113 KBytes       
[  5]  18.00-19.00  sec  1.50 MBytes  12.6 Mbits/sec    0    115 KBytes       
[  5]  19.00-20.00  sec  1.25 MBytes  10.5 Mbits/sec    0    113 KBytes       
[  5]  20.00-21.00  sec  1.50 MBytes  12.6 Mbits/sec    0    115 KBytes       
[  5]  21.00-22.00  sec  1.25 MBytes  10.5 Mbits/sec    0    115 KBytes       
[  5]  22.00-23.00  sec  1.38 MBytes  11.5 Mbits/sec    0    113 KBytes       
[  5]  23.00-24.00  sec  1.25 MBytes  10.5 Mbits/sec    0    115 KBytes       
[  5]  24.00-25.00  sec  1.50 MBytes  12.6 Mbits/sec    0    113 KBytes       
[  5]  25.00-26.00  sec  1.25 MBytes  10.5 Mbits/sec    0    116 KBytes       
[  5]  26.00-27.00  sec  1.50 MBytes  12.6 Mbits/sec    0    113 KBytes       
[  5]  27.00-28.00  sec  1.25 MBytes  10.5 Mbits/sec    0    112 KBytes       
[  5]  28.00-29.00  sec  1.38 MBytes  11.5 Mbits/sec    0    115 KBytes       
[  5]  29.00-30.00  sec  1.25 MBytes  10.5 Mbits/sec    0    113 KBytes       
- - - - - - - - - - - - - - - - - - - - - - - - -
[ ID] Interval           Transfer     Bitrate         Retr
[  5]   0.00-30.00  sec  41.0 MBytes  11.5 Mbits/sec    0             sender
[  5]   0.00-30.02  sec  40.6 MBytes  11.4 Mbits/sec                  receiver

iperf Done.
