-----------------------------------------------------------
Server listening on 8081 (test #1)
-----------------------------------------------------------
Accepted connection from 172.20.1.1, port 46250
[  5] local 172.20.1.2 port 8081 connected to 172.20.1.1 port 46266
[ ID] Interval           Transfer     Bitrate
[  5]   0.00-1.00   sec  5.62 MBytes  47.2 Mbits/sec                  
[  5]   1.00-2.00   sec  11.5 MBytes  96.5 Mbits/sec                  
[  5]   2.00-3.00   sec  9.75 MBytes  81.8 Mbits/sec                  
[  5]   3.00-4.00   sec  9.75 MBytes  81.8 Mbits/sec                  
[  5]   4.00-5.00   sec  9.88 MBytes  82.8 Mbits/sec                  
[  5]   5.00-6.00   sec  10.1 MBytes  84.9 Mbits/sec                  
[  5]   6.00-7.00   sec  10.1 MBytes  84.9 Mbits/sec                  
[  5]   7.00-8.00   sec  10.4 MBytes  87.0 Mbits/sec                  
[  5]   8.00-9.00   sec  10.5 MBytes  88.1 Mbits/sec                  
[  5]   9.00-10.00  sec  10.6 MBytes  89.1 Mbits/sec                  
[  5]  10.00-11.00  sec  10.8 MBytes  90.2 Mbits/sec                  
[  5]  11.00-12.00  sec  10.9 MBytes  91.2 Mbits/sec                  
[  5]  12.00-13.00  sec  11.0 MBytes  92.3 Mbits/sec                  
[  5]  13.00-14.00  sec  11.1 MBytes  93.3 Mbits/sec                  
[  5]  14.00-15.00  sec  11.2 MBytes  94.4 Mbits/sec                  
[  5]  15.00-16.00  sec  11.4 MBytes  95.4 Mbits/sec                  
[  5]  16.00-17.00  sec  11.6 MBytes  97.5 Mbits/sec                  
[  5]  17.00-18.00  sec  11.6 MBytes  97.5 Mbits/sec                  
[  5]  18.00-19.00  sec  11.9 MBytes  99.6 Mbits/sec                  
[  5]  19.00-20.00  sec  11.9 MBytes  99.6 Mbits/sec                  
[  5]  20.00-21.00  sec  12.1 MBytes   102 Mbits/sec                  
[  5]  21.00-22.00  sec  12.2 MBytes   103 Mbits/sec                  
[  5]  22.00-23.00  sec  12.4 MBytes   104 Mbits/sec                  
[  5]  23.00-24.00  sec  12.5 MBytes   105 Mbits/sec                  
[  5]  24.00-25.00  sec  12.6 MBytes   106 Mbits/sec                  
[  5]  25.00-26.00  sec  12.8 MBytes   107 Mbits/sec                  
[  5]  26.00-27.00  sec  13.0 MBytes   109 Mbits/sec                  
[  5]  27.00-28.00  sec  13.0 MBytes   109 Mbits/sec                  
[  5]  28.00-29.00  sec  13.2 MBytes   111 Mbits/sec                  
[  5]  29.00-30.00  sec  13.2 MBytes   111 Mbits/sec                  
[  5]  30.00-30.10  sec  1.38 MBytes   115 Mbits/sec                  
- - - - - - - - - - - - - - - - - - - - - - - - -
[ ID] Interval           Transfer     Bitrate
[  5]   0.00-30.10  sec   340 MBytes  94.8 Mbits/sec                  receiver
iperf3: interrupt - the server has terminated
