Connecting to host 10.0.0.1, port 5333
[  5] local 10.0.0.4 port 44400 connected to 10.0.0.1 port 5333
[ ID] Interval           Transfer     Bitrate         Retr  Cwnd
[  5]   0.00-1.00   sec  8.38 MBytes  70.2 Mbits/sec    0   2.48 MBytes       
[  5]   1.00-2.00   sec  10.9 MBytes  91.2 Mbits/sec    0    793 KBytes       
[  5]   2.00-3.00   sec  6.75 MBytes  56.6 Mbits/sec    0    807 KBytes       
[  5]   3.00-4.00   sec  8.12 MBytes  68.2 Mbits/sec    0    820 KBytes       
[  5]   4.00-5.00   sec  8.12 MBytes  68.1 Mbits/sec    0    834 KBytes       
[  5]   5.00-6.00   sec  8.12 MBytes  68.2 Mbits/sec    0    848 KBytes       
[  5]   6.00-7.00   sec  8.12 MBytes  68.2 Mbits/sec    0    863 KBytes       
[  5]   7.00-8.00   sec  8.12 MBytes  68.2 Mbits/sec    0    875 KBytes       
[  5]   8.00-9.00   sec  8.12 MBytes  68.2 Mbits/sec    0    889 KBytes       
[  5]   9.00-10.00  sec  8.12 MBytes  68.1 Mbits/sec    0    904 KBytes       
[  5]  10.00-11.00  sec  8.12 MBytes  68.2 Mbits/sec    0    918 KBytes       
[  5]  11.00-12.00  sec  9.50 MBytes  79.7 Mbits/sec    0    930 KBytes       
[  5]  12.00-13.00  sec  8.12 MBytes  68.2 Mbits/sec    0    945 KBytes       
[  5]  13.00-14.00  sec  9.50 MBytes  79.7 Mbits/sec    0    959 KBytes       
[  5]  14.00-15.00  sec  9.50 MBytes  79.7 Mbits/sec    0    973 KBytes       
[  5]  15.00-16.00  sec  8.12 MBytes  68.1 Mbits/sec    0    986 KBytes       
[  5]  16.00-17.00  sec  9.50 MBytes  79.7 Mbits/sec    0   1000 KBytes       
[  5]  17.00-18.00  sec  9.50 MBytes  79.7 Mbits/sec    0   1014 KBytes       
[  5]  18.00-19.00  sec  9.50 MBytes  79.7 Mbits/sec    0   1.00 MBytes       
[  5]  19.00-20.00  sec  9.50 MBytes  79.7 Mbits/sec    0   1.02 MBytes       
[  5]  20.00-21.00  sec  10.9 MBytes  91.2 Mbits/sec    0   1.03 MBytes       
[  5]  21.00-22.00  sec  9.50 MBytes  79.7 Mbits/sec    0   1.04 MBytes       
[  5]  22.00-23.00  sec  10.8 MBytes  90.2 Mbits/sec    0   1.06 MBytes       
[  5]  23.00-24.00  sec  9.50 MBytes  79.7 Mbits/sec    0   1.07 MBytes       
[  5]  24.00-25.00  sec  10.9 MBytes  91.2 Mbits/sec    0   1.08 MBytes       
[  5]  25.00-26.00  sec  10.9 MBytes  91.2 Mbits/sec    0   1.10 MBytes       
[  5]  26.00-27.00  sec  10.9 MBytes  91.2 Mbits/sec    0   1.11 MBytes       
[  5]  27.00-28.00  sec  9.50 MBytes  79.7 Mbits/sec    0   1.12 MBytes       
[  5]  28.00-29.00  sec  12.1 MBytes   102 Mbits/sec    0   1.14 MBytes       
[  5]  29.00-30.00  sec  10.9 MBytes  91.2 Mbits/sec    0   1.15 MBytes       
- - - - - - - - - - - - - - - - - - - - - - - - -
[ ID] Interval           Transfer     Bitrate         Retr
[  5]   0.00-30.00  sec   280 MBytes  78.2 Mbits/sec    0             sender
[  5]   0.00-30.10  sec   278 MBytes  77.4 Mbits/sec                  receiver

iperf Done.
