Connecting to host 10.0.0.1, port 5357
[  5] local 10.0.0.4 port 49984 connected to 10.0.0.1 port 5357
[ ID] Interval           Transfer     Bitrate         Retr  Cwnd
[  5]   0.00-1.00   sec  8.38 MBytes  70.2 Mbits/sec    0   2.57 MBytes       
[  5]   1.00-2.00   sec  10.8 MBytes  90.2 Mbits/sec    0    441 KBytes       
[  5]   2.00-3.00   sec  4.12 MBytes  34.6 Mbits/sec    0    455 KBytes       
[  5]   3.00-4.00   sec  4.00 MBytes  33.5 Mbits/sec    0    468 KBytes       
[  5]   4.00-5.00   sec  5.50 MBytes  46.1 Mbits/sec    0    482 KBytes       
[  5]   5.00-6.00   sec  4.00 MBytes  33.6 Mbits/sec    0    496 KBytes       
[  5]   6.00-7.00   sec  4.12 MBytes  34.6 Mbits/sec    0    509 KBytes       
[  5]   7.00-8.00   sec  5.38 MBytes  45.1 Mbits/sec    0    523 KBytes       
[  5]   8.00-9.00   sec  5.50 MBytes  46.1 Mbits/sec    0    537 KBytes       
[  5]   9.00-10.00  sec  5.38 MBytes  45.1 Mbits/sec    0    551 KBytes       
[  5]  10.00-11.00  sec  4.00 MBytes  33.5 Mbits/sec    0    564 KBytes       
[  5]  11.00-12.00  sec  5.50 MBytes  46.1 Mbits/sec    0    578 KBytes       
[  5]  12.00-13.00  sec  5.38 MBytes  45.1 Mbits/sec    0    592 KBytes       
[  5]  13.00-14.00  sec  6.75 MBytes  56.6 Mbits/sec    0    607 KBytes       
[  5]  14.00-15.00  sec  5.50 MBytes  46.1 Mbits/sec    0    619 KBytes       
[  5]  15.00-16.00  sec  5.38 MBytes  45.1 Mbits/sec    0    634 KBytes       
[  5]  16.00-17.00  sec  6.75 MBytes  56.6 Mbits/sec    0    648 KBytes       
[  5]  17.00-18.00  sec  5.50 MBytes  46.1 Mbits/sec    0    660 KBytes       
[  5]  18.00-19.00  sec  6.75 MBytes  56.6 Mbits/sec    0    675 KBytes       
[  5]  19.00-20.00  sec  6.75 MBytes  56.6 Mbits/sec    0    689 KBytes       
[  5]  20.00-21.00  sec  5.50 MBytes  46.1 Mbits/sec    0    703 KBytes       
[  5]  21.00-22.00  sec  6.75 MBytes  56.6 Mbits/sec    0    716 KBytes       
[  5]  22.00-23.00  sec  6.75 MBytes  56.6 Mbits/sec    0    730 KBytes       
[  5]  23.00-24.00  sec  6.75 MBytes  56.6 Mbits/sec    0    744 KBytes       
[  5]  24.00-25.00  sec  8.12 MBytes  68.2 Mbits/sec    0    758 KBytes       
[  5]  25.00-26.00  sec  6.88 MBytes  57.7 Mbits/sec    0    771 KBytes       
[  5]  26.00-27.00  sec  6.75 MBytes  56.6 Mbits/sec    0    785 KBytes       
[  5]  27.00-28.00  sec  8.12 MBytes  68.2 Mbits/sec    0    799 KBytes       
[  5]  28.00-29.00  sec  6.75 MBytes  56.6 Mbits/sec    0    813 KBytes       
[  5]  29.00-30.00  sec  8.12 MBytes  68.1 Mbits/sec    0    826 KBytes       
- - - - - - - - - - - - - - - - - - - - - - - - -
[ ID] Interval           Transfer     Bitrate         Retr
[  5]   0.00-30.00  sec   186 MBytes  52.0 Mbits/sec    0             sender
[  5]   0.00-30.10  sec   184 MBytes  51.3 Mbits/sec                  receiver

iperf Done.
