Connecting to host 172.20.1.2, port 8081
[  5] local 172.20.1.1 port 37894 connected to 172.20.1.2 port 8081
[ ID] Interval           Transfer     Bitrate         Retr  Cwnd
[  5]   0.00-1.00   sec  5.88 MBytes  49.2 Mbits/sec    0    576 KBytes       
[  5]   1.00-2.00   sec  5.38 MBytes  45.1 Mbits/sec    0    590 KBytes       
[  5]   2.00-3.00   sec  5.50 MBytes  46.1 Mbits/sec    0    604 KBytes       
[  5]   3.00-4.00   sec  6.75 MBytes  56.6 Mbits/sec    0    618 KBytes       
[  5]   4.00-5.00   sec  5.38 MBytes  45.1 Mbits/sec    0    585 KBytes       
[  5]   5.00-6.00   sec  5.50 MBytes  46.1 Mbits/sec    0    600 KBytes       
[  5]   6.00-7.00   sec  5.38 MBytes  45.1 Mbits/sec    0    614 KBytes       
[  5]   7.00-8.00   sec  6.75 MBytes  56.6 Mbits/sec    0    625 KBytes       
[  5]   8.00-9.00   sec  5.50 MBytes  46.1 Mbits/sec    0    638 KBytes       
[  5]   9.00-10.00  sec  6.75 MBytes  56.6 Mbits/sec    0    649 KBytes       
[  5]  10.00-11.00  sec  6.75 MBytes  56.6 Mbits/sec    0    663 KBytes       
[  5]  11.00-12.00  sec  5.38 MBytes  45.1 Mbits/sec    0    677 KBytes       
[  5]  12.00-13.00  sec  6.88 MBytes  57.7 Mbits/sec    0    691 KBytes       
[  5]  13.00-14.00  sec  6.75 MBytes  56.6 Mbits/sec    0    706 KBytes       
[  5]  14.00-15.00  sec  6.75 MBytes  56.6 Mbits/sec    0    718 KBytes       
[  5]  15.00-16.00  sec  6.75 MBytes  56.6 Mbits/sec    0    732 KBytes       
[  5]  16.00-17.00  sec  8.12 MBytes  68.2 Mbits/sec    0    747 KBytes       
[  5]  17.00-18.00  sec  6.88 MBytes  57.7 Mbits/sec    0    761 KBytes       
[  5]  18.00-19.00  sec  6.75 MBytes  56.6 Mbits/sec    0    775 KBytes       
[  5]  19.00-20.00  sec  8.12 MBytes  68.2 Mbits/sec    0    789 KBytes       
[  5]  20.00-21.00  sec  8.12 MBytes  68.2 Mbits/sec    0    803 KBytes       
[  5]  21.00-22.00  sec  6.75 MBytes  56.6 Mbits/sec    0    817 KBytes       
[  5]  22.00-23.00  sec  8.12 MBytes  68.2 Mbits/sec    0    831 KBytes       
[  5]  23.00-24.00  sec  8.12 MBytes  68.2 Mbits/sec    0    844 KBytes       
[  5]  24.00-25.00  sec  8.12 MBytes  68.2 Mbits/sec    0    858 KBytes       
[  5]  25.00-26.00  sec  8.25 MBytes  69.3 Mbits/sec    0    872 KBytes       
[  5]  26.00-27.00  sec  9.38 MBytes  78.6 Mbits/sec    0    885 KBytes       
[  5]  27.00-28.00  sec  8.25 MBytes  69.2 Mbits/sec    0    899 KBytes       
[  5]  28.00-29.00  sec  9.38 MBytes  78.6 Mbits/sec    0    912 KBytes       
[  5]  29.00-30.00  sec  8.25 MBytes  69.2 Mbits/sec    0    926 KBytes       
- - - - - - - - - - - - - - - - - - - - - - - - -
[ ID] Interval           Transfer     Bitrate         Retr
[  5]   0.00-30.00  sec   211 MBytes  58.9 Mbits/sec    0             sender
[  5]   0.00-30.10  sec   209 MBytes  58.2 Mbits/sec                  receiver

iperf Done.
