-----------------------------------------------------------
Server listening on 8081 (test #1)
-----------------------------------------------------------
Accepted connection from 172.20.1.1, port 34826
[  5] local 172.20.1.2 port 8081 connected to 172.20.1.1 port 34830
[ ID] Interval           Transfer     Bitrate
[  5]   0.00-1.00   sec  2.75 MBytes  23.1 Mbits/sec                  
[  5]   1.00-2.00   sec  1.75 MBytes  14.7 Mbits/sec                  
[  5]   2.00-3.00   sec  1.88 MBytes  15.7 Mbits/sec                  
[  5]   3.00-4.00   sec  2.00 MBytes  16.8 Mbits/sec                  
[  5]   4.00-5.00   sec  2.00 MBytes  16.8 Mbits/sec                  
[  5]   5.00-6.00   sec  2.00 MBytes  16.8 Mbits/sec                  
[  5]   6.00-7.00   sec  2.25 MBytes  18.9 Mbits/sec                  
[  5]   7.00-8.00   sec  2.25 MBytes  18.9 Mbits/sec                  
[  5]   8.00-9.00   sec  2.38 MBytes  19.9 Mbits/sec                  
[  5]   9.00-10.00  sec  2.50 MBytes  21.0 Mbits/sec                  
[  5]  10.00-11.00  sec  2.62 MBytes  22.0 Mbits/sec                  
[  5]  11.00-12.00  sec  2.88 MBytes  24.1 Mbits/sec                  
[  5]  12.00-13.00  sec  2.88 MBytes  24.1 Mbits/sec                  
[  5]  13.00-14.00  sec  3.12 MBytes  26.2 Mbits/sec                  
[  5]  14.00-15.00  sec  3.12 MBytes  26.2 Mbits/sec                  
[  5]  15.00-16.00  sec  3.38 MBytes  28.3 Mbits/sec                  
[  5]  16.00-17.00  sec  3.50 MBytes  29.4 Mbits/sec                  
[  5]  17.00-18.00  sec  3.62 MBytes  30.4 Mbits/sec                  
[  5]  18.00-19.00  sec  3.75 MBytes  31.5 Mbits/sec                  
[  5]  19.00-20.00  sec  3.88 MBytes  32.5 Mbits/sec                  
[  5]  20.00-21.00  sec  3.88 MBytes  32.5 Mbits/sec                  
[  5]  21.00-22.00  sec  4.12 MBytes  34.6 Mbits/sec                  
[  5]  22.00-23.00  sec  4.25 MBytes  35.7 Mbits/sec                  
[  5]  23.00-24.00  sec  4.50 MBytes  37.7 Mbits/sec                  
[  5]  24.00-25.00  sec  4.50 MBytes  37.7 Mbits/sec                  
[  5]  25.00-26.00  sec  4.62 MBytes  38.8 Mbits/sec                  
[  5]  26.00-27.00  sec  4.75 MBytes  39.8 Mbits/sec                  
[  5]  27.00-28.00  sec  4.88 MBytes  40.9 Mbits/sec                  
[  5]  28.00-29.00  sec  5.00 MBytes  41.9 Mbits/sec                  
[  5]  29.00-30.00  sec  5.12 MBytes  43.0 Mbits/sec                  
[  5]  30.00-30.10  sec   512 KBytes  41.7 Mbits/sec                  
- - - - - - - - - - - - - - - - - - - - - - - - -
[ ID] Interval           Transfer     Bitrate
[  5]   0.00-30.10  sec   101 MBytes  28.0 Mbits/sec                  receiver
iperf3: interrupt - the server has terminated
