-----------------------------------------------------------
Server listening on 8080 (test #1)
-----------------------------------------------------------
Accepted connection from 172.20.1.1, port 34238
[  5] local 172.20.1.2 port 8080 connected to 172.20.1.1 port 34252
[ ID] Interval           Transfer     Bitrate
[  5]   0.00-1.00   sec  4.12 MBytes  34.6 Mbits/sec                  
[  5]   1.00-2.00   sec  18.0 MBytes   151 Mbits/sec                  
[  5]   2.00-3.00   sec  19.6 MBytes   165 Mbits/sec                  
[  5]   3.00-4.00   sec  19.6 MBytes   165 Mbits/sec                  
[  5]   4.00-5.00   sec  19.5 MBytes   164 Mbits/sec                  
[  5]   5.00-6.00   sec  19.2 MBytes   161 Mbits/sec                  
[  5]   6.00-7.00   sec  19.1 MBytes   160 Mbits/sec                  
[  5]   7.00-8.00   sec  19.1 MBytes   160 Mbits/sec                  
[  5]   8.00-9.00   sec  19.0 MBytes   159 Mbits/sec                  
[  5]   9.00-10.00  sec  18.9 MBytes   158 Mbits/sec                  
[  5]  10.00-11.00  sec  18.6 MBytes   156 Mbits/sec                  
[  5]  11.00-12.00  sec  18.6 MBytes   156 Mbits/sec                  
[  5]  12.00-13.00  sec  18.5 MBytes   155 Mbits/sec                  
[  5]  13.00-14.00  sec  18.4 MBytes   154 Mbits/sec                  
[  5]  14.00-15.00  sec  18.1 MBytes   152 Mbits/sec                  
[  5]  15.00-16.00  sec  18.1 MBytes   152 Mbits/sec                  
[  5]  16.00-17.00  sec  17.9 MBytes   150 Mbits/sec                  
[  5]  17.00-18.00  sec  17.9 MBytes   150 Mbits/sec                  
[  5]  18.00-19.00  sec  17.6 MBytes   148 Mbits/sec                  
[  5]  19.00-20.00  sec  17.6 MBytes   148 Mbits/sec                  
[  5]  20.00-21.00  sec  17.4 MBytes   146 Mbits/sec                  
[  5]  21.00-22.00  sec  17.2 MBytes   145 Mbits/sec                  
[  5]  22.00-23.00  sec  17.1 MBytes   144 Mbits/sec                  
[  5]  23.00-24.00  sec  17.0 MBytes   143 Mbits/sec                  
[  5]  24.00-25.00  sec  16.9 MBytes   142 Mbits/sec                  
[  5]  25.00-26.00  sec  16.8 MBytes   140 Mbits/sec                  
[  5]  26.00-27.00  sec  16.6 MBytes   139 Mbits/sec                  
[  5]  27.00-28.00  sec  16.5 MBytes   138 Mbits/sec                  
[  5]  28.00-29.00  sec  16.4 MBytes   137 Mbits/sec                  
[  5]  29.00-30.00  sec  16.2 MBytes   136 Mbits/sec                  
[  5]  30.00-30.10  sec  1.62 MBytes   136 Mbits/sec                  
- - - - - - - - - - - - - - - - - - - - - - - - -
[ ID] Interval           Transfer     Bitrate
[  5]   0.00-30.10  sec   527 MBytes   147 Mbits/sec                  receiver
iperf3: interrupt - the server has terminated
