Connecting to host 172.20.1.2, port 8081
[  5] local 172.20.1.1 port 56270 connected to 172.20.1.2 port 8081
[ ID] Interval           Transfer     Bitrate         Retr  Cwnd
[  5]   0.00-1.00   sec  5.88 MBytes  49.2 Mbits/sec    0    314 KBytes       
[  5]   1.00-2.00   sec  2.62 MBytes  22.0 Mbits/sec    0    328 KBytes       
[  5]   2.00-3.00   sec  4.12 MBytes  34.6 Mbits/sec    0    342 KBytes       
[  5]   3.00-4.00   sec  2.75 MBytes  23.1 Mbits/sec    0    318 KBytes       
[  5]   4.00-5.00   sec  2.62 MBytes  22.0 Mbits/sec    0    332 KBytes       
[  5]   5.00-6.00   sec  4.12 MBytes  34.6 Mbits/sec    0    346 KBytes       
[  5]   6.00-7.00   sec  2.75 MBytes  23.1 Mbits/sec    0    359 KBytes       
[  5]   7.00-8.00   sec  4.00 MBytes  33.6 Mbits/sec    0    373 KBytes       
[  5]   8.00-9.00   sec  2.75 MBytes  23.1 Mbits/sec    0    386 KBytes       
[  5]   9.00-10.00  sec  4.00 MBytes  33.6 Mbits/sec    0    399 KBytes       
[  5]  10.00-11.00  sec  4.12 MBytes  34.6 Mbits/sec    0    413 KBytes       
[  5]  11.00-12.00  sec  4.00 MBytes  33.6 Mbits/sec    0    426 KBytes       
[  5]  12.00-13.00  sec  4.12 MBytes  34.6 Mbits/sec    0    440 KBytes       
[  5]  13.00-14.00  sec  4.12 MBytes  34.6 Mbits/sec    0    454 KBytes       
[  5]  14.00-15.00  sec  4.00 MBytes  33.6 Mbits/sec    0    468 KBytes       
[  5]  15.00-16.00  sec  5.38 MBytes  45.1 Mbits/sec    0    482 KBytes       
[  5]  16.00-17.00  sec  4.12 MBytes  34.6 Mbits/sec    0    496 KBytes       
[  5]  17.00-18.00  sec  5.38 MBytes  45.1 Mbits/sec    0    510 KBytes       
[  5]  18.00-19.00  sec  5.50 MBytes  46.1 Mbits/sec    0    523 KBytes       
[  5]  19.00-20.00  sec  4.00 MBytes  33.6 Mbits/sec    0    537 KBytes       
[  5]  20.00-21.00  sec  5.50 MBytes  46.1 Mbits/sec    0    551 KBytes       
[  5]  21.00-22.00  sec  5.38 MBytes  45.1 Mbits/sec    0    566 KBytes       
[  5]  22.00-23.00  sec  5.38 MBytes  45.1 Mbits/sec    0    580 KBytes       
[  5]  23.00-24.00  sec  5.50 MBytes  46.1 Mbits/sec    0    594 KBytes       
[  5]  24.00-25.00  sec  6.75 MBytes  56.6 Mbits/sec    0    607 KBytes       
[  5]  25.00-26.00  sec  5.38 MBytes  45.1 Mbits/sec    0    621 KBytes       
[  5]  26.00-27.00  sec  5.50 MBytes  46.1 Mbits/sec    0    634 KBytes       
[  5]  27.00-28.00  sec  6.75 MBytes  56.6 Mbits/sec    0    648 KBytes       
[  5]  28.00-29.00  sec  6.75 MBytes  56.6 Mbits/sec    0    662 KBytes       
[  5]  29.00-30.00  sec  5.50 MBytes  46.1 Mbits/sec    0    676 KBytes       
- - - - - - - - - - - - - - - - - - - - - - - - -
[ ID] Interval           Transfer     Bitrate         Retr
[  5]   0.00-30.00  sec   139 MBytes  38.8 Mbits/sec    0             sender
[  5]   0.00-30.10  sec   137 MBytes  38.2 Mbits/sec                  receiver

iperf Done.
