Connecting to host 172.20.1.2, port 8081
[  5] local 172.20.1.1 port 43362 connected to 172.20.1.2 port 8081
[ ID] Interval           Transfer     Bitrate         Retr  Cwnd
[  5]   0.00-1.00   sec  7.25 MBytes  60.8 Mbits/sec    0    560 KBytes       
[  5]   1.00-2.00   sec  5.38 MBytes  45.1 Mbits/sec    0    550 KBytes       
[  5]   2.00-3.00   sec  5.38 MBytes  45.1 Mbits/sec    0    564 KBytes       
[  5]   3.00-4.00   sec  5.50 MBytes  46.1 Mbits/sec    0    578 KBytes       
[  5]   4.00-5.00   sec  5.38 MBytes  45.1 Mbits/sec    0    592 KBytes       
[  5]   5.00-6.00   sec  5.50 MBytes  46.1 Mbits/sec    0    607 KBytes       
[  5]   6.00-7.00   sec  6.75 MBytes  56.6 Mbits/sec    0    621 KBytes       
[  5]   7.00-8.00   sec  5.38 MBytes  45.1 Mbits/sec    0    635 KBytes       
[  5]   8.00-9.00   sec  6.75 MBytes  56.6 Mbits/sec    0    649 KBytes       
[  5]   9.00-10.00  sec  5.50 MBytes  46.1 Mbits/sec    0    662 KBytes       
[  5]  10.00-11.00  sec  6.75 MBytes  56.6 Mbits/sec    0    676 KBytes       
[  5]  11.00-12.00  sec  6.75 MBytes  56.6 Mbits/sec    0    690 KBytes       
[  5]  12.00-13.00  sec  6.75 MBytes  56.6 Mbits/sec    0    704 KBytes       
[  5]  13.00-14.00  sec  6.88 MBytes  57.7 Mbits/sec    0    718 KBytes       
[  5]  14.00-15.00  sec  6.75 MBytes  56.6 Mbits/sec    0    732 KBytes       
[  5]  15.00-16.00  sec  6.75 MBytes  56.6 Mbits/sec    0    747 KBytes       
[  5]  16.00-17.00  sec  8.12 MBytes  68.2 Mbits/sec    0    761 KBytes       
[  5]  17.00-18.00  sec  6.75 MBytes  56.6 Mbits/sec    0    775 KBytes       
[  5]  18.00-19.00  sec  8.25 MBytes  69.2 Mbits/sec    0    789 KBytes       
[  5]  19.00-20.00  sec  6.75 MBytes  56.6 Mbits/sec    0    802 KBytes       
[  5]  20.00-21.00  sec  8.12 MBytes  68.2 Mbits/sec    0    816 KBytes       
[  5]  21.00-22.00  sec  8.12 MBytes  68.2 Mbits/sec    0    829 KBytes       
[  5]  22.00-23.00  sec  8.12 MBytes  68.2 Mbits/sec    0    843 KBytes       
[  5]  23.00-24.00  sec  8.12 MBytes  68.2 Mbits/sec    0    857 KBytes       
[  5]  24.00-25.00  sec  8.12 MBytes  68.2 Mbits/sec    0    871 KBytes       
[  5]  25.00-26.00  sec  8.12 MBytes  68.2 Mbits/sec    0    884 KBytes       
[  5]  26.00-27.00  sec  9.50 MBytes  79.7 Mbits/sec    0    898 KBytes       
[  5]  27.00-28.00  sec  8.12 MBytes  68.2 Mbits/sec    0    911 KBytes       
[  5]  28.00-29.00  sec  9.50 MBytes  79.7 Mbits/sec    0    925 KBytes       
[  5]  29.00-30.00  sec  8.12 MBytes  68.1 Mbits/sec    0    938 KBytes       
- - - - - - - - - - - - - - - - - - - - - - - - -
[ ID] Interval           Transfer     Bitrate         Retr
[  5]   0.00-30.00  sec   213 MBytes  59.6 Mbits/sec    0             sender
[  5]   0.00-30.10  sec   212 MBytes  59.1 Mbits/sec                  receiver

iperf Done.
