iperf3: interrupt - the server has terminated
-----------------------------------------------------------
Server listening on 5423 (test #1)
-----------------------------------------------------------
Accepted connection from 10.0.0.2, port 33562
[  5] local 10.0.0.1 port 5423 connected to 10.0.0.2 port 33572
[ ID] Interval           Transfer     Bitrate
[  5]   0.00-1.00   sec  5.25 MBytes  44.0 Mbits/sec                  
[  5]   1.00-2.00   sec  11.4 MBytes  95.4 Mbits/sec                  
[  5]   2.00-3.00   sec  7.50 MBytes  62.9 Mbits/sec                  
[  5]   3.00-4.00   sec  7.50 MBytes  62.9 Mbits/sec                  
[  5]   4.00-5.00   sec  7.62 MBytes  64.0 Mbits/sec                  
[  5]   5.00-6.00   sec  7.88 MBytes  66.1 Mbits/sec                  
[  5]   6.00-7.00   sec  8.00 MBytes  67.1 Mbits/sec                  
[  5]   7.00-8.00   sec  8.00 MBytes  67.1 Mbits/sec                  
[  5]   8.00-9.00   sec  8.25 MBytes  69.2 Mbits/sec                  
[  5]   9.00-10.00  sec  8.25 MBytes  69.2 Mbits/sec                  
[  5]  10.00-11.00  sec  8.50 MBytes  71.3 Mbits/sec                  
[  5]  11.00-12.00  sec  8.62 MBytes  72.4 Mbits/sec                  
[  5]  12.00-13.00  sec  8.62 MBytes  72.3 Mbits/sec                  
[  5]  13.00-14.00  sec  8.88 MBytes  74.5 Mbits/sec                  
[  5]  14.00-15.00  sec  9.00 MBytes  75.5 Mbits/sec                  
[  5]  15.00-16.00  sec  9.12 MBytes  76.5 Mbits/sec                  
[  5]  16.00-17.00  sec  9.12 MBytes  76.5 Mbits/sec                  
[  5]  17.00-18.00  sec  9.50 MBytes  79.7 Mbits/sec                  
[  5]  18.00-19.00  sec  9.50 MBytes  79.7 Mbits/sec                  
[  5]  19.00-20.00  sec  9.62 MBytes  80.7 Mbits/sec                  
[  5]  20.00-21.00  sec  9.62 MBytes  80.7 Mbits/sec                  
[  5]  21.00-22.00  sec  10.0 MBytes  83.9 Mbits/sec                  
[  5]  22.00-23.00  sec  10.0 MBytes  83.9 Mbits/sec                  
[  5]  23.00-24.00  sec  10.1 MBytes  84.9 Mbits/sec                  
[  5]  24.00-25.00  sec  10.2 MBytes  86.0 Mbits/sec                  
[  5]  25.00-26.00  sec  10.4 MBytes  87.0 Mbits/sec                  
[  5]  26.00-27.00  sec  10.5 MBytes  88.1 Mbits/sec                  
[  5]  27.00-28.00  sec  10.6 MBytes  89.1 Mbits/sec                  
[  5]  28.00-29.00  sec  10.9 MBytes  91.2 Mbits/sec                  
[  5]  29.00-30.00  sec  10.9 MBytes  91.2 Mbits/sec                  
[  5]  30.00-30.10  sec  1.12 MBytes  92.4 Mbits/sec                  
- - - - - - - - - - - - - - - - - - - - - - - - -
[ ID] Interval           Transfer     Bitrate
[  5]   0.00-30.10  sec   274 MBytes  76.5 Mbits/sec                  receiver
